Archive member included to satisfy reference by file (symbol)

C:/ST/STM32CubeCLT_1.16.0/GNU-tools-for-STM32/bin/../lib/gcc/arm-none-eabi/12.3.1/../../../../arm-none-eabi/lib/thumb/v6-m/nofp\libc_nano.a(libc_a-exit.o)
                              C:/ST/STM32CubeCLT_1.16.0/GNU-tools-for-STM32/bin/../lib/gcc/arm-none-eabi/12.3.1/../../../../arm-none-eabi/lib/thumb/v6-m/nofp/crt0.o (exit)
C:/ST/STM32CubeCLT_1.16.0/GNU-tools-for-STM32/bin/../lib/gcc/arm-none-eabi/12.3.1/../../../../arm-none-eabi/lib/thumb/v6-m/nofp\libc_nano.a(libc_a-findfp.o)
                              C:/ST/STM32CubeCLT_1.16.0/GNU-tools-for-STM32/bin/../lib/gcc/arm-none-eabi/12.3.1/../../../../arm-none-eabi/lib/thumb/v6-m/nofp\libc_nano.a(libc_a-exit.o) (__stdio_exit_handler)
C:/ST/STM32CubeCLT_1.16.0/GNU-tools-for-STM32/bin/../lib/gcc/arm-none-eabi/12.3.1/../../../../arm-none-eabi/lib/thumb/v6-m/nofp\libc_nano.a(libc_a-fwalk.o)
                              C:/ST/STM32CubeCLT_1.16.0/GNU-tools-for-STM32/bin/../lib/gcc/arm-none-eabi/12.3.1/../../../../arm-none-eabi/lib/thumb/v6-m/nofp\libc_nano.a(libc_a-findfp.o) (_fwalk_sglue)
C:/ST/STM32CubeCLT_1.16.0/GNU-tools-for-STM32/bin/../lib/gcc/arm-none-eabi/12.3.1/../../../../arm-none-eabi/lib/thumb/v6-m/nofp\libc_nano.a(libc_a-stdio.o)
                              C:/ST/STM32CubeCLT_1.16.0/GNU-tools-for-STM32/bin/../lib/gcc/arm-none-eabi/12.3.1/../../../../arm-none-eabi/lib/thumb/v6-m/nofp\libc_nano.a(libc_a-findfp.o) (__sread)
C:/ST/STM32CubeCLT_1.16.0/GNU-tools-for-STM32/bin/../lib/gcc/arm-none-eabi/12.3.1/../../../../arm-none-eabi/lib/thumb/v6-m/nofp\libc_nano.a(libc_a-memset.o)
                              C:/ST/STM32CubeCLT_1.16.0/GNU-tools-for-STM32/bin/../lib/gcc/arm-none-eabi/12.3.1/../../../../arm-none-eabi/lib/thumb/v6-m/nofp/crt0.o (memset)
C:/ST/STM32CubeCLT_1.16.0/GNU-tools-for-STM32/bin/../lib/gcc/arm-none-eabi/12.3.1/../../../../arm-none-eabi/lib/thumb/v6-m/nofp\libc_nano.a(libc_a-closer.o)
                              C:/ST/STM32CubeCLT_1.16.0/GNU-tools-for-STM32/bin/../lib/gcc/arm-none-eabi/12.3.1/../../../../arm-none-eabi/lib/thumb/v6-m/nofp\libc_nano.a(libc_a-stdio.o) (_close_r)
C:/ST/STM32CubeCLT_1.16.0/GNU-tools-for-STM32/bin/../lib/gcc/arm-none-eabi/12.3.1/../../../../arm-none-eabi/lib/thumb/v6-m/nofp\libc_nano.a(libc_a-reent.o)
                              C:/ST/STM32CubeCLT_1.16.0/GNU-tools-for-STM32/bin/../lib/gcc/arm-none-eabi/12.3.1/../../../../arm-none-eabi/lib/thumb/v6-m/nofp\libc_nano.a(libc_a-closer.o) (errno)
C:/ST/STM32CubeCLT_1.16.0/GNU-tools-for-STM32/bin/../lib/gcc/arm-none-eabi/12.3.1/../../../../arm-none-eabi/lib/thumb/v6-m/nofp\libc_nano.a(libc_a-impure.o)
                              C:/ST/STM32CubeCLT_1.16.0/GNU-tools-for-STM32/bin/../lib/gcc/arm-none-eabi/12.3.1/../../../../arm-none-eabi/lib/thumb/v6-m/nofp\libc_nano.a(libc_a-reent.o) (_impure_ptr)
C:/ST/STM32CubeCLT_1.16.0/GNU-tools-for-STM32/bin/../lib/gcc/arm-none-eabi/12.3.1/../../../../arm-none-eabi/lib/thumb/v6-m/nofp\libc_nano.a(libc_a-lseekr.o)
                              C:/ST/STM32CubeCLT_1.16.0/GNU-tools-for-STM32/bin/../lib/gcc/arm-none-eabi/12.3.1/../../../../arm-none-eabi/lib/thumb/v6-m/nofp\libc_nano.a(libc_a-stdio.o) (_lseek_r)
C:/ST/STM32CubeCLT_1.16.0/GNU-tools-for-STM32/bin/../lib/gcc/arm-none-eabi/12.3.1/../../../../arm-none-eabi/lib/thumb/v6-m/nofp\libc_nano.a(libc_a-readr.o)
                              C:/ST/STM32CubeCLT_1.16.0/GNU-tools-for-STM32/bin/../lib/gcc/arm-none-eabi/12.3.1/../../../../arm-none-eabi/lib/thumb/v6-m/nofp\libc_nano.a(libc_a-stdio.o) (_read_r)
C:/ST/STM32CubeCLT_1.16.0/GNU-tools-for-STM32/bin/../lib/gcc/arm-none-eabi/12.3.1/../../../../arm-none-eabi/lib/thumb/v6-m/nofp\libc_nano.a(libc_a-writer.o)
                              C:/ST/STM32CubeCLT_1.16.0/GNU-tools-for-STM32/bin/../lib/gcc/arm-none-eabi/12.3.1/../../../../arm-none-eabi/lib/thumb/v6-m/nofp\libc_nano.a(libc_a-stdio.o) (_write_r)
C:/ST/STM32CubeCLT_1.16.0/GNU-tools-for-STM32/bin/../lib/gcc/arm-none-eabi/12.3.1/../../../../arm-none-eabi/lib/thumb/v6-m/nofp\libc_nano.a(libc_a-init.o)
                              C:/ST/STM32CubeCLT_1.16.0/GNU-tools-for-STM32/bin/../lib/gcc/arm-none-eabi/12.3.1/../../../../arm-none-eabi/lib/thumb/v6-m/nofp/crt0.o (__libc_init_array)
C:/ST/STM32CubeCLT_1.16.0/GNU-tools-for-STM32/bin/../lib/gcc/arm-none-eabi/12.3.1/../../../../arm-none-eabi/lib/thumb/v6-m/nofp\libc_nano.a(libc_a-lock.o)
                              C:/ST/STM32CubeCLT_1.16.0/GNU-tools-for-STM32/bin/../lib/gcc/arm-none-eabi/12.3.1/../../../../arm-none-eabi/lib/thumb/v6-m/nofp\libc_nano.a(libc_a-findfp.o) (__retarget_lock_init_recursive)
C:/ST/STM32CubeCLT_1.16.0/GNU-tools-for-STM32/bin/../lib/gcc/arm-none-eabi/12.3.1/../../../../arm-none-eabi/lib/thumb/v6-m/nofp\libc_nano.a(libc_a-freer.o)
                              C:/ST/STM32CubeCLT_1.16.0/GNU-tools-for-STM32/bin/../lib/gcc/arm-none-eabi/12.3.1/../../../../arm-none-eabi/lib/thumb/v6-m/nofp\libc_nano.a(libc_a-reent.o) (_free_r)
[...]
Memory Configuration

Name             Origin             Length             Attributes
RAM              0x20000000         0x00001000         xrw
FLASH            0x08000000         0x00008000         xr
*default*        0x00000000         0xffffffff

Linker script and memory map

LOAD C:/ST/STM32CubeCLT_1.16.0/GNU-tools-for-STM32/bin/../lib/gcc/arm-none-eabi/12.3.1/thumb/v6-m/nofp/crti.o
LOAD C:/ST/STM32CubeCLT_1.16.0/GNU-tools-for-STM32/bin/../lib/gcc/arm-none-eabi/12.3.1/thumb/v6-m/nofp/crtbegin.o
LOAD C:/ST/STM32CubeCLT_1.16.0/GNU-tools-for-STM32/bin/../lib/gcc/arm-none-eabi/12.3.1/../../../../arm-none-eabi/lib/thumb/v6-m/nofp/crt0.o
START GROUP
LOAD C:/ST/STM32CubeCLT_1.16.0/GNU-tools-for-STM32/bin/../lib/gcc/arm-none-eabi/12.3.1/../../../../arm-none-eabi/lib/thumb/v6-m/nofp\libc_nano.a
LOAD C:/ST/STM32CubeCLT_1.16.0/GNU-tools-for-STM32/bin/../lib/gcc/arm-none-eabi/12.3.1/../../../../arm-none-eabi/lib/thumb/v6-m/nofp\libm.a
END GROUP
LOAD CMakeFiles/lvipanel_firmware.dir/Core/Src/gpio.c.obj
LOAD CMakeFiles/lvipanel_firmware.dir/Core/Src/i2c.c.obj
LOAD CMakeFiles/lvipanel_firmware.dir/Core/Src/lights.c.obj
LOAD CMakeFiles/lvipanel_firmware.dir/Core/Src/main.c.obj
LOAD CMakeFiles/lvipanel_firmware.dir/Core/Src/panel.c.obj
LOAD CMakeFiles/lvipanel_firmware.dir/Core/Src/peripherals.c.obj
LOAD CMakeFiles/lvipanel_firmware.dir/Core/Src/stm32f0xx_hal_msp.c.obj
LOAD CMakeFiles/lvipanel_firmware.dir/Core/Src/stm32f0xx_it.c.obj
LOAD CMakeFiles/lvipanel_firmware.dir/Core/Src/syscalls.c.obj
LOAD CMakeFiles/lvipanel_firmware.dir/Core/Src/sysmem.c.obj
LOAD CMakeFiles/lvipanel_firmware.dir/Core/Src/system_stm32f0xx.c.obj
LOAD CMakeFiles/lvipanel_firmware.dir/Core/Src/tim.c.obj
LOAD CMakeFiles/lvipanel_firmware.dir/Core/Src/timer.c.obj
LOAD CMakeFiles/lvipanel_firmware.dir/Core/Src/usart.c.obj
LOAD CMakeFiles/lvipanel_firmware.dir/Drivers/STM32F0xx_HAL_Driver/Src/stm32f0xx_hal_i2c.c.obj
LOAD CMakeFiles/lvipanel_firmware.dir/Drivers/STM32F0xx_HAL_Driver/Src/stm32f0xx_hal_i2c_ex.c.obj
LOAD CMakeFiles/lvipanel_firmware.dir/Drivers/STM32F0xx_HAL_Driver/Src/stm32f0xx_hal_rcc.c.obj
LOAD CMakeFiles/lvipanel_firmware.dir/Drivers/STM32F0xx_HAL_Driver/Src/stm32f0xx_hal_rcc_ex.c.obj
LOAD CMakeFiles/lvipanel_firmware.dir/Drivers/STM32F0xx_HAL_Driver/Src/stm32f0xx_hal.c.obj
LOAD CMakeFiles/lvipanel_firmware.dir/Drivers/STM32F0xx_HAL_Driver/Src/stm32f0xx_hal_gpio.c.obj
LOAD CMakeFiles/lvipanel_firmware.dir/Drivers/STM32F0xx_HAL_Driver/Src/stm32f0xx_hal_dma.c.obj
LOAD CMakeFiles/lvipanel_firmware.dir/Drivers/STM32F0xx_HAL_Driver/Src/stm32f0xx_hal_cortex.c.obj
LOAD CMakeFiles/lvipanel_firmware.dir/Drivers/STM32F0xx_HAL_Driver/Src/stm32f0xx_hal_pwr.c.obj
LOAD CMakeFiles/lvipanel_firmware.dir/Drivers/STM32F0xx_HAL_Driver/Src/stm32f0xx_hal_pwr_ex.c.obj
LOAD CMakeFiles/lvipanel_firmware.dir/Drivers/STM32F0xx_HAL_Driver/Src/stm32f0xx_hal_flash.c.obj
LOAD CMakeFiles/lvipanel_firmware.dir/Drivers/STM32F0xx_HAL_Driver/Src/stm32f0xx_hal_flash_ex.c.obj
LOAD CMakeFiles/lvipanel_firmware.dir/Drivers/STM32F0xx_HAL_Driver/Src/stm32f0xx_hal_exti.c.obj
LOAD CMakeFiles/lvipanel_firmware.dir/Drivers/STM32F0xx_HAL_Driver/Src/stm32f0xx_hal_tim.c.obj
LOAD CMakeFiles/lvipanel_firmware.dir/Drivers/STM32F0xx_HAL_Driver/Src/stm32f0xx_hal_tim_ex.c.obj
LOAD CMakeFiles/lvipanel_firmware.dir/Drivers/STM32F0xx_HAL_Driver/Src/stm32f0xx_hal_uart.c.obj
LOAD CMakeFiles/lvipanel_firmware.dir/Drivers/STM32F0xx_HAL_Driver/Src/stm32f0xx_hal_uart_ex.c.obj
LOAD CMakeFiles/lvipanel_firmware.dir/startup_stm32f030x6.s.obj
START GROUP
LOAD C:/ST/STM32CubeCLT_1.16.0/GNU-tools-for-STM32/bin/../lib/gcc/arm-none-eabi/12.3.1/thumb/v6-m/nofp\libgcc.a
LOAD C:/ST/STM32CubeCLT_1.16.0/GNU-tools-for-STM32/bin/../lib/gcc/arm-none-eabi/12.3.1/../../../../arm-none-eabi/lib/thumb/v6-m/nofp\libg_nano.a
LOAD C:/ST/STM32CubeCLT_1.16.0/GNU-tools-for-STM32/bin/../lib/gcc/arm-none-eabi/12.3.1/../../../../arm-none-eabi/lib/thumb/v6-m/nofp\libc_nano.a
END GROUP
START GROUP
LOAD C:/ST/STM32CubeCLT_1.16.0/GNU-tools-for-STM32/bin/../lib/gcc/arm-none-eabi/12.3.1/thumb/v6-m/nofp\libgcc.a
LOAD C:/ST/STM32CubeCLT_1.16.0/GNU-tools-for-STM32/bin/../lib/gcc/arm-none-eabi/12.3.1/../../../../arm-none-eabi/lib/thumb/v6-m/nofp\libc_nano.a
END GROUP
LOAD C:/ST/STM32CubeCLT_1.16.0/GNU-tools-for-STM32/bin/../lib/gcc/arm-none-eabi/12.3.1/thumb/v6-m/nofp/crtend.o
LOAD C:/ST/STM32CubeCLT_1.16.0/GNU-tools-for-STM32/bin/../lib/gcc/arm-none-eabi/12.3.1/thumb/v6-m/nofp/crtn.o
                0x20001000                        _estack = (ORIGIN (RAM) + LENGTH (RAM))
                0x00000200                        _Min_Heap_Size = 0x200
                0x00000400                        _Min_Stack_Size = 0x400

.isr_vector     0x08000000       0xc0
                0x08000000                        . = ALIGN (0x4)
 *(.isr_vector)
 .isr_vector    0x08000000       0xc0 CMakeFiles/lvipanel_firmware.dir/startup_stm32f030x6.s.obj
                0x08000000                g_pfnVectors
                0x080000c0                        . = ALIGN (0x4)

.text           0x080000c0     0x5b0c
                0x080000c0                        . = ALIGN (0x4)
 *(.text)
 .text          0x080000c0       0x48 C:/ST/STM32CubeCLT_1.16.0/GNU-tools-for-STM32/bin/../lib/gcc/arm-none-eabi/12.3.1/thumb/v6-m/nofp/crtbegin.o
 .text          0x08000108      0x114 C:/ST/STM32CubeCLT_1.16.0/GNU-tools-for-STM32/bin/../lib/gcc/arm-none-eabi/12.3.1/thumb/v6-m/nofp\libgcc.a(_udivsi3.o)
                0x08000108                __aeabi_uidiv
                0x08000108                __udivsi3
                0x08000214                __aeabi_uidivmod
 .text          0x0800021c        0x4 C:/ST/STM32CubeCLT_1.16.0/GNU-tools-for-STM32/bin/../lib/gcc/arm-none-eabi/12.3.1/thumb/v6-m/nofp\libgcc.a(_dvmd_tls.o)
                0x0800021c                __aeabi_idiv0
                0x0800021c                __aeabi_ldiv0
 *(.text*)
 .text.memset   0x08000220       0x10 C:/ST/STM32CubeCLT_1.16.0/GNU-tools-for-STM32/bin/../lib/gcc/arm-none-eabi/12.3.1/../../../../arm-none-eabi/lib/thumb/v6-m/nofp\libc_nano.a(libc_a-memset.o)
                0x08000220                memset
 .text.__libc_init_array
                0x08000230       0x48 C:/ST/STM32CubeCLT_1.16.0/GNU-tools-for-STM32/bin/../lib/gcc/arm-none-eabi/12.3.1/../../../../arm-none-eabi/lib/thumb/v6-m/nofp\libc_nano.a(libc_a-init.o)
                0x08000230                __libc_init_array
 .text.__retarget_lock_acquire_recursive
                0x08000278        0x2 C:/ST/STM32CubeCLT_1.16.0/GNU-tools-for-STM32/bin/../lib/gcc/arm-none-eabi/12.3.1/../../../../arm-none-eabi/lib/thumb/v6-m/nofp\libc_nano.a(libc_a-lock.o)
                0x08000278                __retarget_lock_acquire_recursive
 .text.__retarget_lock_release_recursive
                0x0800027a        0x2 C:/ST/STM32CubeCLT_1.16.0/GNU-tools-for-STM32/bin/../lib/gcc/arm-none-eabi/12.3.1/../../../../arm-none-eabi/lib/thumb/v6-m/nofp\libc_nano.a(libc_a-lock.o)
                0x0800027a                __retarget_lock_release_recursive
 .text.sbrk_aligned
                0x0800027c       0x44 C:/ST/STM32CubeCLT_1.16.0/GNU-tools-for-STM32/bin/../lib/gcc/arm-none-eabi/12.3.1/../../../../arm-none-eabi/lib/thumb/v6-m/nofp\libc_nano.a(libc_a-mallocr.o)
 .text._malloc_r
                0x080002c0      0x100 C:/ST/STM32CubeCLT_1.16.0/GNU-tools-for-STM32/bin/../lib/gcc/arm-none-eabi/12.3.1/../../../../arm-none-eabi/lib/thumb/v6-m/nofp\libc_nano.a(libc_a-mallocr.o)
                0x080002c0                _malloc_r
 .text.__malloc_lock
                0x080003c0       0x10 C:/ST/STM32CubeCLT_1.16.0/GNU-tools-for-STM32/bin/../lib/gcc/arm-none-eabi/12.3.1/../../../../arm-none-eabi/lib/thumb/v6-m/nofp\libc_nano.a(libc_a-mlock.o)
                0x080003c0                __malloc_lock
 .text.__malloc_unlock
                0x080003d0       0x10 C:/ST/STM32CubeCLT_1.16.0/GNU-tools-for-STM32/bin/../lib/gcc/arm-none-eabi/12.3.1/../../../../arm-none-eabi/lib/thumb/v6-m/nofp\libc_nano.a(libc_a-mlock.o)
                0x080003d0                __malloc_unlock
 .text._sbrk_r  0x080003e0       0x24 C:/ST/STM32CubeCLT_1.16.0/GNU-tools-for-STM32/bin/../lib/gcc/arm-none-eabi/12.3.1/../../../../arm-none-eabi/lib/thumb/v6-m/nofp\libc_nano.a(libc_a-sbrkr.o)
                0x080003e0                _sbrk_r
 .text.MX_GPIO_Init
                0x08000404       0xd0 CMakeFiles/lvipanel_firmware.dir/Core/Src/gpio.c.obj
                0x08000404                MX_GPIO_Init
 .text.MX_I2C1_Init
                0x080004d4       0x80 CMakeFiles/lvipanel_firmware.dir/Core/Src/i2c.c.obj
                0x080004d4                MX_I2C1_Init
 .text.HAL_I2C_MspInit
                0x08000554       0xc0 CMakeFiles/lvipanel_firmware.dir/Core/Src/i2c.c.obj
                0x08000554                HAL_I2C_MspInit
 .text.Lights_Init
                0x08000614       0xb2 CMakeFiles/lvipanel_firmware.dir/Core/Src/lights.c.obj
                0x08000614                Lights_Init
 .text.Lights_LinearIncrease
                0x080006c6       0x3c CMakeFiles/lvipanel_firmware.dir/Core/Src/lights.c.obj
                0x080006c6                Lights_LinearIncrease
 .text.Lights_LinearDecrease
                0x08000702       0x3e CMakeFiles/lvipanel_firmware.dir/Core/Src/lights.c.obj
                0x08000702                Lights_LinearDecrease
 .text.main     0x08000740       0x70 CMakeFiles/lvipanel_firmware.dir/Core/Src/main.c.obj
                0x08000740                main
 .text.SystemClock_Config
                0x080007b0       0xc8 CMakeFiles/lvipanel_firmware.dir/Core/Src/main.c.obj
                0x080007b0                SystemClock_Config
 .text.HAL_TIM_PeriodElapsedCallback
                0x08000878       0x30 CMakeFiles/lvipanel_firmware.dir/Core/Src/main.c.obj
                0x08000878                HAL_TIM_PeriodElapsedCallback
 .text.Error_Handler
                0x080008a8        0xc CMakeFiles/lvipanel_firmware.dir/Core/Src/main.c.obj
                0x080008a8                Error_Handler
 .text.Panel_Init
                0x080008b4       0x70 CMakeFiles/lvipanel_firmware.dir/Core/Src/panel.c.obj
                0x080008b4                Panel_Init
 .text.Panel_Scan
                0x08000924       0x12 CMakeFiles/lvipanel_firmware.dir/Core/Src/panel.c.obj
                0x08000924                Panel_Scan
 *fill*         0x08000936        0x2 
 .text.Panel_HandleEventPeripherals
                0x08000938       0xe4 CMakeFiles/lvipanel_firmware.dir/Core/Src/panel.c.obj
                0x08000938                Panel_HandleEventPeripherals
 .text.HAL_I2C_SlaveTxCpltCallback
                0x08000a1c       0x24 CMakeFiles/lvipanel_firmware.dir/Core/Src/panel.c.obj
                0x08000a1c                HAL_I2C_SlaveTxCpltCallback
 .text.HAL_I2C_SlaveRxCpltCallback
                0x08000a40       0x10 CMakeFiles/lvipanel_firmware.dir/Core/Src/panel.c.obj
                0x08000a40                HAL_I2C_SlaveRxCpltCallback
 .text.HAL_I2C_AddrCallback
                0x08000a50       0x74 CMakeFiles/lvipanel_firmware.dir/Core/Src/panel.c.obj
                0x08000a50                HAL_I2C_AddrCallback
 .text.HAL_I2C_ListenCpltCallback
                0x08000ac4       0x24 CMakeFiles/lvipanel_firmware.dir/Core/Src/panel.c.obj
                0x08000ac4                HAL_I2C_ListenCpltCallback
 .text.HAL_I2C_ErrorCallback
                0x08000ae8       0x38 CMakeFiles/lvipanel_firmware.dir/Core/Src/panel.c.obj
                0x08000ae8                HAL_I2C_ErrorCallback
 .text.Peripheral_ButtonInit
                0x08000b20       0xb8 CMakeFiles/lvipanel_firmware.dir/Core/Src/peripherals.c.obj
                0x08000b20                Peripheral_ButtonInit
 .text.Peripheral_ButtonScan
                0x08000bd8       0xc6 CMakeFiles/lvipanel_firmware.dir/Core/Src/peripherals.c.obj
                0x08000bd8                Peripheral_ButtonScan
 *fill*         0x08000c9e        0x2 
 .text.Peripheral_ButtonExec
                0x08000ca0      0x100 CMakeFiles/lvipanel_firmware.dir/Core/Src/peripherals.c.obj
                0x08000ca0                Peripheral_ButtonExec
 .text.Peripheral_EncoderInit
                0x08000da0       0x74 CMakeFiles/lvipanel_firmware.dir/Core/Src/peripherals.c.obj
                0x08000da0                Peripheral_EncoderInit
 .text.Peripheral_EncoderScan
                0x08000e14       0xe4 CMakeFiles/lvipanel_firmware.dir/Core/Src/peripherals.c.obj
                0x08000e14                Peripheral_EncoderScan
 .text.Peripheral_EncoderExec
                0x08000ef8       0x54 CMakeFiles/lvipanel_firmware.dir/Core/Src/peripherals.c.obj
                0x08000ef8                Peripheral_EncoderExec
 .text.Peripheral_InitGroup
                0x08000f4c      0x11c CMakeFiles/lvipanel_firmware.dir/Core/Src/peripherals.c.obj
                0x08000f4c                Peripheral_InitGroup
 .text.Peripheral_ScanGroup
                0x08001068       0xec CMakeFiles/lvipanel_firmware.dir/Core/Src/peripherals.c.obj
                0x08001068                Peripheral_ScanGroup
 .text.HAL_MspInit
                0x08001154       0x48 CMakeFiles/lvipanel_firmware.dir/Core/Src/stm32f0xx_hal_msp.c.obj
                0x08001154                HAL_MspInit
 .text.NMI_Handler
                0x0800119c        0x8 CMakeFiles/lvipanel_firmware.dir/Core/Src/stm32f0xx_it.c.obj
                0x0800119c                NMI_Handler
 .text.HardFault_Handler
                0x080011a4        0x8 CMakeFiles/lvipanel_firmware.dir/Core/Src/stm32f0xx_it.c.obj
                0x080011a4                HardFault_Handler
 .text.SVC_Handler
                0x080011ac        0xa CMakeFiles/lvipanel_firmware.dir/Core/Src/stm32f0xx_it.c.obj
                0x080011ac                SVC_Handler
 .text.PendSV_Handler
                0x080011b6        0xa CMakeFiles/lvipanel_firmware.dir/Core/Src/stm32f0xx_it.c.obj
                0x080011b6                PendSV_Handler
 .text.SysTick_Handler
                0x080011c0        0xe CMakeFiles/lvipanel_firmware.dir/Core/Src/stm32f0xx_it.c.obj
                0x080011c0                SysTick_Handler
 *fill*         0x080011ce        0x2 
 .text.TIM3_IRQHandler
                0x080011d0       0x18 CMakeFiles/lvipanel_firmware.dir/Core/Src/stm32f0xx_it.c.obj
                0x080011d0                TIM3_IRQHandler
 .text.TIM14_IRQHandler
                0x080011e8       0x18 CMakeFiles/lvipanel_firmware.dir/Core/Src/stm32f0xx_it.c.obj
                0x080011e8                TIM14_IRQHandler
 .text.I2C1_IRQHandler
                0x08001200       0x30 CMakeFiles/lvipanel_firmware.dir/Core/Src/stm32f0xx_it.c.obj
                0x08001200                I2C1_IRQHandler
 .text._sbrk    0x08001230       0x6c CMakeFiles/lvipanel_firmware.dir/Core/Src/sysmem.c.obj
                0x08001230                _sbrk
 .text.SystemInit
                0x0800129c        0xa CMakeFiles/lvipanel_firmware.dir/Core/Src/system_stm32f0xx.c.obj
                0x0800129c                SystemInit
 *fill*         0x080012a6        0x2 
 .text.MX_TIM3_Init
                0x080012a8      0x118 CMakeFiles/lvipanel_firmware.dir/Core/Src/tim.c.obj
                0x080012a8                MX_TIM3_Init
 .text.MX_TIM14_Init
                0x080013c0       0x4c CMakeFiles/lvipanel_firmware.dir/Core/Src/tim.c.obj
                0x080013c0                MX_TIM14_Init
 .text.HAL_TIM_Base_MspInit
                0x0800140c       0x88 CMakeFiles/lvipanel_firmware.dir/Core/Src/tim.c.obj
                0x0800140c                HAL_TIM_Base_MspInit
 .text.HAL_TIM_MspPostInit
                0x08001494       0x80 CMakeFiles/lvipanel_firmware.dir/Core/Src/tim.c.obj
                0x08001494                HAL_TIM_MspPostInit
 .text.timerInit
                0x08001514       0x24 CMakeFiles/lvipanel_firmware.dir/Core/Src/timer.c.obj
                0x08001514                timerInit
 .text.timerEnable
                0x08001538       0x16 CMakeFiles/lvipanel_firmware.dir/Core/Src/timer.c.obj
                0x08001538                timerEnable
 .text.timerDisable
                0x0800154e       0x1c CMakeFiles/lvipanel_firmware.dir/Core/Src/timer.c.obj
                0x0800154e                timerDisable
 .text.timerIsEnabled
                0x0800156a       0x14 CMakeFiles/lvipanel_firmware.dir/Core/Src/timer.c.obj
                0x0800156a                timerIsEnabled
 .text.timerCountUp
                0x0800157e       0x3a CMakeFiles/lvipanel_firmware.dir/Core/Src/timer.c.obj
                0x0800157e                timerCountUp
 .text.timerReset
                0x080015b8       0x16 CMakeFiles/lvipanel_firmware.dir/Core/Src/timer.c.obj
                0x080015b8                timerReset
 *fill*         0x080015ce        0x2 
 .text.MX_USART1_UART_Init
                0x080015d0       0x60 CMakeFiles/lvipanel_firmware.dir/Core/Src/usart.c.obj
                0x080015d0                MX_USART1_UART_Init
 .text.HAL_UART_MspInit
                0x08001630       0x9c CMakeFiles/lvipanel_firmware.dir/Core/Src/usart.c.obj
                0x08001630                HAL_UART_MspInit
 .text.HAL_I2C_Init
                0x080016cc      0x14c CMakeFiles/lvipanel_firmware.dir/Drivers/STM32F0xx_HAL_Driver/Src/stm32f0xx_hal_i2c.c.obj
                0x080016cc                HAL_I2C_Init
 .text.HAL_I2C_Slave_Seq_Transmit_IT
                0x08001818      0x180 CMakeFiles/lvipanel_firmware.dir/Drivers/STM32F0xx_HAL_Driver/Src/stm32f0xx_hal_i2c.c.obj
                0x08001818                HAL_I2C_Slave_Seq_Transmit_IT
 .text.HAL_I2C_Slave_Seq_Receive_IT
                0x08001998      0x184 CMakeFiles/lvipanel_firmware.dir/Drivers/STM32F0xx_HAL_Driver/Src/stm32f0xx_hal_i2c.c.obj
                0x08001998                HAL_I2C_Slave_Seq_Receive_IT
 .text.HAL_I2C_EnableListen_IT
                0x08001b1c       0x44 CMakeFiles/lvipanel_firmware.dir/Drivers/STM32F0xx_HAL_Driver/Src/stm32f0xx_hal_i2c.c.obj
                0x08001b1c                HAL_I2C_EnableListen_IT
 .text.HAL_I2C_EV_IRQHandler
                0x08001b60       0x34 CMakeFiles/lvipanel_firmware.dir/Drivers/STM32F0xx_HAL_Driver/Src/stm32f0xx_hal_i2c.c.obj
                0x08001b60                HAL_I2C_EV_IRQHandler
 .text.HAL_I2C_ER_IRQHandler
                0x08001b94       0xb2 CMakeFiles/lvipanel_firmware.dir/Drivers/STM32F0xx_HAL_Driver/Src/stm32f0xx_hal_i2c.c.obj
                0x08001b94                HAL_I2C_ER_IRQHandler
 .text.HAL_I2C_MasterTxCpltCallback
                0x08001c46       0x10 CMakeFiles/lvipanel_firmware.dir/Drivers/STM32F0xx_HAL_Driver/Src/stm32f0xx_hal_i2c.c.obj
                0x08001c46                HAL_I2C_MasterTxCpltCallback
 .text.HAL_I2C_MasterRxCpltCallback
                0x08001c56       0x10 CMakeFiles/lvipanel_firmware.dir/Drivers/STM32F0xx_HAL_Driver/Src/stm32f0xx_hal_i2c.c.obj
                0x08001c56                HAL_I2C_MasterRxCpltCallback
 .text.HAL_I2C_MemTxCpltCallback
                0x08001c66       0x10 CMakeFiles/lvipanel_firmware.dir/Drivers/STM32F0xx_HAL_Driver/Src/stm32f0xx_hal_i2c.c.obj
                0x08001c66                HAL_I2C_MemTxCpltCallback
 .text.HAL_I2C_MemRxCpltCallback
                0x08001c76       0x10 CMakeFiles/lvipanel_firmware.dir/Drivers/STM32F0xx_HAL_Driver/Src/stm32f0xx_hal_i2c.c.obj
                0x08001c76                HAL_I2C_MemRxCpltCallback
 .text.HAL_I2C_AbortCpltCallback
                0x08001c86       0x10 CMakeFiles/lvipanel_firmware.dir/Drivers/STM32F0xx_HAL_Driver/Src/stm32f0xx_hal_i2c.c.obj
                0x08001c86                HAL_I2C_AbortCpltCallback
 .text.HAL_I2C_GetError
                0x08001c96       0x14 CMakeFiles/lvipanel_firmware.dir/Drivers/STM32F0xx_HAL_Driver/Src/stm32f0xx_hal_i2c.c.obj
                0x08001c96                HAL_I2C_GetError
 *fill*         0x08001caa        0x2 
 .text.I2C_Slave_ISR_IT
                0x08001cac      0x200 CMakeFiles/lvipanel_firmware.dir/Drivers/STM32F0xx_HAL_Driver/Src/stm32f0xx_hal_i2c.c.obj
 .text.I2C_Master_ISR_DMA
                0x08001eac      0x214 CMakeFiles/lvipanel_firmware.dir/Drivers/STM32F0xx_HAL_Driver/Src/stm32f0xx_hal_i2c.c.obj
 .text.I2C_Mem_ISR_DMA
                0x080020c0      0x294 CMakeFiles/lvipanel_firmware.dir/Drivers/STM32F0xx_HAL_Driver/Src/stm32f0xx_hal_i2c.c.obj
 .text.I2C_Slave_ISR_DMA
                0x08002354      0x1d0 CMakeFiles/lvipanel_firmware.dir/Drivers/STM32F0xx_HAL_Driver/Src/stm32f0xx_hal_i2c.c.obj
 .text.I2C_ITAddrCplt
                0x08002524      0x148 CMakeFiles/lvipanel_firmware.dir/Drivers/STM32F0xx_HAL_Driver/Src/stm32f0xx_hal_i2c.c.obj
 .text.I2C_ITMasterSeqCplt
                0x0800266c       0x82 CMakeFiles/lvipanel_firmware.dir/Drivers/STM32F0xx_HAL_Driver/Src/stm32f0xx_hal_i2c.c.obj
 *fill*         0x080026ee        0x2 
 .text.I2C_ITSlaveSeqCplt
                0x080026f0       0xc8 CMakeFiles/lvipanel_firmware.dir/Drivers/STM32F0xx_HAL_Driver/Src/stm32f0xx_hal_i2c.c.obj
 .text.I2C_ITMasterCplt
                0x080027b8      0x19c CMakeFiles/lvipanel_firmware.dir/Drivers/STM32F0xx_HAL_Driver/Src/stm32f0xx_hal_i2c.c.obj
 .text.I2C_ITSlaveCplt
                0x08002954      0x310 CMakeFiles/lvipanel_firmware.dir/Drivers/STM32F0xx_HAL_Driver/Src/stm32f0xx_hal_i2c.c.obj
 .text.I2C_ITListenCplt
                0x08002c64       0xb0 CMakeFiles/lvipanel_firmware.dir/Drivers/STM32F0xx_HAL_Driver/Src/stm32f0xx_hal_i2c.c.obj
 .text.I2C_ITError
                0x08002d14      0x204 CMakeFiles/lvipanel_firmware.dir/Drivers/STM32F0xx_HAL_Driver/Src/stm32f0xx_hal_i2c.c.obj
 .text.I2C_TreatErrorCallback
                0x08002f18       0x52 CMakeFiles/lvipanel_firmware.dir/Drivers/STM32F0xx_HAL_Driver/Src/stm32f0xx_hal_i2c.c.obj
 .text.I2C_Flush_TXDR
                0x08002f6a       0x44 CMakeFiles/lvipanel_firmware.dir/Drivers/STM32F0xx_HAL_Driver/Src/stm32f0xx_hal_i2c.c.obj
 .text.I2C_DMAAbort
                0x08002fae       0x3e CMakeFiles/lvipanel_firmware.dir/Drivers/STM32F0xx_HAL_Driver/Src/stm32f0xx_hal_i2c.c.obj
 .text.I2C_TransferConfig
                0x08002fec       0x74 CMakeFiles/lvipanel_firmware.dir/Drivers/STM32F0xx_HAL_Driver/Src/stm32f0xx_hal_i2c.c.obj
 .text.I2C_Enable_IRQ
                0x08003060      0x114 CMakeFiles/lvipanel_firmware.dir/Drivers/STM32F0xx_HAL_Driver/Src/stm32f0xx_hal_i2c.c.obj
 .text.I2C_Disable_IRQ
                0x08003174       0xc6 CMakeFiles/lvipanel_firmware.dir/Drivers/STM32F0xx_HAL_Driver/Src/stm32f0xx_hal_i2c.c.obj
 *fill*         0x0800323a        0x2 
 .text.HAL_I2CEx_ConfigAnalogFilter
                0x0800323c       0x98 CMakeFiles/lvipanel_firmware.dir/Drivers/STM32F0xx_HAL_Driver/Src/stm32f0xx_hal_i2c_ex.c.obj
                0x0800323c                HAL_I2CEx_ConfigAnalogFilter
 .text.HAL_I2CEx_ConfigDigitalFilter
                0x080032d4       0x98 CMakeFiles/lvipanel_firmware.dir/Drivers/STM32F0xx_HAL_Driver/Src/stm32f0xx_hal_i2c_ex.c.obj
                0x080032d4                HAL_I2CEx_ConfigDigitalFilter
 .text.HAL_I2CEx_EnableFastModePlus
                0x0800336c       0x3c CMakeFiles/lvipanel_firmware.dir/Drivers/STM32F0xx_HAL_Driver/Src/stm32f0xx_hal_i2c_ex.c.obj
                0x0800336c                HAL_I2CEx_EnableFastModePlus
 .text.HAL_RCC_OscConfig
                0x080033a8      0x634 CMakeFiles/lvipanel_firmware.dir/Drivers/STM32F0xx_HAL_Driver/Src/stm32f0xx_hal_rcc.c.obj
                0x080033a8                HAL_RCC_OscConfig
 .text.HAL_RCC_ClockConfig
                0x080039dc      0x19c CMakeFiles/lvipanel_firmware.dir/Drivers/STM32F0xx_HAL_Driver/Src/stm32f0xx_hal_rcc.c.obj
                0x080039dc                HAL_RCC_ClockConfig
 .text.HAL_RCC_GetSysClockFreq
                0x08003b78       0xac CMakeFiles/lvipanel_firmware.dir/Drivers/STM32F0xx_HAL_Driver/Src/stm32f0xx_hal_rcc.c.obj
                0x08003b78                HAL_RCC_GetSysClockFreq
 .text.HAL_RCC_GetHCLKFreq
                0x08003c24       0x14 CMakeFiles/lvipanel_firmware.dir/Drivers/STM32F0xx_HAL_Driver/Src/stm32f0xx_hal_rcc.c.obj
                0x08003c24                HAL_RCC_GetHCLKFreq
 .text.HAL_RCC_GetPCLK1Freq
                0x08003c38       0x2c CMakeFiles/lvipanel_firmware.dir/Drivers/STM32F0xx_HAL_Driver/Src/stm32f0xx_hal_rcc.c.obj
                0x08003c38                HAL_RCC_GetPCLK1Freq
 .text.HAL_RCCEx_PeriphCLKConfig
                0x08003c64      0x19c CMakeFiles/lvipanel_firmware.dir/Drivers/STM32F0xx_HAL_Driver/Src/stm32f0xx_hal_rcc_ex.c.obj
                0x08003c64                HAL_RCCEx_PeriphCLKConfig
 .text.HAL_Init
                0x08003e00       0x28 CMakeFiles/lvipanel_firmware.dir/Drivers/STM32F0xx_HAL_Driver/Src/stm32f0xx_hal.c.obj
                0x08003e00                HAL_Init
 .text.HAL_InitTick
                0x08003e28       0x68 CMakeFiles/lvipanel_firmware.dir/Drivers/STM32F0xx_HAL_Driver/Src/stm32f0xx_hal.c.obj
                0x08003e28                HAL_InitTick
 .text.HAL_IncTick
                0x08003e90       0x24 CMakeFiles/lvipanel_firmware.dir/Drivers/STM32F0xx_HAL_Driver/Src/stm32f0xx_hal.c.obj
                0x08003e90                HAL_IncTick
 .text.HAL_GetTick
                0x08003eb4       0x14 CMakeFiles/lvipanel_firmware.dir/Drivers/STM32F0xx_HAL_Driver/Src/stm32f0xx_hal.c.obj
                0x08003eb4                HAL_GetTick
 .text.HAL_GPIO_Init
                0x08003ec8      0x2e0 CMakeFiles/lvipanel_firmware.dir/Drivers/STM32F0xx_HAL_Driver/Src/stm32f0xx_hal_gpio.c.obj
                0x08003ec8                HAL_GPIO_Init
 .text.HAL_GPIO_ReadPin
                0x080041a8       0x3a CMakeFiles/lvipanel_firmware.dir/Drivers/STM32F0xx_HAL_Driver/Src/stm32f0xx_hal_gpio.c.obj
                0x080041a8                HAL_GPIO_ReadPin
 .text.HAL_GPIO_WritePin
                0x080041e2       0x3a CMakeFiles/lvipanel_firmware.dir/Drivers/STM32F0xx_HAL_Driver/Src/stm32f0xx_hal_gpio.c.obj
                0x080041e2                HAL_GPIO_WritePin
 .text.HAL_DMA_Abort_IT
                0x0800421c       0x8a CMakeFiles/lvipanel_firmware.dir/Drivers/STM32F0xx_HAL_Driver/Src/stm32f0xx_hal_dma.c.obj
                0x0800421c                HAL_DMA_Abort_IT
 .text.HAL_DMA_GetState
                0x080042a6       0x18 CMakeFiles/lvipanel_firmware.dir/Drivers/STM32F0xx_HAL_Driver/Src/stm32f0xx_hal_dma.c.obj
                0x080042a6                HAL_DMA_GetState
 *fill*         0x080042be        0x2 
 .text.__NVIC_EnableIRQ
                0x080042c0       0x34 CMakeFiles/lvipanel_firmware.dir/Drivers/STM32F0xx_HAL_Driver/Src/stm32f0xx_hal_cortex.c.obj
 .text.__NVIC_SetPriority
                0x080042f4       0xdc CMakeFiles/lvipanel_firmware.dir/Drivers/STM32F0xx_HAL_Driver/Src/stm32f0xx_hal_cortex.c.obj
 .text.SysTick_Config
                0x080043d0       0x48 CMakeFiles/lvipanel_firmware.dir/Drivers/STM32F0xx_HAL_Driver/Src/stm32f0xx_hal_cortex.c.obj
 .text.HAL_NVIC_SetPriority
                0x08004418       0x2a CMakeFiles/lvipanel_firmware.dir/Drivers/STM32F0xx_HAL_Driver/Src/stm32f0xx_hal_cortex.c.obj
                0x08004418                HAL_NVIC_SetPriority
 .text.HAL_NVIC_EnableIRQ
                0x08004442       0x20 CMakeFiles/lvipanel_firmware.dir/Drivers/STM32F0xx_HAL_Driver/Src/stm32f0xx_hal_cortex.c.obj
                0x08004442                HAL_NVIC_EnableIRQ
 .text.HAL_SYSTICK_Config
                0x08004462       0x1a CMakeFiles/lvipanel_firmware.dir/Drivers/STM32F0xx_HAL_Driver/Src/stm32f0xx_hal_cortex.c.obj
                0x08004462                HAL_SYSTICK_Config
 .text.HAL_TIM_Base_Init
                0x0800447c       0xa0 CMakeFiles/lvipanel_firmware.dir/Drivers/STM32F0xx_HAL_Driver/Src/stm32f0xx_hal_tim.c.obj
                0x0800447c                HAL_TIM_Base_Init
 .text.HAL_TIM_Base_Start_IT
                0x0800451c       0x8c CMakeFiles/lvipanel_firmware.dir/Drivers/STM32F0xx_HAL_Driver/Src/stm32f0xx_hal_tim.c.obj
                0x0800451c                HAL_TIM_Base_Start_IT
 .text.HAL_TIM_PWM_Init
                0x080045a8       0xa0 CMakeFiles/lvipanel_firmware.dir/Drivers/STM32F0xx_HAL_Driver/Src/stm32f0xx_hal_tim.c.obj
                0x080045a8                HAL_TIM_PWM_Init
 .text.HAL_TIM_PWM_MspInit
                0x08004648       0x10 CMakeFiles/lvipanel_firmware.dir/Drivers/STM32F0xx_HAL_Driver/Src/stm32f0xx_hal_tim.c.obj
                0x08004648                HAL_TIM_PWM_MspInit
 .text.HAL_TIM_PWM_Start
                0x08004658      0x14c CMakeFiles/lvipanel_firmware.dir/Drivers/STM32F0xx_HAL_Driver/Src/stm32f0xx_hal_tim.c.obj
                0x08004658                HAL_TIM_PWM_Start
 .text.HAL_TIM_IRQHandler
                0x080047a4      0x1dc CMakeFiles/lvipanel_firmware.dir/Drivers/STM32F0xx_HAL_Driver/Src/stm32f0xx_hal_tim.c.obj
                0x080047a4                HAL_TIM_IRQHandler
 .text.HAL_TIM_PWM_ConfigChannel
                0x08004980      0x18c CMakeFiles/lvipanel_firmware.dir/Drivers/STM32F0xx_HAL_Driver/Src/stm32f0xx_hal_tim.c.obj
                0x08004980                HAL_TIM_PWM_ConfigChannel
 .text.HAL_TIM_ConfigClockSource
                0x08004b0c      0x1a8 CMakeFiles/lvipanel_firmware.dir/Drivers/STM32F0xx_HAL_Driver/Src/stm32f0xx_hal_tim.c.obj
                0x08004b0c                HAL_TIM_ConfigClockSource
 .text.HAL_TIM_OC_DelayElapsedCallback
                0x08004cb4       0x10 CMakeFiles/lvipanel_firmware.dir/Drivers/STM32F0xx_HAL_Driver/Src/stm32f0xx_hal_tim.c.obj
                0x08004cb4                HAL_TIM_OC_DelayElapsedCallback
 .text.HAL_TIM_IC_CaptureCallback
                0x08004cc4       0x10 CMakeFiles/lvipanel_firmware.dir/Drivers/STM32F0xx_HAL_Driver/Src/stm32f0xx_hal_tim.c.obj
                0x08004cc4                HAL_TIM_IC_CaptureCallback
 .text.HAL_TIM_PWM_PulseFinishedCallback
                0x08004cd4       0x10 CMakeFiles/lvipanel_firmware.dir/Drivers/STM32F0xx_HAL_Driver/Src/stm32f0xx_hal_tim.c.obj
                0x08004cd4                HAL_TIM_PWM_PulseFinishedCallback
 .text.HAL_TIM_TriggerCallback
                0x08004ce4       0x10 CMakeFiles/lvipanel_firmware.dir/Drivers/STM32F0xx_HAL_Driver/Src/stm32f0xx_hal_tim.c.obj
                0x08004ce4                HAL_TIM_TriggerCallback
 .text.TIM_Base_SetConfig
                0x08004cf4       0xf4 CMakeFiles/lvipanel_firmware.dir/Drivers/STM32F0xx_HAL_Driver/Src/stm32f0xx_hal_tim.c.obj
                0x08004cf4                TIM_Base_SetConfig
 .text.TIM_OC1_SetConfig
                0x08004de8       0xfc CMakeFiles/lvipanel_firmware.dir/Drivers/STM32F0xx_HAL_Driver/Src/stm32f0xx_hal_tim.c.obj
 .text.TIM_OC2_SetConfig
                0x08004ee4       0xfc CMakeFiles/lvipanel_firmware.dir/Drivers/STM32F0xx_HAL_Driver/Src/stm32f0xx_hal_tim.c.obj
                0x08004ee4                TIM_OC2_SetConfig
 .text.TIM_OC3_SetConfig
                0x08004fe0      0x100 CMakeFiles/lvipanel_firmware.dir/Drivers/STM32F0xx_HAL_Driver/Src/stm32f0xx_hal_tim.c.obj
 .text.TIM_OC4_SetConfig
                0x080050e0       0xc8 CMakeFiles/lvipanel_firmware.dir/Drivers/STM32F0xx_HAL_Driver/Src/stm32f0xx_hal_tim.c.obj
 .text.TIM_TI1_ConfigInputStage
                0x080051a8       0x5c CMakeFiles/lvipanel_firmware.dir/Drivers/STM32F0xx_HAL_Driver/Src/stm32f0xx_hal_tim.c.obj
 .text.TIM_TI2_ConfigInputStage
                0x08005204       0x64 CMakeFiles/lvipanel_firmware.dir/Drivers/STM32F0xx_HAL_Driver/Src/stm32f0xx_hal_tim.c.obj
 .text.TIM_ITRx_SetConfig
                0x08005268       0x32 CMakeFiles/lvipanel_firmware.dir/Drivers/STM32F0xx_HAL_Driver/Src/stm32f0xx_hal_tim.c.obj
 *fill*         0x0800529a        0x2 
 .text.TIM_ETR_SetConfig
                0x0800529c       0x40 CMakeFiles/lvipanel_firmware.dir/Drivers/STM32F0xx_HAL_Driver/Src/stm32f0xx_hal_tim.c.obj
                0x0800529c                TIM_ETR_SetConfig
 .text.TIM_CCxChannelCmd
                0x080052dc       0x46 CMakeFiles/lvipanel_firmware.dir/Drivers/STM32F0xx_HAL_Driver/Src/stm32f0xx_hal_tim.c.obj
                0x080052dc                TIM_CCxChannelCmd
 *fill*         0x08005322        0x2 
 .text.HAL_TIMEx_MasterConfigSynchronization
                0x08005324       0xa4 CMakeFiles/lvipanel_firmware.dir/Drivers/STM32F0xx_HAL_Driver/Src/stm32f0xx_hal_tim_ex.c.obj
                0x08005324                HAL_TIMEx_MasterConfigSynchronization
 .text.HAL_TIMEx_CommutCallback
                0x080053c8       0x10 CMakeFiles/lvipanel_firmware.dir/Drivers/STM32F0xx_HAL_Driver/Src/stm32f0xx_hal_tim_ex.c.obj
                0x080053c8                HAL_TIMEx_CommutCallback
 .text.HAL_TIMEx_BreakCallback
                0x080053d8       0x10 CMakeFiles/lvipanel_firmware.dir/Drivers/STM32F0xx_HAL_Driver/Src/stm32f0xx_hal_tim_ex.c.obj
                0x080053d8                HAL_TIMEx_BreakCallback
 .text.HAL_UART_Init
                0x080053e8       0xa8 CMakeFiles/lvipanel_firmware.dir/Drivers/STM32F0xx_HAL_Driver/Src/stm32f0xx_hal_uart.c.obj
                0x080053e8                HAL_UART_Init
 .text.UART_SetConfig
                0x08005490      0x250 CMakeFiles/lvipanel_firmware.dir/Drivers/STM32F0xx_HAL_Driver/Src/stm32f0xx_hal_uart.c.obj
                0x08005490                UART_SetConfig
 .text.UART_AdvFeatureConfig
                0x080056e0      0x168 CMakeFiles/lvipanel_firmware.dir/Drivers/STM32F0xx_HAL_Driver/Src/stm32f0xx_hal_uart.c.obj
                0x080056e0                UART_AdvFeatureConfig
 .text.UART_CheckIdleState
                0x08005848      0x150 CMakeFiles/lvipanel_firmware.dir/Drivers/STM32F0xx_HAL_Driver/Src/stm32f0xx_hal_uart.c.obj
                0x08005848                UART_CheckIdleState
 .text.UART_WaitOnFlagUntilTimeout
                0x08005998       0xde CMakeFiles/lvipanel_firmware.dir/Drivers/STM32F0xx_HAL_Driver/Src/stm32f0xx_hal_uart.c.obj
                0x08005998                UART_WaitOnFlagUntilTimeout
 *fill*         0x08005a76        0x2 
 .text.UART_EndRxTransfer
                0x08005a78       0xc8 CMakeFiles/lvipanel_firmware.dir/Drivers/STM32F0xx_HAL_Driver/Src/stm32f0xx_hal_uart.c.obj
 .text.Reset_Handler
                0x08005b40       0x50 CMakeFiles/lvipanel_firmware.dir/startup_stm32f030x6.s.obj
                0x08005b40                Reset_Handler
 .text.Default_Handler
                0x08005b90        0x2 CMakeFiles/lvipanel_firmware.dir/startup_stm32f030x6.s.obj
                0x08005b90                TIM1_CC_IRQHandler
                0x08005b90                SPI1_IRQHandler
                0x08005b90                EXTI2_3_IRQHandler
                0x08005b90                ADC1_IRQHandler
                0x08005b90                TIM17_IRQHandler
                0x08005b90                RTC_IRQHandler
                0x08005b90                TIM16_IRQHandler
                0x08005b90                EXTI4_15_IRQHandler
                0x08005b90                RCC_IRQHandler
                0x08005b90                DMA1_Channel1_IRQHandler
                0x08005b90                Default_Handler
                0x08005b90                DMA1_Channel4_5_IRQHandler
                0x08005b90                EXTI0_1_IRQHandler
                0x08005b90                WWDG_IRQHandler
                0x08005b90                DMA1_Channel2_3_IRQHandler
                0x08005b90                FLASH_IRQHandler
                0x08005b90                USART1_IRQHandler
                0x08005b90                TIM1_BRK_UP_TRG_COM_IRQHandler
 *fill*         0x08005b92        0x2 
 .text.malloc   0x08005b94       0x14 C:/ST/STM32CubeCLT_1.16.0/GNU-tools-for-STM32/bin/../lib/gcc/arm-none-eabi/12.3.1/../../../../arm-none-eabi/lib/thumb/v6-m/nofp\libg_nano.a(libc_a-malloc.o)
                0x08005b94                malloc
 .text.__errno  0x08005ba8        0xc C:/ST/STM32CubeCLT_1.16.0/GNU-tools-for-STM32/bin/../lib/gcc/arm-none-eabi/12.3.1/../../../../arm-none-eabi/lib/thumb/v6-m/nofp\libg_nano.a(libc_a-errno.o)
                0x08005ba8                __errno
 *(.glue_7)
 .glue_7        0x08005bb4        0x0 linker stubs
 *(.glue_7t)
 .glue_7t       0x08005bb4        0x0 linker stubs
 *(.eh_frame)
 .eh_frame      0x08005bb4        0x0 C:/ST/STM32CubeCLT_1.16.0/GNU-tools-for-STM32/bin/../lib/gcc/arm-none-eabi/12.3.1/thumb/v6-m/nofp/crtbegin.o
 *(.init)
 .init          0x08005bb4        0x4 C:/ST/STM32CubeCLT_1.16.0/GNU-tools-for-STM32/bin/../lib/gcc/arm-none-eabi/12.3.1/thumb/v6-m/nofp/crti.o
                0x08005bb4                _init
 .init          0x08005bb8        0x8 C:/ST/STM32CubeCLT_1.16.0/GNU-tools-for-STM32/bin/../lib/gcc/arm-none-eabi/12.3.1/thumb/v6-m/nofp/crtn.o
 *(.fini)
 .fini          0x08005bc0        0x4 C:/ST/STM32CubeCLT_1.16.0/GNU-tools-for-STM32/bin/../lib/gcc/arm-none-eabi/12.3.1/thumb/v6-m/nofp/crti.o
                0x08005bc0                _fini
 .fini          0x08005bc4        0x8 C:/ST/STM32CubeCLT_1.16.0/GNU-tools-for-STM32/bin/../lib/gcc/arm-none-eabi/12.3.1/thumb/v6-m/nofp/crtn.o
                0x08005bcc                        . = ALIGN (0x4)
                0x08005bcc                        _etext = .

.vfp11_veneer   0x08005bcc        0x0
 .vfp11_veneer  0x08005bcc        0x0 linker stubs

.v4_bx          0x08005bcc        0x0
 .v4_bx         0x08005bcc        0x0 linker stubs

.iplt           0x08005bcc        0x0
 .iplt          0x08005bcc        0x0 C:/ST/STM32CubeCLT_1.16.0/GNU-tools-for-STM32/bin/../lib/gcc/arm-none-eabi/12.3.1/thumb/v6-m/nofp/crtbegin.o

.rodata         0x08005bcc       0x88
                0x08005bcc                        . = ALIGN (0x4)
 *(.rodata)
 *(.rodata*)
 .rodata.Panel_HandleEventPeripherals
                0x08005bcc       0x50 CMakeFiles/lvipanel_firmware.dir/Core/Src/panel.c.obj
 .rodata.AHBPrescTable
                0x08005c1c       0x10 CMakeFiles/lvipanel_firmware.dir/Core/Src/system_stm32f0xx.c.obj
                0x08005c1c                AHBPrescTable
 .rodata.APBPrescTable
                0x08005c2c        0x8 CMakeFiles/lvipanel_firmware.dir/Core/Src/system_stm32f0xx.c.obj
                0x08005c2c                APBPrescTable
 .rodata.aPLLMULFactorTable.1
                0x08005c34       0x10 CMakeFiles/lvipanel_firmware.dir/Drivers/STM32F0xx_HAL_Driver/Src/stm32f0xx_hal_rcc.c.obj
 .rodata.aPredivFactorTable.0
                0x08005c44       0x10 CMakeFiles/lvipanel_firmware.dir/Drivers/STM32F0xx_HAL_Driver/Src/stm32f0xx_hal_rcc.c.obj
                0x08005c54                        . = ALIGN (0x4)

.rel.dyn        0x08005c54        0x0
 .rel.iplt      0x08005c54        0x0 C:/ST/STM32CubeCLT_1.16.0/GNU-tools-for-STM32/bin/../lib/gcc/arm-none-eabi/12.3.1/thumb/v6-m/nofp/crtbegin.o

.ARM.extab
 *(.ARM.extab* .gnu.linkonce.armextab.*)

.ARM            0x08005c54        0x0
                0x08005c54                        __exidx_start = .
 *(.ARM.exidx*)
                0x08005c54                        __exidx_end = .

.preinit_array  0x08005c54        0x0
                0x08005c54                        PROVIDE (__preinit_array_start = .)
 *(.preinit_array*)
                0x08005c54                        PROVIDE (__preinit_array_end = .)

.init_array     0x08005c54        0x4
                0x08005c54                        PROVIDE (__init_array_start = .)
 *(SORT_BY_NAME(.init_array.*))
 *(.init_array*)
 .init_array    0x08005c54        0x4 C:/ST/STM32CubeCLT_1.16.0/GNU-tools-for-STM32/bin/../lib/gcc/arm-none-eabi/12.3.1/thumb/v6-m/nofp/crtbegin.o
                0x08005c58                        PROVIDE (__init_array_end = .)

.fini_array     0x08005c58        0x4
                [!provide]                        PROVIDE (__fini_array_start = .)
 *(SORT_BY_NAME(.fini_array.*))
 *(.fini_array*)
 .fini_array    0x08005c58        0x4 C:/ST/STM32CubeCLT_1.16.0/GNU-tools-for-STM32/bin/../lib/gcc/arm-none-eabi/12.3.1/thumb/v6-m/nofp/crtbegin.o
                [!provide]                        PROVIDE (__fini_array_end = .)
                0x08005c5c                        _sidata = LOADADDR (.data)

.data           0x20000000       0x7c load address 0x08005c5c
                0x20000000                        . = ALIGN (0x4)
                0x20000000                        _sdata = .
 *(.data)
 *(.data*)
 .data._impure_ptr
                0x20000000        0x4 C:/ST/STM32CubeCLT_1.16.0/GNU-tools-for-STM32/bin/../lib/gcc/arm-none-eabi/12.3.1/../../../../arm-none-eabi/lib/thumb/v6-m/nofp\libc_nano.a(libc_a-impure.o)
                0x20000000                _impure_ptr
 .data._impure_data
                0x20000004       0x4c C:/ST/STM32CubeCLT_1.16.0/GNU-tools-for-STM32/bin/../lib/gcc/arm-none-eabi/12.3.1/../../../../arm-none-eabi/lib/thumb/v6-m/nofp\libc_nano.a(libc_a-impure.o)
                0x20000004                _impure_data
 .data.peripheral_amount_btns
                0x20000050        0x1 CMakeFiles/lvipanel_firmware.dir/Core/Src/peripherals.c.obj
                0x20000050                peripheral_amount_btns
 .data.peripheral_amount_encs
                0x20000051        0x1 CMakeFiles/lvipanel_firmware.dir/Core/Src/peripherals.c.obj
                0x20000051                peripheral_amount_encs
 *fill*         0x20000052        0x2 
 .data.buttonEventTable
                0x20000054       0x12 CMakeFiles/lvipanel_firmware.dir/Core/Src/peripherals.c.obj
 *fill*         0x20000066        0x2 
 .data.encoderEventTable
                0x20000068        0x6 CMakeFiles/lvipanel_firmware.dir/Core/Src/peripherals.c.obj
 *fill*         0x2000006e        0x2 
 .data.SystemCoreClock
                0x20000070        0x4 CMakeFiles/lvipanel_firmware.dir/Core/Src/system_stm32f0xx.c.obj
                0x20000070                SystemCoreClock
 .data.uwTickPrio
                0x20000074        0x4 CMakeFiles/lvipanel_firmware.dir/Drivers/STM32F0xx_HAL_Driver/Src/stm32f0xx_hal.c.obj
                0x20000074                uwTickPrio
 .data.uwTickFreq
                0x20000078        0x1 CMakeFiles/lvipanel_firmware.dir/Drivers/STM32F0xx_HAL_Driver/Src/stm32f0xx_hal.c.obj
                0x20000078                uwTickFreq
                0x2000007c                        . = ALIGN (0x4)
 *fill*         0x20000079        0x3 
                0x2000007c                        _edata = .

.igot.plt       0x2000007c        0x0 load address 0x08005cd8
 .igot.plt      0x2000007c        0x0 C:/ST/STM32CubeCLT_1.16.0/GNU-tools-for-STM32/bin/../lib/gcc/arm-none-eabi/12.3.1/thumb/v6-m/nofp/crtbegin.o
                0x2000007c                        . = ALIGN (0x4)

.bss            0x2000007c      0x31c load address 0x08005cd8
                0x2000007c                        _sbss = .
                0x2000007c                        __bss_start__ = _sbss
 *(.bss)
 .bss           0x2000007c       0x1c C:/ST/STM32CubeCLT_1.16.0/GNU-tools-for-STM32/bin/../lib/gcc/arm-none-eabi/12.3.1/thumb/v6-m/nofp/crtbegin.o
 *(.bss*)
 .bss.__sf      0x20000098      0x138 C:/ST/STM32CubeCLT_1.16.0/GNU-tools-for-STM32/bin/../lib/gcc/arm-none-eabi/12.3.1/../../../../arm-none-eabi/lib/thumb/v6-m/nofp\libc_nano.a(libc_a-findfp.o)
                0x20000098                __sf
 .bss.errno     0x200001d0        0x4 C:/ST/STM32CubeCLT_1.16.0/GNU-tools-for-STM32/bin/../lib/gcc/arm-none-eabi/12.3.1/../../../../arm-none-eabi/lib/thumb/v6-m/nofp\libc_nano.a(libc_a-reent.o)
                0x200001d0                errno
 .bss.__lock___malloc_recursive_mutex
                0x200001d4        0x1 C:/ST/STM32CubeCLT_1.16.0/GNU-tools-for-STM32/bin/../lib/gcc/arm-none-eabi/12.3.1/../../../../arm-none-eabi/lib/thumb/v6-m/nofp\libc_nano.a(libc_a-lock.o)
                0x200001d4                __lock___malloc_recursive_mutex
 *fill*         0x200001d5        0x3 
 .bss.__malloc_sbrk_start
                0x200001d8        0x4 C:/ST/STM32CubeCLT_1.16.0/GNU-tools-for-STM32/bin/../lib/gcc/arm-none-eabi/12.3.1/../../../../arm-none-eabi/lib/thumb/v6-m/nofp\libc_nano.a(libc_a-mallocr.o)
                0x200001d8                __malloc_sbrk_start
 .bss.__malloc_free_list
                0x200001dc        0x4 C:/ST/STM32CubeCLT_1.16.0/GNU-tools-for-STM32/bin/../lib/gcc/arm-none-eabi/12.3.1/../../../../arm-none-eabi/lib/thumb/v6-m/nofp\libc_nano.a(libc_a-mallocr.o)
                0x200001dc                __malloc_free_list
 .bss.Xfer_Complete
                0x200001e0        0x4 CMakeFiles/lvipanel_firmware.dir/Core/Src/i2c.c.obj
                0x200001e0                Xfer_Complete
 .bss.i2c_rx    0x200001e4        0x4 CMakeFiles/lvipanel_firmware.dir/Core/Src/i2c.c.obj
                0x200001e4                i2c_rx
 .bss.i2c_tx    0x200001e8        0x4 CMakeFiles/lvipanel_firmware.dir/Core/Src/i2c.c.obj
                0x200001e8                i2c_tx
 .bss.hi2c1     0x200001ec       0x54 CMakeFiles/lvipanel_firmware.dir/Core/Src/i2c.c.obj
                0x200001ec                hi2c1
 .bss.timerInterruptLock
                0x20000240        0x1 CMakeFiles/lvipanel_firmware.dir/Core/Src/main.c.obj
                0x20000240                timerInterruptLock
 *fill*         0x20000241        0x3 
 .bss.light_red
                0x20000244       0x14 CMakeFiles/lvipanel_firmware.dir/Core/Src/panel.c.obj
                0x20000244                light_red
 .bss.light_green
                0x20000258       0x14 CMakeFiles/lvipanel_firmware.dir/Core/Src/panel.c.obj
                0x20000258                light_green
 .bss.panelEvent
                0x2000026c        0x1 CMakeFiles/lvipanel_firmware.dir/Core/Src/panel.c.obj
                0x2000026c                panelEvent
 .bss.systemEvent
                0x2000026d        0x1 CMakeFiles/lvipanel_firmware.dir/Core/Src/panel.c.obj
                0x2000026d                systemEvent
 .bss.systemState
                0x2000026e        0x1 CMakeFiles/lvipanel_firmware.dir/Core/Src/panel.c.obj
                0x2000026e                systemState
 *fill*         0x2000026f        0x1 
 .bss.peripheralGroup
                0x20000270        0x4 CMakeFiles/lvipanel_firmware.dir/Core/Src/peripherals.c.obj
                0x20000270                peripheralGroup
 .bss.peripheralEvent
                0x20000274        0x1 CMakeFiles/lvipanel_firmware.dir/Core/Src/peripherals.c.obj
                0x20000274                peripheralEvent
 .bss.enc_read  0x20000275        0x1 CMakeFiles/lvipanel_firmware.dir/Core/Src/peripherals.c.obj
                0x20000275                enc_read
 *fill*         0x20000276        0x2 
 .bss.__sbrk_heap_end
                0x20000278        0x4 CMakeFiles/lvipanel_firmware.dir/Core/Src/sysmem.c.obj
 .bss.htim3     0x2000027c       0x48 CMakeFiles/lvipanel_firmware.dir/Core/Src/tim.c.obj
                0x2000027c                htim3
 .bss.htim14    0x200002c4       0x48 CMakeFiles/lvipanel_firmware.dir/Core/Src/tim.c.obj
                0x200002c4                htim14
 .bss.huart1    0x2000030c       0x88 CMakeFiles/lvipanel_firmware.dir/Core/Src/usart.c.obj
                0x2000030c                huart1
 .bss.uwTick    0x20000394        0x4 CMakeFiles/lvipanel_firmware.dir/Drivers/STM32F0xx_HAL_Driver/Src/stm32f0xx_hal.c.obj
                0x20000394                uwTick
 *(COMMON)
                0x20000398                        . = ALIGN (0x4)
                0x20000398                        _ebss = .
                0x20000398                        __bss_end__ = _ebss

._user_heap_stack
                0x20000398      0x600 load address 0x08005cd8
                0x20000398                        . = ALIGN (0x8)
                [!provide]                        PROVIDE (end = .)
                0x20000398                        PROVIDE (_end = .)
                0x20000598                        . = (. + _Min_Heap_Size)
 *fill*         0x20000398      0x200 
                0x20000998                        . = (. + _Min_Stack_Size)
 *fill*         0x20000598      0x400 
                0x20000998                        . = ALIGN (0x8)

/DISCARD/
 libc.a(*)
 libm.a(*)
 libgcc.a(*)

.ARM.attributes
                0x00000000       0x28
 *(.ARM.attributes)
 .ARM.attributes
                0x00000000       0x1e C:/ST/STM32CubeCLT_1.16.0/GNU-tools-for-STM32/bin/../lib/gcc/arm-none-eabi/12.3.1/thumb/v6-m/nofp/crti.o
 .ARM.attributes
                0x0000001e       0x2c C:/ST/STM32CubeCLT_1.16.0/GNU-tools-for-STM32/bin/../lib/gcc/arm-none-eabi/12.3.1/thumb/v6-m/nofp/crtbegin.o
 .ARM.attributes
                0x0000004a       0x2c C:/ST/STM32CubeCLT_1.16.0/GNU-tools-for-STM32/bin/../lib/gcc/arm-none-eabi/12.3.1/../../../../arm-none-eabi/lib/thumb/v6-m/nofp\libc_nano.a(libc_a-findfp.o)
 .ARM.attributes
                0x00000076       0x2c C:/ST/STM32CubeCLT_1.16.0/GNU-tools-for-STM32/bin/../lib/gcc/arm-none-eabi/12.3.1/../../../../arm-none-eabi/lib/thumb/v6-m/nofp\libc_nano.a(libc_a-memset.o)
 .ARM.attributes
                0x000000a2       0x2c C:/ST/STM32CubeCLT_1.16.0/GNU-tools-for-STM32/bin/../lib/gcc/arm-none-eabi/12.3.1/../../../../arm-none-eabi/lib/thumb/v6-m/nofp\libc_nano.a(libc_a-reent.o)
 .ARM.attributes
                0x000000ce       0x2c C:/ST/STM32CubeCLT_1.16.0/GNU-tools-for-STM32/bin/../lib/gcc/arm-none-eabi/12.3.1/../../../../arm-none-eabi/lib/thumb/v6-m/nofp\libc_nano.a(libc_a-impure.o)
 .ARM.attributes
                0x000000fa       0x2c C:/ST/STM32CubeCLT_1.16.0/GNU-tools-for-STM32/bin/../lib/gcc/arm-none-eabi/12.3.1/../../../../arm-none-eabi/lib/thumb/v6-m/nofp\libc_nano.a(libc_a-init.o)
 .ARM.attributes
                0x00000126       0x2c C:/ST/STM32CubeCLT_1.16.0/GNU-tools-for-STM32/bin/../lib/gcc/arm-none-eabi/12.3.1/../../../../arm-none-eabi/lib/thumb/v6-m/nofp\libc_nano.a(libc_a-lock.o)
 .ARM.attributes
                0x00000152       0x2c C:/ST/STM32CubeCLT_1.16.0/GNU-tools-for-STM32/bin/../lib/gcc/arm-none-eabi/12.3.1/../../../../arm-none-eabi/lib/thumb/v6-m/nofp\libc_nano.a(libc_a-mallocr.o)
 .ARM.attributes
                0x0000017e       0x2c C:/ST/STM32CubeCLT_1.16.0/GNU-tools-for-STM32/bin/../lib/gcc/arm-none-eabi/12.3.1/../../../../arm-none-eabi/lib/thumb/v6-m/nofp\libc_nano.a(libc_a-mlock.o)
 .ARM.attributes
                0x000001aa       0x2c C:/ST/STM32CubeCLT_1.16.0/GNU-tools-for-STM32/bin/../lib/gcc/arm-none-eabi/12.3.1/../../../../arm-none-eabi/lib/thumb/v6-m/nofp\libc_nano.a(libc_a-sbrkr.o)
 .ARM.attributes
                0x000001d6       0x2c CMakeFiles/lvipanel_firmware.dir/Core/Src/gpio.c.obj
 .ARM.attributes
                0x00000202       0x2c CMakeFiles/lvipanel_firmware.dir/Core/Src/i2c.c.obj
 .ARM.attributes
                0x0000022e       0x2c CMakeFiles/lvipanel_firmware.dir/Core/Src/lights.c.obj
 .ARM.attributes
                0x0000025a       0x2c CMakeFiles/lvipanel_firmware.dir/Core/Src/main.c.obj
 .ARM.attributes
                0x00000286       0x2c CMakeFiles/lvipanel_firmware.dir/Core/Src/panel.c.obj
 .ARM.attributes
                0x000002b2       0x2c CMakeFiles/lvipanel_firmware.dir/Core/Src/peripherals.c.obj
 .ARM.attributes
                0x000002de       0x2c CMakeFiles/lvipanel_firmware.dir/Core/Src/stm32f0xx_hal_msp.c.obj
 .ARM.attributes
                0x0000030a       0x2c CMakeFiles/lvipanel_firmware.dir/Core/Src/stm32f0xx_it.c.obj
 .ARM.attributes
                0x00000336       0x2c CMakeFiles/lvipanel_firmware.dir/Core/Src/sysmem.c.obj
 .ARM.attributes
                0x00000362       0x2c CMakeFiles/lvipanel_firmware.dir/Core/Src/system_stm32f0xx.c.obj
 .ARM.attributes
                0x0000038e       0x2c CMakeFiles/lvipanel_firmware.dir/Core/Src/tim.c.obj
 .ARM.attributes
                0x000003ba       0x2c CMakeFiles/lvipanel_firmware.dir/Core/Src/timer.c.obj
 .ARM.attributes
                0x000003e6       0x2c CMakeFiles/lvipanel_firmware.dir/Core/Src/usart.c.obj
 .ARM.attributes
                0x00000412       0x2c CMakeFiles/lvipanel_firmware.dir/Drivers/STM32F0xx_HAL_Driver/Src/stm32f0xx_hal_i2c.c.obj
 .ARM.attributes
                0x0000043e       0x2c CMakeFiles/lvipanel_firmware.dir/Drivers/STM32F0xx_HAL_Driver/Src/stm32f0xx_hal_i2c_ex.c.obj
 .ARM.attributes
                0x0000046a       0x2c CMakeFiles/lvipanel_firmware.dir/Drivers/STM32F0xx_HAL_Driver/Src/stm32f0xx_hal_rcc.c.obj
 .ARM.attributes
                0x00000496       0x2c CMakeFiles/lvipanel_firmware.dir/Drivers/STM32F0xx_HAL_Driver/Src/stm32f0xx_hal_rcc_ex.c.obj
 .ARM.attributes
                0x000004c2       0x2c CMakeFiles/lvipanel_firmware.dir/Drivers/STM32F0xx_HAL_Driver/Src/stm32f0xx_hal.c.obj
 .ARM.attributes
                0x000004ee       0x2c CMakeFiles/lvipanel_firmware.dir/Drivers/STM32F0xx_HAL_Driver/Src/stm32f0xx_hal_gpio.c.obj
 .ARM.attributes
                0x0000051a       0x2c CMakeFiles/lvipanel_firmware.dir/Drivers/STM32F0xx_HAL_Driver/Src/stm32f0xx_hal_dma.c.obj
 .ARM.attributes
                0x00000546       0x2c CMakeFiles/lvipanel_firmware.dir/Drivers/STM32F0xx_HAL_Driver/Src/stm32f0xx_hal_cortex.c.obj
 .ARM.attributes
                0x00000572       0x2c CMakeFiles/lvipanel_firmware.dir/Drivers/STM32F0xx_HAL_Driver/Src/stm32f0xx_hal_tim.c.obj
 .ARM.attributes
                0x0000059e       0x2c CMakeFiles/lvipanel_firmware.dir/Drivers/STM32F0xx_HAL_Driver/Src/stm32f0xx_hal_tim_ex.c.obj
 .ARM.attributes
                0x000005ca       0x2c CMakeFiles/lvipanel_firmware.dir/Drivers/STM32F0xx_HAL_Driver/Src/stm32f0xx_hal_uart.c.obj
 .ARM.attributes
                0x000005f6       0x21 CMakeFiles/lvipanel_firmware.dir/startup_stm32f030x6.s.obj
 .ARM.attributes
                0x00000617       0x1e C:/ST/STM32CubeCLT_1.16.0/GNU-tools-for-STM32/bin/../lib/gcc/arm-none-eabi/12.3.1/thumb/v6-m/nofp\libgcc.a(_udivsi3.o)
 .ARM.attributes
                0x00000635       0x1e C:/ST/STM32CubeCLT_1.16.0/GNU-tools-for-STM32/bin/../lib/gcc/arm-none-eabi/12.3.1/thumb/v6-m/nofp\libgcc.a(_dvmd_tls.o)
 .ARM.attributes
                0x00000653       0x2c C:/ST/STM32CubeCLT_1.16.0/GNU-tools-for-STM32/bin/../lib/gcc/arm-none-eabi/12.3.1/../../../../arm-none-eabi/lib/thumb/v6-m/nofp\libg_nano.a(libc_a-malloc.o)
 .ARM.attributes
                0x0000067f       0x2c C:/ST/STM32CubeCLT_1.16.0/GNU-tools-for-STM32/bin/../lib/gcc/arm-none-eabi/12.3.1/../../../../arm-none-eabi/lib/thumb/v6-m/nofp\libg_nano.a(libc_a-errno.o)
 .ARM.attributes
                0x000006ab       0x1e C:/ST/STM32CubeCLT_1.16.0/GNU-tools-for-STM32/bin/../lib/gcc/arm-none-eabi/12.3.1/thumb/v6-m/nofp/crtn.o
OUTPUT(lvipanel_firmware.elf elf32-littlearm)
LOAD linker stubs
LOAD C:/ST/STM32CubeCLT_1.16.0/GNU-tools-for-STM32/bin/../lib/gcc/arm-none-eabi/12.3.1/../../../../arm-none-eabi/lib/thumb/v6-m/nofp\libc.a
LOAD C:/ST/STM32CubeCLT_1.16.0/GNU-tools-for-STM32/bin/../lib/gcc/arm-none-eabi/12.3.1/../../../../arm-none-eabi/lib/thumb/v6-m/nofp\libm.a
LOAD C:/ST/STM32CubeCLT_1.16.0/GNU-tools-for-STM32/bin/../lib/gcc/arm-none-eabi/12.3.1/thumb/v6-m/nofp\libgcc.a

.debug_frame    0x00000000     0x3c84
 .debug_frame   0x00000000      0x138 C:/ST/STM32CubeCLT_1.16.0/GNU-tools-for-STM32/bin/../lib/gcc/arm-none-eabi/12.3.1/../../../../arm-none-eabi/lib/thumb/v6-m/nofp\libc_nano.a(libc_a-findfp.o)
 .debug_frame   0x00000138       0x20 C:/ST/STM32CubeCLT_1.16.0/GNU-tools-for-STM32/bin/../lib/gcc/arm-none-eabi/12.3.1/../../../../arm-none-eabi/lib/thumb/v6-m/nofp\libc_nano.a(libc_a-memset.o)
 .debug_frame   0x00000158       0x2c C:/ST/STM32CubeCLT_1.16.0/GNU-tools-for-STM32/bin/../lib/gcc/arm-none-eabi/12.3.1/../../../../arm-none-eabi/lib/thumb/v6-m/nofp\libc_nano.a(libc_a-reent.o)
 .debug_frame   0x00000184       0x2c C:/ST/STM32CubeCLT_1.16.0/GNU-tools-for-STM32/bin/../lib/gcc/arm-none-eabi/12.3.1/../../../../arm-none-eabi/lib/thumb/v6-m/nofp\libc_nano.a(libc_a-init.o)
 .debug_frame   0x000001b0       0xb0 C:/ST/STM32CubeCLT_1.16.0/GNU-tools-for-STM32/bin/../lib/gcc/arm-none-eabi/12.3.1/../../../../arm-none-eabi/lib/thumb/v6-m/nofp\libc_nano.a(libc_a-lock.o)
 .debug_frame   0x00000260       0x50 C:/ST/STM32CubeCLT_1.16.0/GNU-tools-for-STM32/bin/../lib/gcc/arm-none-eabi/12.3.1/../../../../arm-none-eabi/lib/thumb/v6-m/nofp\libc_nano.a(libc_a-mallocr.o)
 .debug_frame   0x000002b0       0x40 C:/ST/STM32CubeCLT_1.16.0/GNU-tools-for-STM32/bin/../lib/gcc/arm-none-eabi/12.3.1/../../../../arm-none-eabi/lib/thumb/v6-m/nofp\libc_nano.a(libc_a-mlock.o)
 .debug_frame   0x000002f0       0x2c C:/ST/STM32CubeCLT_1.16.0/GNU-tools-for-STM32/bin/../lib/gcc/arm-none-eabi/12.3.1/../../../../arm-none-eabi/lib/thumb/v6-m/nofp\libc_nano.a(libc_a-sbrkr.o)
 .debug_frame   0x0000031c       0x30 CMakeFiles/lvipanel_firmware.dir/Core/Src/gpio.c.obj
 .debug_frame   0x0000034c       0x6c CMakeFiles/lvipanel_firmware.dir/Core/Src/i2c.c.obj
 .debug_frame   0x000003b8       0x70 CMakeFiles/lvipanel_firmware.dir/Core/Src/lights.c.obj
 .debug_frame   0x00000428       0xa8 CMakeFiles/lvipanel_firmware.dir/Core/Src/main.c.obj
 .debug_frame   0x000004d0      0x104 CMakeFiles/lvipanel_firmware.dir/Core/Src/panel.c.obj
 .debug_frame   0x000005d4      0x118 CMakeFiles/lvipanel_firmware.dir/Core/Src/peripherals.c.obj
 .debug_frame   0x000006ec       0x30 CMakeFiles/lvipanel_firmware.dir/Core/Src/stm32f0xx_hal_msp.c.obj
 .debug_frame   0x0000071c       0xf0 CMakeFiles/lvipanel_firmware.dir/Core/Src/stm32f0xx_it.c.obj
 .debug_frame   0x0000080c       0x30 CMakeFiles/lvipanel_firmware.dir/Core/Src/sysmem.c.obj
 .debug_frame   0x0000083c       0x4c CMakeFiles/lvipanel_firmware.dir/Core/Src/system_stm32f0xx.c.obj
 .debug_frame   0x00000888       0xac CMakeFiles/lvipanel_firmware.dir/Core/Src/tim.c.obj
 .debug_frame   0x00000934       0xd0 CMakeFiles/lvipanel_firmware.dir/Core/Src/timer.c.obj
 .debug_frame   0x00000a04       0x6c CMakeFiles/lvipanel_firmware.dir/Core/Src/usart.c.obj
 .debug_frame   0x00000a70      0xa68 CMakeFiles/lvipanel_firmware.dir/Drivers/STM32F0xx_HAL_Driver/Src/stm32f0xx_hal_i2c.c.obj
 .debug_frame   0x000014d8       0x90 CMakeFiles/lvipanel_firmware.dir/Drivers/STM32F0xx_HAL_Driver/Src/stm32f0xx_hal_i2c_ex.c.obj
 .debug_frame   0x00001568      0x198 CMakeFiles/lvipanel_firmware.dir/Drivers/STM32F0xx_HAL_Driver/Src/stm32f0xx_hal_rcc.c.obj
 .debug_frame   0x00001700       0x70 CMakeFiles/lvipanel_firmware.dir/Drivers/STM32F0xx_HAL_Driver/Src/stm32f0xx_hal_rcc_ex.c.obj
 .debug_frame   0x00001770      0x2a4 CMakeFiles/lvipanel_firmware.dir/Drivers/STM32F0xx_HAL_Driver/Src/stm32f0xx_hal.c.obj
 .debug_frame   0x00001a14      0x110 CMakeFiles/lvipanel_firmware.dir/Drivers/STM32F0xx_HAL_Driver/Src/stm32f0xx_hal_gpio.c.obj
 .debug_frame   0x00001b24      0x1d0 CMakeFiles/lvipanel_firmware.dir/Drivers/STM32F0xx_HAL_Driver/Src/stm32f0xx_hal_dma.c.obj
 .debug_frame   0x00001cf4      0x2a0 CMakeFiles/lvipanel_firmware.dir/Drivers/STM32F0xx_HAL_Driver/Src/stm32f0xx_hal_cortex.c.obj
 .debug_frame   0x00001f94      0xf00 CMakeFiles/lvipanel_firmware.dir/Drivers/STM32F0xx_HAL_Driver/Src/stm32f0xx_hal_tim.c.obj
 .debug_frame   0x00002e94      0x560 CMakeFiles/lvipanel_firmware.dir/Drivers/STM32F0xx_HAL_Driver/Src/stm32f0xx_hal_tim_ex.c.obj
 .debug_frame   0x000033f4      0x810 CMakeFiles/lvipanel_firmware.dir/Drivers/STM32F0xx_HAL_Driver/Src/stm32f0xx_hal_uart.c.obj
 .debug_frame   0x00003c04       0x20 C:/ST/STM32CubeCLT_1.16.0/GNU-tools-for-STM32/bin/../lib/gcc/arm-none-eabi/12.3.1/thumb/v6-m/nofp\libgcc.a(_udivsi3.o)
 .debug_frame   0x00003c24       0x40 C:/ST/STM32CubeCLT_1.16.0/GNU-tools-for-STM32/bin/../lib/gcc/arm-none-eabi/12.3.1/../../../../arm-none-eabi/lib/thumb/v6-m/nofp\libg_nano.a(libc_a-malloc.o)
 .debug_frame   0x00003c64       0x20 C:/ST/STM32CubeCLT_1.16.0/GNU-tools-for-STM32/bin/../lib/gcc/arm-none-eabi/12.3.1/../../../../arm-none-eabi/lib/thumb/v6-m/nofp\libg_nano.a(libc_a-errno.o)

.debug_info     0x00000000    0x136ce
 .debug_info    0x00000000      0x325 CMakeFiles/lvipanel_firmware.dir/Core/Src/gpio.c.obj
 .debug_info    0x00000325      0xa33 CMakeFiles/lvipanel_firmware.dir/Core/Src/i2c.c.obj
 .debug_info    0x00000d58      0x75e CMakeFiles/lvipanel_firmware.dir/Core/Src/lights.c.obj
 .debug_info    0x000014b6      0xeaf CMakeFiles/lvipanel_firmware.dir/Core/Src/main.c.obj
 .debug_info    0x00002365      0xef1 CMakeFiles/lvipanel_firmware.dir/Core/Src/panel.c.obj
 .debug_info    0x00003256      0x8fd CMakeFiles/lvipanel_firmware.dir/Core/Src/peripherals.c.obj
 .debug_info    0x00003b53      0x199 CMakeFiles/lvipanel_firmware.dir/Core/Src/stm32f0xx_hal_msp.c.obj
 .debug_info    0x00003cec      0x9dd CMakeFiles/lvipanel_firmware.dir/Core/Src/stm32f0xx_it.c.obj
 .debug_info    0x000046c9      0x168 CMakeFiles/lvipanel_firmware.dir/Core/Src/sysmem.c.obj
 .debug_info    0x00004831      0x242 CMakeFiles/lvipanel_firmware.dir/Core/Src/system_stm32f0xx.c.obj
 .debug_info    0x00004a73      0xbd8 CMakeFiles/lvipanel_firmware.dir/Core/Src/tim.c.obj
 .debug_info    0x0000564b      0x2b8 CMakeFiles/lvipanel_firmware.dir/Core/Src/timer.c.obj
 .debug_info    0x00005903      0x92e CMakeFiles/lvipanel_firmware.dir/Core/Src/usart.c.obj
 .debug_info    0x00006231     0x20cd CMakeFiles/lvipanel_firmware.dir/Drivers/STM32F0xx_HAL_Driver/Src/stm32f0xx_hal_i2c.c.obj
 .debug_info    0x000082fe      0x7e1 CMakeFiles/lvipanel_firmware.dir/Drivers/STM32F0xx_HAL_Driver/Src/stm32f0xx_hal_i2c_ex.c.obj
 .debug_info    0x00008adf      0x844 CMakeFiles/lvipanel_firmware.dir/Drivers/STM32F0xx_HAL_Driver/Src/stm32f0xx_hal_rcc.c.obj
 .debug_info    0x00009323      0x35d CMakeFiles/lvipanel_firmware.dir/Drivers/STM32F0xx_HAL_Driver/Src/stm32f0xx_hal_rcc_ex.c.obj
 .debug_info    0x00009680      0x652 CMakeFiles/lvipanel_firmware.dir/Drivers/STM32F0xx_HAL_Driver/Src/stm32f0xx_hal.c.obj
 .debug_info    0x00009cd2      0x5c8 CMakeFiles/lvipanel_firmware.dir/Drivers/STM32F0xx_HAL_Driver/Src/stm32f0xx_hal_gpio.c.obj
 .debug_info    0x0000a29a      0x700 CMakeFiles/lvipanel_firmware.dir/Drivers/STM32F0xx_HAL_Driver/Src/stm32f0xx_hal_dma.c.obj
 .debug_info    0x0000a99a      0x67d CMakeFiles/lvipanel_firmware.dir/Drivers/STM32F0xx_HAL_Driver/Src/stm32f0xx_hal_cortex.c.obj
 .debug_info    0x0000b017     0x2946 CMakeFiles/lvipanel_firmware.dir/Drivers/STM32F0xx_HAL_Driver/Src/stm32f0xx_hal_tim.c.obj
 .debug_info    0x0000d95d     0x1488 CMakeFiles/lvipanel_firmware.dir/Drivers/STM32F0xx_HAL_Driver/Src/stm32f0xx_hal_tim_ex.c.obj
 .debug_info    0x0000ede5     0x3a2a CMakeFiles/lvipanel_firmware.dir/Drivers/STM32F0xx_HAL_Driver/Src/stm32f0xx_hal_uart.c.obj
 .debug_info    0x0001280f       0x30 CMakeFiles/lvipanel_firmware.dir/startup_stm32f030x6.s.obj
 .debug_info    0x0001283f      0x794 C:/ST/STM32CubeCLT_1.16.0/GNU-tools-for-STM32/bin/../lib/gcc/arm-none-eabi/12.3.1/../../../../arm-none-eabi/lib/thumb/v6-m/nofp\libg_nano.a(libc_a-malloc.o)
 .debug_info    0x00012fd3      0x6fb C:/ST/STM32CubeCLT_1.16.0/GNU-tools-for-STM32/bin/../lib/gcc/arm-none-eabi/12.3.1/../../../../arm-none-eabi/lib/thumb/v6-m/nofp\libg_nano.a(libc_a-errno.o)

.debug_abbrev   0x00000000     0x31e3
 .debug_abbrev  0x00000000      0x14d CMakeFiles/lvipanel_firmware.dir/Core/Src/gpio.c.obj
 .debug_abbrev  0x0000014d      0x235 CMakeFiles/lvipanel_firmware.dir/Core/Src/i2c.c.obj
 .debug_abbrev  0x00000382      0x1a3 CMakeFiles/lvipanel_firmware.dir/Core/Src/lights.c.obj
 .debug_abbrev  0x00000525      0x2bd CMakeFiles/lvipanel_firmware.dir/Core/Src/main.c.obj
 .debug_abbrev  0x000007e2      0x225 CMakeFiles/lvipanel_firmware.dir/Core/Src/panel.c.obj
 .debug_abbrev  0x00000a07      0x227 CMakeFiles/lvipanel_firmware.dir/Core/Src/peripherals.c.obj
 .debug_abbrev  0x00000c2e       0xc6 CMakeFiles/lvipanel_firmware.dir/Core/Src/stm32f0xx_hal_msp.c.obj
 .debug_abbrev  0x00000cf4      0x1b5 CMakeFiles/lvipanel_firmware.dir/Core/Src/stm32f0xx_it.c.obj
 .debug_abbrev  0x00000ea9       0xbc CMakeFiles/lvipanel_firmware.dir/Core/Src/sysmem.c.obj
 .debug_abbrev  0x00000f65      0x11c CMakeFiles/lvipanel_firmware.dir/Core/Src/system_stm32f0xx.c.obj
 .debug_abbrev  0x00001081      0x25d CMakeFiles/lvipanel_firmware.dir/Core/Src/tim.c.obj
 .debug_abbrev  0x000012de      0x108 CMakeFiles/lvipanel_firmware.dir/Core/Src/timer.c.obj
 .debug_abbrev  0x000013e6      0x1f6 CMakeFiles/lvipanel_firmware.dir/Core/Src/usart.c.obj
 .debug_abbrev  0x000015dc      0x270 CMakeFiles/lvipanel_firmware.dir/Drivers/STM32F0xx_HAL_Driver/Src/stm32f0xx_hal_i2c.c.obj
 .debug_abbrev  0x0000184c      0x1d4 CMakeFiles/lvipanel_firmware.dir/Drivers/STM32F0xx_HAL_Driver/Src/stm32f0xx_hal_i2c_ex.c.obj
 .debug_abbrev  0x00001a20      0x28b CMakeFiles/lvipanel_firmware.dir/Drivers/STM32F0xx_HAL_Driver/Src/stm32f0xx_hal_rcc.c.obj
 .debug_abbrev  0x00001cab      0x16f CMakeFiles/lvipanel_firmware.dir/Drivers/STM32F0xx_HAL_Driver/Src/stm32f0xx_hal_rcc_ex.c.obj
 .debug_abbrev  0x00001e1a      0x24b CMakeFiles/lvipanel_firmware.dir/Drivers/STM32F0xx_HAL_Driver/Src/stm32f0xx_hal.c.obj
 .debug_abbrev  0x00002065      0x1c6 CMakeFiles/lvipanel_firmware.dir/Drivers/STM32F0xx_HAL_Driver/Src/stm32f0xx_hal_gpio.c.obj
 .debug_abbrev  0x0000222b      0x1ef CMakeFiles/lvipanel_firmware.dir/Drivers/STM32F0xx_HAL_Driver/Src/stm32f0xx_hal_dma.c.obj
 .debug_abbrev  0x0000241a      0x28c CMakeFiles/lvipanel_firmware.dir/Drivers/STM32F0xx_HAL_Driver/Src/stm32f0xx_hal_cortex.c.obj
 .debug_abbrev  0x000026a6      0x28c CMakeFiles/lvipanel_firmware.dir/Drivers/STM32F0xx_HAL_Driver/Src/stm32f0xx_hal_tim.c.obj
 .debug_abbrev  0x00002932      0x297 CMakeFiles/lvipanel_firmware.dir/Drivers/STM32F0xx_HAL_Driver/Src/stm32f0xx_hal_tim_ex.c.obj
 .debug_abbrev  0x00002bc9      0x2cc CMakeFiles/lvipanel_firmware.dir/Drivers/STM32F0xx_HAL_Driver/Src/stm32f0xx_hal_uart.c.obj
 .debug_abbrev  0x00002e95       0x24 CMakeFiles/lvipanel_firmware.dir/startup_stm32f030x6.s.obj
 .debug_abbrev  0x00002eb9      0x1cc C:/ST/STM32CubeCLT_1.16.0/GNU-tools-for-STM32/bin/../lib/gcc/arm-none-eabi/12.3.1/../../../../arm-none-eabi/lib/thumb/v6-m/nofp\libg_nano.a(libc_a-malloc.o)
 .debug_abbrev  0x00003085      0x15e C:/ST/STM32CubeCLT_1.16.0/GNU-tools-for-STM32/bin/../lib/gcc/arm-none-eabi/12.3.1/../../../../arm-none-eabi/lib/thumb/v6-m/nofp\libg_nano.a(libc_a-errno.o)

.debug_aranges  0x00000000     0x10a0
 .debug_aranges
                0x00000000       0x20 CMakeFiles/lvipanel_firmware.dir/Core/Src/gpio.c.obj
 .debug_aranges
                0x00000020       0x30 CMakeFiles/lvipanel_firmware.dir/Core/Src/i2c.c.obj
 .debug_aranges
                0x00000050       0x30 CMakeFiles/lvipanel_firmware.dir/Core/Src/lights.c.obj
 .debug_aranges
                0x00000080       0x40 CMakeFiles/lvipanel_firmware.dir/Core/Src/main.c.obj
 .debug_aranges
                0x000000c0       0x58 CMakeFiles/lvipanel_firmware.dir/Core/Src/panel.c.obj
 .debug_aranges
                0x00000118       0x58 CMakeFiles/lvipanel_firmware.dir/Core/Src/peripherals.c.obj
 .debug_aranges
                0x00000170       0x20 CMakeFiles/lvipanel_firmware.dir/Core/Src/stm32f0xx_hal_msp.c.obj
 .debug_aranges
                0x00000190       0x58 CMakeFiles/lvipanel_firmware.dir/Core/Src/stm32f0xx_it.c.obj
 .debug_aranges
                0x000001e8       0x20 CMakeFiles/lvipanel_firmware.dir/Core/Src/sysmem.c.obj
 .debug_aranges
                0x00000208       0x28 CMakeFiles/lvipanel_firmware.dir/Core/Src/system_stm32f0xx.c.obj
 .debug_aranges
                0x00000230       0x40 CMakeFiles/lvipanel_firmware.dir/Core/Src/tim.c.obj
 .debug_aranges
                0x00000270       0x48 CMakeFiles/lvipanel_firmware.dir/Core/Src/timer.c.obj
 .debug_aranges
                0x000002b8       0x30 CMakeFiles/lvipanel_firmware.dir/Core/Src/usart.c.obj
 .debug_aranges
                0x000002e8      0x2a0 CMakeFiles/lvipanel_firmware.dir/Drivers/STM32F0xx_HAL_Driver/Src/stm32f0xx_hal_i2c.c.obj
 .debug_aranges
                0x00000588       0x38 CMakeFiles/lvipanel_firmware.dir/Drivers/STM32F0xx_HAL_Driver/Src/stm32f0xx_hal_i2c_ex.c.obj
 .debug_aranges
                0x000005c0       0x80 CMakeFiles/lvipanel_firmware.dir/Drivers/STM32F0xx_HAL_Driver/Src/stm32f0xx_hal_rcc.c.obj
 .debug_aranges
                0x00000640       0x30 CMakeFiles/lvipanel_firmware.dir/Drivers/STM32F0xx_HAL_Driver/Src/stm32f0xx_hal_rcc_ex.c.obj
 .debug_aranges
                0x00000670       0xd0 CMakeFiles/lvipanel_firmware.dir/Drivers/STM32F0xx_HAL_Driver/Src/stm32f0xx_hal.c.obj
 .debug_aranges
                0x00000740       0x58 CMakeFiles/lvipanel_firmware.dir/Drivers/STM32F0xx_HAL_Driver/Src/stm32f0xx_hal_gpio.c.obj
 .debug_aranges
                0x00000798       0x88 CMakeFiles/lvipanel_firmware.dir/Drivers/STM32F0xx_HAL_Driver/Src/stm32f0xx_hal_dma.c.obj
 .debug_aranges
                0x00000820       0xc0 CMakeFiles/lvipanel_firmware.dir/Drivers/STM32F0xx_HAL_Driver/Src/stm32f0xx_hal_cortex.c.obj
 .debug_aranges
                0x000008e0      0x3d0 CMakeFiles/lvipanel_firmware.dir/Drivers/STM32F0xx_HAL_Driver/Src/stm32f0xx_hal_tim.c.obj
 .debug_aranges
                0x00000cb0      0x168 CMakeFiles/lvipanel_firmware.dir/Drivers/STM32F0xx_HAL_Driver/Src/stm32f0xx_hal_tim_ex.c.obj
 .debug_aranges
                0x00000e18      0x218 CMakeFiles/lvipanel_firmware.dir/Drivers/STM32F0xx_HAL_Driver/Src/stm32f0xx_hal_uart.c.obj
 .debug_aranges
                0x00001030       0x28 CMakeFiles/lvipanel_firmware.dir/startup_stm32f030x6.s.obj
 .debug_aranges
                0x00001058       0x28 C:/ST/STM32CubeCLT_1.16.0/GNU-tools-for-STM32/bin/../lib/gcc/arm-none-eabi/12.3.1/../../../../arm-none-eabi/lib/thumb/v6-m/nofp\libg_nano.a(libc_a-malloc.o)
 .debug_aranges
                0x00001080       0x20 C:/ST/STM32CubeCLT_1.16.0/GNU-tools-for-STM32/bin/../lib/gcc/arm-none-eabi/12.3.1/../../../../arm-none-eabi/lib/thumb/v6-m/nofp\libg_nano.a(libc_a-errno.o)

.debug_rnglists
                0x00000000      0xd0b
 .debug_rnglists
                0x00000000       0x14 CMakeFiles/lvipanel_firmware.dir/Core/Src/gpio.c.obj
 .debug_rnglists
                0x00000014       0x21 CMakeFiles/lvipanel_firmware.dir/Core/Src/i2c.c.obj
 .debug_rnglists
                0x00000035       0x20 CMakeFiles/lvipanel_firmware.dir/Core/Src/lights.c.obj
 .debug_rnglists
                0x00000055       0x2d CMakeFiles/lvipanel_firmware.dir/Core/Src/main.c.obj
 .debug_rnglists
                0x00000082       0x3e CMakeFiles/lvipanel_firmware.dir/Core/Src/panel.c.obj
 .debug_rnglists
                0x000000c0       0x5d CMakeFiles/lvipanel_firmware.dir/Core/Src/peripherals.c.obj
 .debug_rnglists
                0x0000011d       0x13 CMakeFiles/lvipanel_firmware.dir/Core/Src/stm32f0xx_hal_msp.c.obj
 .debug_rnglists
                0x00000130       0x3d CMakeFiles/lvipanel_firmware.dir/Core/Src/stm32f0xx_it.c.obj
 .debug_rnglists
                0x0000016d       0x13 CMakeFiles/lvipanel_firmware.dir/Core/Src/sysmem.c.obj
 .debug_rnglists
                0x00000180       0x1a CMakeFiles/lvipanel_firmware.dir/Core/Src/system_stm32f0xx.c.obj
 .debug_rnglists
                0x0000019a       0x2e CMakeFiles/lvipanel_firmware.dir/Core/Src/tim.c.obj
 .debug_rnglists
                0x000001c8       0x31 CMakeFiles/lvipanel_firmware.dir/Core/Src/timer.c.obj
 .debug_rnglists
                0x000001f9       0x20 CMakeFiles/lvipanel_firmware.dir/Core/Src/usart.c.obj
 .debug_rnglists
                0x00000219      0x229 CMakeFiles/lvipanel_firmware.dir/Drivers/STM32F0xx_HAL_Driver/Src/stm32f0xx_hal_i2c.c.obj
 .debug_rnglists
                0x00000442       0x27 CMakeFiles/lvipanel_firmware.dir/Drivers/STM32F0xx_HAL_Driver/Src/stm32f0xx_hal_i2c_ex.c.obj
 .debug_rnglists
                0x00000469       0x61 CMakeFiles/lvipanel_firmware.dir/Drivers/STM32F0xx_HAL_Driver/Src/stm32f0xx_hal_rcc.c.obj
 .debug_rnglists
                0x000004ca       0x21 CMakeFiles/lvipanel_firmware.dir/Drivers/STM32F0xx_HAL_Driver/Src/stm32f0xx_hal_rcc_ex.c.obj
 .debug_rnglists
                0x000004eb       0x97 CMakeFiles/lvipanel_firmware.dir/Drivers/STM32F0xx_HAL_Driver/Src/stm32f0xx_hal.c.obj
 .debug_rnglists
                0x00000582       0x3f CMakeFiles/lvipanel_firmware.dir/Drivers/STM32F0xx_HAL_Driver/Src/stm32f0xx_hal_gpio.c.obj
 .debug_rnglists
                0x000005c1       0x6a CMakeFiles/lvipanel_firmware.dir/Drivers/STM32F0xx_HAL_Driver/Src/stm32f0xx_hal_dma.c.obj
 .debug_rnglists
                0x0000062b       0x8c CMakeFiles/lvipanel_firmware.dir/Drivers/STM32F0xx_HAL_Driver/Src/stm32f0xx_hal_cortex.c.obj
 .debug_rnglists
                0x000006b7      0x31b CMakeFiles/lvipanel_firmware.dir/Drivers/STM32F0xx_HAL_Driver/Src/stm32f0xx_hal_tim.c.obj
 .debug_rnglists
                0x000009d2      0x126 CMakeFiles/lvipanel_firmware.dir/Drivers/STM32F0xx_HAL_Driver/Src/stm32f0xx_hal_tim_ex.c.obj
 .debug_rnglists
                0x00000af8      0x1ce CMakeFiles/lvipanel_firmware.dir/Drivers/STM32F0xx_HAL_Driver/Src/stm32f0xx_hal_uart.c.obj
 .debug_rnglists
                0x00000cc6       0x19 CMakeFiles/lvipanel_firmware.dir/startup_stm32f030x6.s.obj
 .debug_rnglists
                0x00000cdf       0x19 C:/ST/STM32CubeCLT_1.16.0/GNU-tools-for-STM32/bin/../lib/gcc/arm-none-eabi/12.3.1/../../../../arm-none-eabi/lib/thumb/v6-m/nofp\libg_nano.a(libc_a-malloc.o)
 .debug_rnglists
                0x00000cf8       0x13 C:/ST/STM32CubeCLT_1.16.0/GNU-tools-for-STM32/bin/../lib/gcc/arm-none-eabi/12.3.1/../../../../arm-none-eabi/lib/thumb/v6-m/nofp\libg_nano.a(libc_a-errno.o)

.debug_macro    0x00000000    0x11db0
 .debug_macro   0x00000000      0x1da CMakeFiles/lvipanel_firmware.dir/Core/Src/gpio.c.obj
 .debug_macro   0x000001da      0xa8a CMakeFiles/lvipanel_firmware.dir/Core/Src/gpio.c.obj
 .debug_macro   0x00000c64      0x133 CMakeFiles/lvipanel_firmware.dir/Core/Src/gpio.c.obj
 .debug_macro   0x00000d97       0x2e CMakeFiles/lvipanel_firmware.dir/Core/Src/gpio.c.obj
 .debug_macro   0x00000dc5       0x22 CMakeFiles/lvipanel_firmware.dir/Core/Src/gpio.c.obj
 .debug_macro   0x00000de7       0x22 CMakeFiles/lvipanel_firmware.dir/Core/Src/gpio.c.obj
 .debug_macro   0x00000e09       0x8e CMakeFiles/lvipanel_firmware.dir/Core/Src/gpio.c.obj
 .debug_macro   0x00000e97       0x51 CMakeFiles/lvipanel_firmware.dir/Core/Src/gpio.c.obj
 .debug_macro   0x00000ee8      0x103 CMakeFiles/lvipanel_firmware.dir/Core/Src/gpio.c.obj
 .debug_macro   0x00000feb       0x6a CMakeFiles/lvipanel_firmware.dir/Core/Src/gpio.c.obj
 .debug_macro   0x00001055      0x1df CMakeFiles/lvipanel_firmware.dir/Core/Src/gpio.c.obj
 .debug_macro   0x00001234       0x1c CMakeFiles/lvipanel_firmware.dir/Core/Src/gpio.c.obj
 .debug_macro   0x00001250       0x22 CMakeFiles/lvipanel_firmware.dir/Core/Src/gpio.c.obj
 .debug_macro   0x00001272       0xaf CMakeFiles/lvipanel_firmware.dir/Core/Src/gpio.c.obj
 .debug_macro   0x00001321      0x391 CMakeFiles/lvipanel_firmware.dir/Core/Src/gpio.c.obj
 .debug_macro   0x000016b2     0x6e6e CMakeFiles/lvipanel_firmware.dir/Core/Src/gpio.c.obj
 .debug_macro   0x00008520       0x66 CMakeFiles/lvipanel_firmware.dir/Core/Src/gpio.c.obj
 .debug_macro   0x00008586     0x34da CMakeFiles/lvipanel_firmware.dir/Core/Src/gpio.c.obj
 .debug_macro   0x0000ba60      0x189 CMakeFiles/lvipanel_firmware.dir/Core/Src/gpio.c.obj
 .debug_macro   0x0000bbe9       0x55 CMakeFiles/lvipanel_firmware.dir/Core/Src/gpio.c.obj
 .debug_macro   0x0000bc3e      0x924 CMakeFiles/lvipanel_firmware.dir/Core/Src/gpio.c.obj
 .debug_macro   0x0000c562       0xe5 CMakeFiles/lvipanel_firmware.dir/Core/Src/gpio.c.obj
 .debug_macro   0x0000c647      0x1ae CMakeFiles/lvipanel_firmware.dir/Core/Src/gpio.c.obj
 .debug_macro   0x0000c7f5       0xb3 CMakeFiles/lvipanel_firmware.dir/Core/Src/gpio.c.obj
 .debug_macro   0x0000c8a8      0x1a0 CMakeFiles/lvipanel_firmware.dir/Core/Src/gpio.c.obj
 .debug_macro   0x0000ca48      0x1ed CMakeFiles/lvipanel_firmware.dir/Core/Src/gpio.c.obj
 .debug_macro   0x0000cc35       0x34 CMakeFiles/lvipanel_firmware.dir/Core/Src/gpio.c.obj
 .debug_macro   0x0000cc69       0x43 CMakeFiles/lvipanel_firmware.dir/Core/Src/gpio.c.obj
 .debug_macro   0x0000ccac       0x28 CMakeFiles/lvipanel_firmware.dir/Core/Src/gpio.c.obj
 .debug_macro   0x0000ccd4       0xb0 CMakeFiles/lvipanel_firmware.dir/Core/Src/gpio.c.obj
 .debug_macro   0x0000cd84      0x15a CMakeFiles/lvipanel_firmware.dir/Core/Src/gpio.c.obj
 .debug_macro   0x0000cede      0x22c CMakeFiles/lvipanel_firmware.dir/Core/Src/gpio.c.obj
 .debug_macro   0x0000d10a       0x61 CMakeFiles/lvipanel_firmware.dir/Core/Src/gpio.c.obj
 .debug_macro   0x0000d16b       0xa5 CMakeFiles/lvipanel_firmware.dir/Core/Src/gpio.c.obj
 .debug_macro   0x0000d210       0x4c CMakeFiles/lvipanel_firmware.dir/Core/Src/gpio.c.obj
 .debug_macro   0x0000d25c       0x2b CMakeFiles/lvipanel_firmware.dir/Core/Src/gpio.c.obj
 .debug_macro   0x0000d287      0x8f4 CMakeFiles/lvipanel_firmware.dir/Core/Src/gpio.c.obj
 .debug_macro   0x0000db7b       0x28 CMakeFiles/lvipanel_firmware.dir/Core/Src/gpio.c.obj
 .debug_macro   0x0000dba3      0x56d CMakeFiles/lvipanel_firmware.dir/Core/Src/gpio.c.obj
 .debug_macro   0x0000e110       0x3e CMakeFiles/lvipanel_firmware.dir/Core/Src/gpio.c.obj
 .debug_macro   0x0000e14e       0xf1 CMakeFiles/lvipanel_firmware.dir/Core/Src/gpio.c.obj
 .debug_macro   0x0000e23f       0x94 CMakeFiles/lvipanel_firmware.dir/Core/Src/gpio.c.obj
 .debug_macro   0x0000e2d3      0x1e0 CMakeFiles/lvipanel_firmware.dir/Core/Src/i2c.c.obj
 .debug_macro   0x0000e4b3      0x1ea CMakeFiles/lvipanel_firmware.dir/Core/Src/lights.c.obj
 .debug_macro   0x0000e69d      0x367 CMakeFiles/lvipanel_firmware.dir/Core/Src/main.c.obj
 .debug_macro   0x0000ea04       0x16 CMakeFiles/lvipanel_firmware.dir/Core/Src/main.c.obj
 .debug_macro   0x0000ea1a       0x74 CMakeFiles/lvipanel_firmware.dir/Core/Src/main.c.obj
 .debug_macro   0x0000ea8e       0x24 CMakeFiles/lvipanel_firmware.dir/Core/Src/main.c.obj
 .debug_macro   0x0000eab2       0x3c CMakeFiles/lvipanel_firmware.dir/Core/Src/main.c.obj
 .debug_macro   0x0000eaee       0x34 CMakeFiles/lvipanel_firmware.dir/Core/Src/main.c.obj
 .debug_macro   0x0000eb22       0x16 CMakeFiles/lvipanel_firmware.dir/Core/Src/main.c.obj
 .debug_macro   0x0000eb38       0x35 CMakeFiles/lvipanel_firmware.dir/Core/Src/main.c.obj
 .debug_macro   0x0000eb6d      0x369 CMakeFiles/lvipanel_firmware.dir/Core/Src/main.c.obj
 .debug_macro   0x0000eed6       0x10 CMakeFiles/lvipanel_firmware.dir/Core/Src/main.c.obj
 .debug_macro   0x0000eee6       0x16 CMakeFiles/lvipanel_firmware.dir/Core/Src/main.c.obj
 .debug_macro   0x0000eefc       0x43 CMakeFiles/lvipanel_firmware.dir/Core/Src/main.c.obj
 .debug_macro   0x0000ef3f       0x34 CMakeFiles/lvipanel_firmware.dir/Core/Src/main.c.obj
 .debug_macro   0x0000ef73       0x10 CMakeFiles/lvipanel_firmware.dir/Core/Src/main.c.obj
 .debug_macro   0x0000ef83       0x58 CMakeFiles/lvipanel_firmware.dir/Core/Src/main.c.obj
 .debug_macro   0x0000efdb      0x1de CMakeFiles/lvipanel_firmware.dir/Core/Src/main.c.obj
 .debug_macro   0x0000f1b9       0x16 CMakeFiles/lvipanel_firmware.dir/Core/Src/main.c.obj
 .debug_macro   0x0000f1cf       0x16 CMakeFiles/lvipanel_firmware.dir/Core/Src/main.c.obj
 .debug_macro   0x0000f1e5      0x170 CMakeFiles/lvipanel_firmware.dir/Core/Src/main.c.obj
 .debug_macro   0x0000f355       0x16 CMakeFiles/lvipanel_firmware.dir/Core/Src/main.c.obj
 .debug_macro   0x0000f36b       0x16 CMakeFiles/lvipanel_firmware.dir/Core/Src/main.c.obj
 .debug_macro   0x0000f381       0x29 CMakeFiles/lvipanel_firmware.dir/Core/Src/main.c.obj
 .debug_macro   0x0000f3aa       0x16 CMakeFiles/lvipanel_firmware.dir/Core/Src/main.c.obj
 .debug_macro   0x0000f3c0       0x20 CMakeFiles/lvipanel_firmware.dir/Core/Src/main.c.obj
 .debug_macro   0x0000f3e0       0x34 CMakeFiles/lvipanel_firmware.dir/Core/Src/main.c.obj
 .debug_macro   0x0000f414      0x340 CMakeFiles/lvipanel_firmware.dir/Core/Src/panel.c.obj
 .debug_macro   0x0000f754       0x9a CMakeFiles/lvipanel_firmware.dir/Core/Src/panel.c.obj
 .debug_macro   0x0000f7ee       0x10 CMakeFiles/lvipanel_firmware.dir/Core/Src/panel.c.obj
 .debug_macro   0x0000f7fe      0x319 CMakeFiles/lvipanel_firmware.dir/Core/Src/peripherals.c.obj
 .debug_macro   0x0000fb17      0x1d0 CMakeFiles/lvipanel_firmware.dir/Core/Src/stm32f0xx_hal_msp.c.obj
 .debug_macro   0x0000fce7      0x1da CMakeFiles/lvipanel_firmware.dir/Core/Src/stm32f0xx_it.c.obj
 .debug_macro   0x0000fec1       0xec CMakeFiles/lvipanel_firmware.dir/Core/Src/sysmem.c.obj
 .debug_macro   0x0000ffad      0x23c CMakeFiles/lvipanel_firmware.dir/Core/Src/sysmem.c.obj
 .debug_macro   0x000101e9      0x1c1 CMakeFiles/lvipanel_firmware.dir/Core/Src/system_stm32f0xx.c.obj
 .debug_macro   0x000103aa      0x1da CMakeFiles/lvipanel_firmware.dir/Core/Src/tim.c.obj
 .debug_macro   0x00010584      0x1d0 CMakeFiles/lvipanel_firmware.dir/Core/Src/timer.c.obj
 .debug_macro   0x00010754       0x10 CMakeFiles/lvipanel_firmware.dir/Core/Src/timer.c.obj
 .debug_macro   0x00010764      0x1da CMakeFiles/lvipanel_firmware.dir/Core/Src/usart.c.obj
 .debug_macro   0x0001093e      0x28d CMakeFiles/lvipanel_firmware.dir/Drivers/STM32F0xx_HAL_Driver/Src/stm32f0xx_hal_i2c.c.obj
 .debug_macro   0x00010bcb      0x1c1 CMakeFiles/lvipanel_firmware.dir/Drivers/STM32F0xx_HAL_Driver/Src/stm32f0xx_hal_i2c_ex.c.obj
 .debug_macro   0x00010d8c      0x1d3 CMakeFiles/lvipanel_firmware.dir/Drivers/STM32F0xx_HAL_Driver/Src/stm32f0xx_hal_rcc.c.obj
 .debug_macro   0x00010f5f      0x1c1 CMakeFiles/lvipanel_firmware.dir/Drivers/STM32F0xx_HAL_Driver/Src/stm32f0xx_hal_rcc_ex.c.obj
 .debug_macro   0x00011120      0x1e5 CMakeFiles/lvipanel_firmware.dir/Drivers/STM32F0xx_HAL_Driver/Src/stm32f0xx_hal.c.obj
 .debug_macro   0x00011305      0x1c8 CMakeFiles/lvipanel_firmware.dir/Drivers/STM32F0xx_HAL_Driver/Src/stm32f0xx_hal_gpio.c.obj
 .debug_macro   0x000114cd      0x1c1 CMakeFiles/lvipanel_firmware.dir/Drivers/STM32F0xx_HAL_Driver/Src/stm32f0xx_hal_dma.c.obj
 .debug_macro   0x0001168e      0x1c1 CMakeFiles/lvipanel_firmware.dir/Drivers/STM32F0xx_HAL_Driver/Src/stm32f0xx_hal_cortex.c.obj
 .debug_macro   0x0001184f      0x1c2 CMakeFiles/lvipanel_firmware.dir/Drivers/STM32F0xx_HAL_Driver/Src/stm32f0xx_hal_tim.c.obj
 .debug_macro   0x00011a11      0x1c1 CMakeFiles/lvipanel_firmware.dir/Drivers/STM32F0xx_HAL_Driver/Src/stm32f0xx_hal_tim_ex.c.obj
 .debug_macro   0x00011bd2      0x1de CMakeFiles/lvipanel_firmware.dir/Drivers/STM32F0xx_HAL_Driver/Src/stm32f0xx_hal_uart.c.obj

.debug_line     0x00000000    0x16cae
 .debug_line    0x00000000      0x75e CMakeFiles/lvipanel_firmware.dir/Core/Src/gpio.c.obj
 .debug_line    0x0000075e      0x7be CMakeFiles/lvipanel_firmware.dir/Core/Src/i2c.c.obj
 .debug_line    0x00000f1c      0x80b CMakeFiles/lvipanel_firmware.dir/Core/Src/lights.c.obj
 .debug_line    0x00001727      0x980 CMakeFiles/lvipanel_firmware.dir/Core/Src/main.c.obj
 .debug_line    0x000020a7      0x9a8 CMakeFiles/lvipanel_firmware.dir/Core/Src/panel.c.obj
 .debug_line    0x00002a4f      0xb8d CMakeFiles/lvipanel_firmware.dir/Core/Src/peripherals.c.obj
 .debug_line    0x000035dc      0x73d CMakeFiles/lvipanel_firmware.dir/Core/Src/stm32f0xx_hal_msp.c.obj
 .debug_line    0x00003d19      0x7fb CMakeFiles/lvipanel_firmware.dir/Core/Src/stm32f0xx_it.c.obj
 .debug_line    0x00004514      0x34a CMakeFiles/lvipanel_firmware.dir/Core/Src/sysmem.c.obj
 .debug_line    0x0000485e      0x7ac CMakeFiles/lvipanel_firmware.dir/Core/Src/system_stm32f0xx.c.obj
 .debug_line    0x0000500a      0x859 CMakeFiles/lvipanel_firmware.dir/Core/Src/tim.c.obj
 .debug_line    0x00005863      0x7c7 CMakeFiles/lvipanel_firmware.dir/Core/Src/timer.c.obj
 .debug_line    0x0000602a      0x7ac CMakeFiles/lvipanel_firmware.dir/Core/Src/usart.c.obj
 .debug_line    0x000067d6     0x3a71 CMakeFiles/lvipanel_firmware.dir/Drivers/STM32F0xx_HAL_Driver/Src/stm32f0xx_hal_i2c.c.obj
 .debug_line    0x0000a247      0x878 CMakeFiles/lvipanel_firmware.dir/Drivers/STM32F0xx_HAL_Driver/Src/stm32f0xx_hal_i2c_ex.c.obj
 .debug_line    0x0000aabf      0xd9c CMakeFiles/lvipanel_firmware.dir/Drivers/STM32F0xx_HAL_Driver/Src/stm32f0xx_hal_rcc.c.obj
 .debug_line    0x0000b85b      0x913 CMakeFiles/lvipanel_firmware.dir/Drivers/STM32F0xx_HAL_Driver/Src/stm32f0xx_hal_rcc_ex.c.obj
 .debug_line    0x0000c16e      0x9b7 CMakeFiles/lvipanel_firmware.dir/Drivers/STM32F0xx_HAL_Driver/Src/stm32f0xx_hal.c.obj
 .debug_line    0x0000cb25      0xb50 CMakeFiles/lvipanel_firmware.dir/Drivers/STM32F0xx_HAL_Driver/Src/stm32f0xx_hal_gpio.c.obj
 .debug_line    0x0000d675      0xcdb CMakeFiles/lvipanel_firmware.dir/Drivers/STM32F0xx_HAL_Driver/Src/stm32f0xx_hal_dma.c.obj
 .debug_line    0x0000e350      0xa63 CMakeFiles/lvipanel_firmware.dir/Drivers/STM32F0xx_HAL_Driver/Src/stm32f0xx_hal_cortex.c.obj
 .debug_line    0x0000edb3     0x3674 CMakeFiles/lvipanel_firmware.dir/Drivers/STM32F0xx_HAL_Driver/Src/stm32f0xx_hal_tim.c.obj
 .debug_line    0x00012427     0x18dd CMakeFiles/lvipanel_firmware.dir/Drivers/STM32F0xx_HAL_Driver/Src/stm32f0xx_hal_tim_ex.c.obj
 .debug_line    0x00013d04     0x2b91 CMakeFiles/lvipanel_firmware.dir/Drivers/STM32F0xx_HAL_Driver/Src/stm32f0xx_hal_uart.c.obj
 .debug_line    0x00016895       0x7b CMakeFiles/lvipanel_firmware.dir/startup_stm32f030x6.s.obj
 .debug_line    0x00016910      0x210 C:/ST/STM32CubeCLT_1.16.0/GNU-tools-for-STM32/bin/../lib/gcc/arm-none-eabi/12.3.1/../../../../arm-none-eabi/lib/thumb/v6-m/nofp\libg_nano.a(libc_a-malloc.o)
 .debug_line    0x00016b20      0x18e C:/ST/STM32CubeCLT_1.16.0/GNU-tools-for-STM32/bin/../lib/gcc/arm-none-eabi/12.3.1/../../../../arm-none-eabi/lib/thumb/v6-m/nofp\libg_nano.a(libc_a-errno.o)

.debug_str      0x00000000    0x66539
 .debug_str     0x00000000    0x5d229 CMakeFiles/lvipanel_firmware.dir/Core/Src/gpio.c.obj
                              0x5d4a8 (size before relaxing)
 .debug_str     0x0005d229      0x647 CMakeFiles/lvipanel_firmware.dir/Core/Src/i2c.c.obj
                              0x5db90 (size before relaxing)
 .debug_str     0x0005d870      0x390 CMakeFiles/lvipanel_firmware.dir/Core/Src/lights.c.obj
                              0x5d963 (size before relaxing)
 .debug_str     0x0005dc00     0x3a0e CMakeFiles/lvipanel_firmware.dir/Core/Src/main.c.obj
                              0x6161c (size before relaxing)
 .debug_str     0x0006160e      0x4de CMakeFiles/lvipanel_firmware.dir/Core/Src/panel.c.obj
                              0x61836 (size before relaxing)
 .debug_str     0x00061aec      0x481 CMakeFiles/lvipanel_firmware.dir/Core/Src/peripherals.c.obj
                              0x60f8a (size before relaxing)
 .debug_str     0x00061f6d       0x59 CMakeFiles/lvipanel_firmware.dir/Core/Src/stm32f0xx_hal_msp.c.obj
                              0x5d3dd (size before relaxing)
 .debug_str     0x00061fc6      0x11f CMakeFiles/lvipanel_firmware.dir/Core/Src/stm32f0xx_it.c.obj
                              0x5dbf5 (size before relaxing)
 .debug_str     0x000620e5      0x509 CMakeFiles/lvipanel_firmware.dir/Core/Src/sysmem.c.obj
                               0x59f0 (size before relaxing)
 .debug_str     0x000625ee       0xb8 CMakeFiles/lvipanel_firmware.dir/Core/Src/system_stm32f0xx.c.obj
                              0x5d18b (size before relaxing)
 .debug_str     0x000626a6      0x217 CMakeFiles/lvipanel_firmware.dir/Core/Src/tim.c.obj
                              0x5dd05 (size before relaxing)
 .debug_str     0x000628bd       0x41 CMakeFiles/lvipanel_firmware.dir/Core/Src/timer.c.obj
                              0x5d19c (size before relaxing)
 .debug_str     0x000628fe      0x29c CMakeFiles/lvipanel_firmware.dir/Core/Src/usart.c.obj
                              0x5d930 (size before relaxing)
 .debug_str     0x00062b9a      0xdcc CMakeFiles/lvipanel_firmware.dir/Drivers/STM32F0xx_HAL_Driver/Src/stm32f0xx_hal_i2c.c.obj
                              0x5e4e9 (size before relaxing)
 .debug_str     0x00063966       0xb5 CMakeFiles/lvipanel_firmware.dir/Drivers/STM32F0xx_HAL_Driver/Src/stm32f0xx_hal_i2c_ex.c.obj
                              0x5d6ba (size before relaxing)
 .debug_str     0x00063a1b      0x26f CMakeFiles/lvipanel_firmware.dir/Drivers/STM32F0xx_HAL_Driver/Src/stm32f0xx_hal_rcc.c.obj
                              0x5d5c7 (size before relaxing)
 .debug_str     0x00063c8a       0xc4 CMakeFiles/lvipanel_firmware.dir/Drivers/STM32F0xx_HAL_Driver/Src/stm32f0xx_hal_rcc_ex.c.obj
                              0x5d2d4 (size before relaxing)
 .debug_str     0x00063d4e      0x35e CMakeFiles/lvipanel_firmware.dir/Drivers/STM32F0xx_HAL_Driver/Src/stm32f0xx_hal.c.obj
                              0x5d6ea (size before relaxing)
 .debug_str     0x000640ac      0x113 CMakeFiles/lvipanel_firmware.dir/Drivers/STM32F0xx_HAL_Driver/Src/stm32f0xx_hal_gpio.c.obj
                              0x5d32c (size before relaxing)
 .debug_str     0x000641bf      0x242 CMakeFiles/lvipanel_firmware.dir/Drivers/STM32F0xx_HAL_Driver/Src/stm32f0xx_hal_dma.c.obj
                              0x5d531 (size before relaxing)
 .debug_str     0x00064401      0x1c4 CMakeFiles/lvipanel_firmware.dir/Drivers/STM32F0xx_HAL_Driver/Src/stm32f0xx_hal_cortex.c.obj
                              0x5d4db (size before relaxing)
 .debug_str     0x000645c5      0xd2f CMakeFiles/lvipanel_firmware.dir/Drivers/STM32F0xx_HAL_Driver/Src/stm32f0xx_hal_tim.c.obj
                              0x5e5a1 (size before relaxing)
 .debug_str     0x000652f4      0x4c0 CMakeFiles/lvipanel_firmware.dir/Drivers/STM32F0xx_HAL_Driver/Src/stm32f0xx_hal_tim_ex.c.obj
                              0x5ddad (size before relaxing)
 .debug_str     0x000657b4      0x860 CMakeFiles/lvipanel_firmware.dir/Drivers/STM32F0xx_HAL_Driver/Src/stm32f0xx_hal_uart.c.obj
                              0x5dea4 (size before relaxing)
 .debug_str     0x00066014       0x62 CMakeFiles/lvipanel_firmware.dir/startup_stm32f030x6.s.obj
                                 0x9e (size before relaxing)
 .debug_str     0x00066076      0x46b C:/ST/STM32CubeCLT_1.16.0/GNU-tools-for-STM32/bin/../lib/gcc/arm-none-eabi/12.3.1/../../../../arm-none-eabi/lib/thumb/v6-m/nofp\libg_nano.a(libc_a-malloc.o)
                                0x54f (size before relaxing)
 .debug_str     0x000664e1       0x58 C:/ST/STM32CubeCLT_1.16.0/GNU-tools-for-STM32/bin/../lib/gcc/arm-none-eabi/12.3.1/../../../../arm-none-eabi/lib/thumb/v6-m/nofp\libg_nano.a(libc_a-errno.o)
                                0x524 (size before relaxing)

.comment        0x00000000       0x43
 .comment       0x00000000       0x43 CMakeFiles/lvipanel_firmware.dir/Core/Src/gpio.c.obj
                                 0x44 (size before relaxing)
 .comment       0x00000043       0x44 CMakeFiles/lvipanel_firmware.dir/Core/Src/i2c.c.obj
 .comment       0x00000043       0x44 CMakeFiles/lvipanel_firmware.dir/Core/Src/lights.c.obj
 .comment       0x00000043       0x44 CMakeFiles/lvipanel_firmware.dir/Core/Src/main.c.obj
 .comment       0x00000043       0x44 CMakeFiles/lvipanel_firmware.dir/Core/Src/panel.c.obj
 .comment       0x00000043       0x44 CMakeFiles/lvipanel_firmware.dir/Core/Src/peripherals.c.obj
 .comment       0x00000043       0x44 CMakeFiles/lvipanel_firmware.dir/Core/Src/stm32f0xx_hal_msp.c.obj
 .comment       0x00000043       0x44 CMakeFiles/lvipanel_firmware.dir/Core/Src/stm32f0xx_it.c.obj
 .comment       0x00000043       0x44 CMakeFiles/lvipanel_firmware.dir/Core/Src/sysmem.c.obj
 .comment       0x00000043       0x44 CMakeFiles/lvipanel_firmware.dir/Core/Src/system_stm32f0xx.c.obj
 .comment       0x00000043       0x44 CMakeFiles/lvipanel_firmware.dir/Core/Src/tim.c.obj
 .comment       0x00000043       0x44 CMakeFiles/lvipanel_firmware.dir/Core/Src/timer.c.obj
 .comment       0x00000043       0x44 CMakeFiles/lvipanel_firmware.dir/Core/Src/usart.c.obj
 .comment       0x00000043       0x44 CMakeFiles/lvipanel_firmware.dir/Drivers/STM32F0xx_HAL_Driver/Src/stm32f0xx_hal_i2c.c.obj
 .comment       0x00000043       0x44 CMakeFiles/lvipanel_firmware.dir/Drivers/STM32F0xx_HAL_Driver/Src/stm32f0xx_hal_i2c_ex.c.obj
 .comment       0x00000043       0x44 CMakeFiles/lvipanel_firmware.dir/Drivers/STM32F0xx_HAL_Driver/Src/stm32f0xx_hal_rcc.c.obj
 .comment       0x00000043       0x44 CMakeFiles/lvipanel_firmware.dir/Drivers/STM32F0xx_HAL_Driver/Src/stm32f0xx_hal_rcc_ex.c.obj
 .comment       0x00000043       0x44 CMakeFiles/lvipanel_firmware.dir/Drivers/STM32F0xx_HAL_Driver/Src/stm32f0xx_hal.c.obj
 .comment       0x00000043       0x44 CMakeFiles/lvipanel_firmware.dir/Drivers/STM32F0xx_HAL_Driver/Src/stm32f0xx_hal_gpio.c.obj
 .comment       0x00000043       0x44 CMakeFiles/lvipanel_firmware.dir/Drivers/STM32F0xx_HAL_Driver/Src/stm32f0xx_hal_dma.c.obj
 .comment       0x00000043       0x44 CMakeFiles/lvipanel_firmware.dir/Drivers/STM32F0xx_HAL_Driver/Src/stm32f0xx_hal_cortex.c.obj
 .comment       0x00000043       0x44 CMakeFiles/lvipanel_firmware.dir/Drivers/STM32F0xx_HAL_Driver/Src/stm32f0xx_hal_tim.c.obj
 .comment       0x00000043       0x44 CMakeFiles/lvipanel_firmware.dir/Drivers/STM32F0xx_HAL_Driver/Src/stm32f0xx_hal_tim_ex.c.obj
 .comment       0x00000043       0x44 CMakeFiles/lvipanel_firmware.dir/Drivers/STM32F0xx_HAL_Driver/Src/stm32f0xx_hal_uart.c.obj
 .comment       0x00000043       0x44 C:/ST/STM32CubeCLT_1.16.0/GNU-tools-for-STM32/bin/../lib/gcc/arm-none-eabi/12.3.1/../../../../arm-none-eabi/lib/thumb/v6-m/nofp\libg_nano.a(libc_a-malloc.o)
 .comment       0x00000043       0x44 C:/ST/STM32CubeCLT_1.16.0/GNU-tools-for-STM32/bin/../lib/gcc/arm-none-eabi/12.3.1/../../../../arm-none-eabi/lib/thumb/v6-m/nofp\libg_nano.a(libc_a-errno.o)

.debug_line_str
                0x00000000       0x82
 .debug_line_str
                0x00000000       0x82 CMakeFiles/lvipanel_firmware.dir/startup_stm32f030x6.s.obj

.debug_loclists
                0x00000000       0x48
 .debug_loclists
                0x00000000       0x48 C:/ST/STM32CubeCLT_1.16.0/GNU-tools-for-STM32/bin/../lib/gcc/arm-none-eabi/12.3.1/../../../../arm-none-eabi/lib/thumb/v6-m/nofp\libg_nano.a(libc_a-malloc.o)