Archive member included to satisfy reference by file (symbol)

C:/ST/STM32CubeCLT_1.16.0/GNU-tools-for-STM32/bin/../lib/gcc/arm-none-eabi/12.3.1/../../../../arm-none-eabi/lib/thumb/v6-m/nofp\libc_nano.a(libc_a-exit.o)
                              C:/ST/STM32CubeCLT_1.16.0/GNU-tools-for-STM32/bin/../lib/gcc/arm-none-eabi/12.3.1/../../../../arm-none-eabi/lib/thumb/v6-m/nofp/crt0.o (exit)
C:/ST/STM32CubeCLT_1.16.0/GNU-tools-for-STM32/bin/../lib/gcc/arm-none-eabi/12.3.1/../../../../arm-none-eabi/lib/thumb/v6-m/nofp\libc_nano.a(libc_a-findfp.o)
                              C:/ST/STM32CubeCLT_1.16.0/GNU-tools-for-STM32/bin/../lib/gcc/arm-none-eabi/12.3.1/../../../../arm-none-eabi/lib/thumb/v6-m/nofp\libc_nano.a(libc_a-exit.o) (__stdio_exit_handler)
C:/ST/STM32CubeCLT_1.16.0/GNU-tools-for-STM32/bin/../lib/gcc/arm-none-eabi/12.3.1/../../../../arm-none-eabi/lib/thumb/v6-m/nofp\libc_nano.a(libc_a-fwalk.o)
                              C:/ST/STM32CubeCLT_1.16.0/GNU-tools-for-STM32/bin/../lib/gcc/arm-none-eabi/12.3.1/../../../../arm-none-eabi/lib/thumb/v6-m/nofp\libc_nano.a(libc_a-findfp.o) (_fwalk_sglue)
C:/ST/STM32CubeCLT_1.16.0/GNU-tools-for-STM32/bin/../lib/gcc/arm-none-eabi/12.3.1/../../../../arm-none-eabi/lib/thumb/v6-m/nofp\libc_nano.a(libc_a-stdio.o)
                              C:/ST/STM32CubeCLT_1.16.0/GNU-tools-for-STM32/bin/../lib/gcc/arm-none-eabi/12.3.1/../../../../arm-none-eabi/lib/thumb/v6-m/nofp\libc_nano.a(libc_a-findfp.o) (__sread)
C:/ST/STM32CubeCLT_1.16.0/GNU-tools-for-STM32/bin/../lib/gcc/arm-none-eabi/12.3.1/../../../../arm-none-eabi/lib/thumb/v6-m/nofp\libc_nano.a(libc_a-memset.o)
                              C:/ST/STM32CubeCLT_1.16.0/GNU-tools-for-STM32/bin/../lib/gcc/arm-none-eabi/12.3.1/../../../../arm-none-eabi/lib/thumb/v6-m/nofp/crt0.o (memset)
C:/ST/STM32CubeCLT_1.16.0/GNU-tools-for-STM32/bin/../lib/gcc/arm-none-eabi/12.3.1/../../../../arm-none-eabi/lib/thumb/v6-m/nofp\libc_nano.a(libc_a-closer.o)
                              C:/ST/STM32CubeCLT_1.16.0/GNU-tools-for-STM32/bin/../lib/gcc/arm-none-eabi/12.3.1/../../../../arm-none-eabi/lib/thumb/v6-m/nofp\libc_nano.a(libc_a-stdio.o) (_close_r)
C:/ST/STM32CubeCLT_1.16.0/GNU-tools-for-STM32/bin/../lib/gcc/arm-none-eabi/12.3.1/../../../../arm-none-eabi/lib/thumb/v6-m/nofp\libc_nano.a(libc_a-reent.o)
                              C:/ST/STM32CubeCLT_1.16.0/GNU-tools-for-STM32/bin/../lib/gcc/arm-none-eabi/12.3.1/../../../../arm-none-eabi/lib/thumb/v6-m/nofp\libc_nano.a(libc_a-closer.o) (errno)
C:/ST/STM32CubeCLT_1.16.0/GNU-tools-for-STM32/bin/../lib/gcc/arm-none-eabi/12.3.1/../../../../arm-none-eabi/lib/thumb/v6-m/nofp\libc_nano.a(libc_a-impure.o)
                              C:/ST/STM32CubeCLT_1.16.0/GNU-tools-for-STM32/bin/../lib/gcc/arm-none-eabi/12.3.1/../../../../arm-none-eabi/lib/thumb/v6-m/nofp\libc_nano.a(libc_a-reent.o) (_impure_ptr)
C:/ST/STM32CubeCLT_1.16.0/GNU-tools-for-STM32/bin/../lib/gcc/arm-none-eabi/12.3.1/../../../../arm-none-eabi/lib/thumb/v6-m/nofp\libc_nano.a(libc_a-lseekr.o)
                              C:/ST/STM32CubeCLT_1.16.0/GNU-tools-for-STM32/bin/../lib/gcc/arm-none-eabi/12.3.1/../../../../arm-none-eabi/lib/thumb/v6-m/nofp\libc_nano.a(libc_a-stdio.o) (_lseek_r)
C:/ST/STM32CubeCLT_1.16.0/GNU-tools-for-STM32/bin/../lib/gcc/arm-none-eabi/12.3.1/../../../../arm-none-eabi/lib/thumb/v6-m/nofp\libc_nano.a(libc_a-readr.o)
                              C:/ST/STM32CubeCLT_1.16.0/GNU-tools-for-STM32/bin/../lib/gcc/arm-none-eabi/12.3.1/../../../../arm-none-eabi/lib/thumb/v6-m/nofp\libc_nano.a(libc_a-stdio.o) (_read_r)
C:/ST/STM32CubeCLT_1.16.0/GNU-tools-for-STM32/bin/../lib/gcc/arm-none-eabi/12.3.1/../../../../arm-none-eabi/lib/thumb/v6-m/nofp\libc_nano.a(libc_a-writer.o)
                              C:/ST/STM32CubeCLT_1.16.0/GNU-tools-for-STM32/bin/../lib/gcc/arm-none-eabi/12.3.1/../../../../arm-none-eabi/lib/thumb/v6-m/nofp\libc_nano.a(libc_a-stdio.o) (_write_r)
C:/ST/STM32CubeCLT_1.16.0/GNU-tools-for-STM32/bin/../lib/gcc/arm-none-eabi/12.3.1/../../../../arm-none-eabi/lib/thumb/v6-m/nofp\libc_nano.a(libc_a-init.o)
                              C:/ST/STM32CubeCLT_1.16.0/GNU-tools-for-STM32/bin/../lib/gcc/arm-none-eabi/12.3.1/../../../../arm-none-eabi/lib/thumb/v6-m/nofp/crt0.o (__libc_init_array)
C:/ST/STM32CubeCLT_1.16.0/GNU-tools-for-STM32/bin/../lib/gcc/arm-none-eabi/12.3.1/../../../../arm-none-eabi/lib/thumb/v6-m/nofp\libc_nano.a(libc_a-lock.o)
                              C:/ST/STM32CubeCLT_1.16.0/GNU-tools-for-STM32/bin/../lib/gcc/arm-none-eabi/12.3.1/../../../../arm-none-eabi/lib/thumb/v6-m/nofp\libc_nano.a(libc_a-findfp.o) (__retarget_lock_init_recursive)
C:/ST/STM32CubeCLT_1.16.0/GNU-tools-for-STM32/bin/../lib/gcc/arm-none-eabi/12.3.1/../../../../arm-none-eabi/lib/thumb/v6-m/nofp\libc_nano.a(libc_a-freer.o)
                              C:/ST/STM32CubeCLT_1.16.0/GNU-tools-for-STM32/bin/../lib/gcc/arm-none-eabi/12.3.1/../../../../arm-none-eabi/lib/thumb/v6-m/nofp\libc_nano.a(libc_a-reent.o) (_free_r)
[...]
Memory Configuration

Name             Origin             Length             Attributes
RAM              0x20000000         0x00001000         xrw
FLASH            0x08000000         0x00008000         xr
*default*        0x00000000         0xffffffff

Linker script and memory map

LOAD C:/ST/STM32CubeCLT_1.16.0/GNU-tools-for-STM32/bin/../lib/gcc/arm-none-eabi/12.3.1/thumb/v6-m/nofp/crti.o
LOAD C:/ST/STM32CubeCLT_1.16.0/GNU-tools-for-STM32/bin/../lib/gcc/arm-none-eabi/12.3.1/thumb/v6-m/nofp/crtbegin.o
LOAD C:/ST/STM32CubeCLT_1.16.0/GNU-tools-for-STM32/bin/../lib/gcc/arm-none-eabi/12.3.1/../../../../arm-none-eabi/lib/thumb/v6-m/nofp/crt0.o
START GROUP
LOAD C:/ST/STM32CubeCLT_1.16.0/GNU-tools-for-STM32/bin/../lib/gcc/arm-none-eabi/12.3.1/../../../../arm-none-eabi/lib/thumb/v6-m/nofp\libc_nano.a
LOAD C:/ST/STM32CubeCLT_1.16.0/GNU-tools-for-STM32/bin/../lib/gcc/arm-none-eabi/12.3.1/../../../../arm-none-eabi/lib/thumb/v6-m/nofp\libm.a
END GROUP
LOAD CMakeFiles/lvipanel_firmware.dir/Core/Src/dma.c.obj
LOAD CMakeFiles/lvipanel_firmware.dir/Core/Src/event_handler.c.obj
LOAD CMakeFiles/lvipanel_firmware.dir/Core/Src/gpio.c.obj
LOAD CMakeFiles/lvipanel_firmware.dir/Core/Src/i2c.c.obj
LOAD CMakeFiles/lvipanel_firmware.dir/Core/Src/lights.c.obj
LOAD CMakeFiles/lvipanel_firmware.dir/Core/Src/main.c.obj
LOAD CMakeFiles/lvipanel_firmware.dir/Core/Src/peripherals.c.obj
LOAD CMakeFiles/lvipanel_firmware.dir/Core/Src/stm32f0xx_hal_msp.c.obj
LOAD CMakeFiles/lvipanel_firmware.dir/Core/Src/stm32f0xx_it.c.obj
LOAD CMakeFiles/lvipanel_firmware.dir/Core/Src/syscalls.c.obj
LOAD CMakeFiles/lvipanel_firmware.dir/Core/Src/sysmem.c.obj
LOAD CMakeFiles/lvipanel_firmware.dir/Core/Src/system_stm32f0xx.c.obj
LOAD CMakeFiles/lvipanel_firmware.dir/Core/Src/tim.c.obj
LOAD CMakeFiles/lvipanel_firmware.dir/Core/Src/timer.c.obj
LOAD CMakeFiles/lvipanel_firmware.dir/Core/Src/usart.c.obj
LOAD CMakeFiles/lvipanel_firmware.dir/Drivers/STM32F0xx_HAL_Driver/Src/stm32f0xx_hal_i2c.c.obj
LOAD CMakeFiles/lvipanel_firmware.dir/Drivers/STM32F0xx_HAL_Driver/Src/stm32f0xx_hal_i2c_ex.c.obj
LOAD CMakeFiles/lvipanel_firmware.dir/Drivers/STM32F0xx_HAL_Driver/Src/stm32f0xx_hal_rcc.c.obj
LOAD CMakeFiles/lvipanel_firmware.dir/Drivers/STM32F0xx_HAL_Driver/Src/stm32f0xx_hal_rcc_ex.c.obj
LOAD CMakeFiles/lvipanel_firmware.dir/Drivers/STM32F0xx_HAL_Driver/Src/stm32f0xx_hal.c.obj
LOAD CMakeFiles/lvipanel_firmware.dir/Drivers/STM32F0xx_HAL_Driver/Src/stm32f0xx_hal_gpio.c.obj
LOAD CMakeFiles/lvipanel_firmware.dir/Drivers/STM32F0xx_HAL_Driver/Src/stm32f0xx_hal_dma.c.obj
LOAD CMakeFiles/lvipanel_firmware.dir/Drivers/STM32F0xx_HAL_Driver/Src/stm32f0xx_hal_cortex.c.obj
LOAD CMakeFiles/lvipanel_firmware.dir/Drivers/STM32F0xx_HAL_Driver/Src/stm32f0xx_hal_pwr.c.obj
LOAD CMakeFiles/lvipanel_firmware.dir/Drivers/STM32F0xx_HAL_Driver/Src/stm32f0xx_hal_pwr_ex.c.obj
LOAD CMakeFiles/lvipanel_firmware.dir/Drivers/STM32F0xx_HAL_Driver/Src/stm32f0xx_hal_flash.c.obj
LOAD CMakeFiles/lvipanel_firmware.dir/Drivers/STM32F0xx_HAL_Driver/Src/stm32f0xx_hal_flash_ex.c.obj
LOAD CMakeFiles/lvipanel_firmware.dir/Drivers/STM32F0xx_HAL_Driver/Src/stm32f0xx_hal_exti.c.obj
LOAD CMakeFiles/lvipanel_firmware.dir/Drivers/STM32F0xx_HAL_Driver/Src/stm32f0xx_hal_tim.c.obj
LOAD CMakeFiles/lvipanel_firmware.dir/Drivers/STM32F0xx_HAL_Driver/Src/stm32f0xx_hal_tim_ex.c.obj
LOAD CMakeFiles/lvipanel_firmware.dir/Drivers/STM32F0xx_HAL_Driver/Src/stm32f0xx_hal_uart.c.obj
LOAD CMakeFiles/lvipanel_firmware.dir/Drivers/STM32F0xx_HAL_Driver/Src/stm32f0xx_hal_uart_ex.c.obj
LOAD CMakeFiles/lvipanel_firmware.dir/startup_stm32f030x6.s.obj
START GROUP
LOAD C:/ST/STM32CubeCLT_1.16.0/GNU-tools-for-STM32/bin/../lib/gcc/arm-none-eabi/12.3.1/thumb/v6-m/nofp\libgcc.a
LOAD C:/ST/STM32CubeCLT_1.16.0/GNU-tools-for-STM32/bin/../lib/gcc/arm-none-eabi/12.3.1/../../../../arm-none-eabi/lib/thumb/v6-m/nofp\libg_nano.a
LOAD C:/ST/STM32CubeCLT_1.16.0/GNU-tools-for-STM32/bin/../lib/gcc/arm-none-eabi/12.3.1/../../../../arm-none-eabi/lib/thumb/v6-m/nofp\libc_nano.a
END GROUP
START GROUP
LOAD C:/ST/STM32CubeCLT_1.16.0/GNU-tools-for-STM32/bin/../lib/gcc/arm-none-eabi/12.3.1/thumb/v6-m/nofp\libgcc.a
LOAD C:/ST/STM32CubeCLT_1.16.0/GNU-tools-for-STM32/bin/../lib/gcc/arm-none-eabi/12.3.1/../../../../arm-none-eabi/lib/thumb/v6-m/nofp\libc_nano.a
END GROUP
LOAD C:/ST/STM32CubeCLT_1.16.0/GNU-tools-for-STM32/bin/../lib/gcc/arm-none-eabi/12.3.1/thumb/v6-m/nofp/crtend.o
LOAD C:/ST/STM32CubeCLT_1.16.0/GNU-tools-for-STM32/bin/../lib/gcc/arm-none-eabi/12.3.1/thumb/v6-m/nofp/crtn.o
                0x20001000                        _estack = (ORIGIN (RAM) + LENGTH (RAM))
                0x00000200                        _Min_Heap_Size = 0x200
                0x00000400                        _Min_Stack_Size = 0x400

.isr_vector     0x08000000       0xc0
                0x08000000                        . = ALIGN (0x4)
 *(.isr_vector)
 .isr_vector    0x08000000       0xc0 CMakeFiles/lvipanel_firmware.dir/startup_stm32f030x6.s.obj
                0x08000000                g_pfnVectors
                0x080000c0                        . = ALIGN (0x4)

.text           0x080000c0     0x5c74
                0x080000c0                        . = ALIGN (0x4)
 *(.text)
 .text          0x080000c0       0x48 C:/ST/STM32CubeCLT_1.16.0/GNU-tools-for-STM32/bin/../lib/gcc/arm-none-eabi/12.3.1/thumb/v6-m/nofp/crtbegin.o
 .text          0x08000108      0x114 C:/ST/STM32CubeCLT_1.16.0/GNU-tools-for-STM32/bin/../lib/gcc/arm-none-eabi/12.3.1/thumb/v6-m/nofp\libgcc.a(_udivsi3.o)
                0x08000108                __aeabi_uidiv
                0x08000108                __udivsi3
                0x08000214                __aeabi_uidivmod
 .text          0x0800021c        0x4 C:/ST/STM32CubeCLT_1.16.0/GNU-tools-for-STM32/bin/../lib/gcc/arm-none-eabi/12.3.1/thumb/v6-m/nofp\libgcc.a(_dvmd_tls.o)
                0x0800021c                __aeabi_idiv0
                0x0800021c                __aeabi_ldiv0
 *(.text*)
 .text.memset   0x08000220       0x10 C:/ST/STM32CubeCLT_1.16.0/GNU-tools-for-STM32/bin/../lib/gcc/arm-none-eabi/12.3.1/../../../../arm-none-eabi/lib/thumb/v6-m/nofp\libc_nano.a(libc_a-memset.o)
                0x08000220                memset
 .text.__libc_init_array
                0x08000230       0x48 C:/ST/STM32CubeCLT_1.16.0/GNU-tools-for-STM32/bin/../lib/gcc/arm-none-eabi/12.3.1/../../../../arm-none-eabi/lib/thumb/v6-m/nofp\libc_nano.a(libc_a-init.o)
                0x08000230                __libc_init_array
 .text.__retarget_lock_acquire_recursive
                0x08000278        0x2 C:/ST/STM32CubeCLT_1.16.0/GNU-tools-for-STM32/bin/../lib/gcc/arm-none-eabi/12.3.1/../../../../arm-none-eabi/lib/thumb/v6-m/nofp\libc_nano.a(libc_a-lock.o)
                0x08000278                __retarget_lock_acquire_recursive
 .text.__retarget_lock_release_recursive
                0x0800027a        0x2 C:/ST/STM32CubeCLT_1.16.0/GNU-tools-for-STM32/bin/../lib/gcc/arm-none-eabi/12.3.1/../../../../arm-none-eabi/lib/thumb/v6-m/nofp\libc_nano.a(libc_a-lock.o)
                0x0800027a                __retarget_lock_release_recursive
 .text.sbrk_aligned
                0x0800027c       0x44 C:/ST/STM32CubeCLT_1.16.0/GNU-tools-for-STM32/bin/../lib/gcc/arm-none-eabi/12.3.1/../../../../arm-none-eabi/lib/thumb/v6-m/nofp\libc_nano.a(libc_a-mallocr.o)
 .text._malloc_r
                0x080002c0      0x100 C:/ST/STM32CubeCLT_1.16.0/GNU-tools-for-STM32/bin/../lib/gcc/arm-none-eabi/12.3.1/../../../../arm-none-eabi/lib/thumb/v6-m/nofp\libc_nano.a(libc_a-mallocr.o)
                0x080002c0                _malloc_r
 .text.__malloc_lock
                0x080003c0       0x10 C:/ST/STM32CubeCLT_1.16.0/GNU-tools-for-STM32/bin/../lib/gcc/arm-none-eabi/12.3.1/../../../../arm-none-eabi/lib/thumb/v6-m/nofp\libc_nano.a(libc_a-mlock.o)
                0x080003c0                __malloc_lock
 .text.__malloc_unlock
                0x080003d0       0x10 C:/ST/STM32CubeCLT_1.16.0/GNU-tools-for-STM32/bin/../lib/gcc/arm-none-eabi/12.3.1/../../../../arm-none-eabi/lib/thumb/v6-m/nofp\libc_nano.a(libc_a-mlock.o)
                0x080003d0                __malloc_unlock
 .text._sbrk_r  0x080003e0       0x24 C:/ST/STM32CubeCLT_1.16.0/GNU-tools-for-STM32/bin/../lib/gcc/arm-none-eabi/12.3.1/../../../../arm-none-eabi/lib/thumb/v6-m/nofp\libc_nano.a(libc_a-sbrkr.o)
                0x080003e0                _sbrk_r
 .text.MX_DMA_Init
                0x08000404       0x3c CMakeFiles/lvipanel_firmware.dir/Core/Src/dma.c.obj
                0x08000404                MX_DMA_Init
 .text.MX_GPIO_Init
                0x08000440       0xd0 CMakeFiles/lvipanel_firmware.dir/Core/Src/gpio.c.obj
                0x08000440                MX_GPIO_Init
 .text.MX_I2C1_Init
                0x08000510       0x84 CMakeFiles/lvipanel_firmware.dir/Core/Src/i2c.c.obj
                0x08000510                MX_I2C1_Init
 .text.HAL_I2C_MspInit
                0x08000594      0x168 CMakeFiles/lvipanel_firmware.dir/Core/Src/i2c.c.obj
                0x08000594                HAL_I2C_MspInit
 .text.Lights_Init
                0x080006fc       0xb2 CMakeFiles/lvipanel_firmware.dir/Core/Src/lights.c.obj
                0x080006fc                Lights_Init
 .text.Lights_LinearIncrease
                0x080007ae       0x3a CMakeFiles/lvipanel_firmware.dir/Core/Src/lights.c.obj
                0x080007ae                Lights_LinearIncrease
 .text.Lights_LinearDecrease
                0x080007e8       0x3a CMakeFiles/lvipanel_firmware.dir/Core/Src/lights.c.obj
                0x080007e8                Lights_LinearDecrease
 *fill*         0x08000822        0x2 
 .text.main     0x08000824       0xc4 CMakeFiles/lvipanel_firmware.dir/Core/Src/main.c.obj
                0x08000824                main
 .text.SystemClock_Config
                0x080008e8       0xc8 CMakeFiles/lvipanel_firmware.dir/Core/Src/main.c.obj
                0x080008e8                SystemClock_Config
 .text.EventHandler_Peripherals
                0x080009b0       0x5c CMakeFiles/lvipanel_firmware.dir/Core/Src/main.c.obj
                0x080009b0                EventHandler_Peripherals
 .text.HAL_TIM_PeriodElapsedCallback
                0x08000a0c       0x30 CMakeFiles/lvipanel_firmware.dir/Core/Src/main.c.obj
                0x08000a0c                HAL_TIM_PeriodElapsedCallback
 .text.Error_Handler
                0x08000a3c       0x34 CMakeFiles/lvipanel_firmware.dir/Core/Src/main.c.obj
                0x08000a3c                Error_Handler
 .text.Peripheral_ButtonInit
                0x08000a70       0xb8 CMakeFiles/lvipanel_firmware.dir/Core/Src/peripherals.c.obj
                0x08000a70                Peripheral_ButtonInit
 .text.Peripheral_ButtonScan
                0x08000b28       0xc6 CMakeFiles/lvipanel_firmware.dir/Core/Src/peripherals.c.obj
                0x08000b28                Peripheral_ButtonScan
 *fill*         0x08000bee        0x2 
 .text.Peripheral_ButtonExec
                0x08000bf0      0x100 CMakeFiles/lvipanel_firmware.dir/Core/Src/peripherals.c.obj
                0x08000bf0                Peripheral_ButtonExec
 .text.Peripheral_EncoderInit
                0x08000cf0       0x74 CMakeFiles/lvipanel_firmware.dir/Core/Src/peripherals.c.obj
                0x08000cf0                Peripheral_EncoderInit
 .text.Peripheral_EncoderScan
                0x08000d64       0xe4 CMakeFiles/lvipanel_firmware.dir/Core/Src/peripherals.c.obj
                0x08000d64                Peripheral_EncoderScan
 .text.Peripheral_EncoderExec
                0x08000e48       0x54 CMakeFiles/lvipanel_firmware.dir/Core/Src/peripherals.c.obj
                0x08000e48                Peripheral_EncoderExec
 .text.Peripheral_InitGroup
                0x08000e9c      0x11c CMakeFiles/lvipanel_firmware.dir/Core/Src/peripherals.c.obj
                0x08000e9c                Peripheral_InitGroup
 .text.Peripheral_ScanGroup
                0x08000fb8       0xec CMakeFiles/lvipanel_firmware.dir/Core/Src/peripherals.c.obj
                0x08000fb8                Peripheral_ScanGroup
 .text.NMI_Handler
                0x080010a4        0x8 CMakeFiles/lvipanel_firmware.dir/Core/Src/stm32f0xx_it.c.obj
                0x080010a4                NMI_Handler
 .text.HardFault_Handler
                0x080010ac        0x8 CMakeFiles/lvipanel_firmware.dir/Core/Src/stm32f0xx_it.c.obj
                0x080010ac                HardFault_Handler
 .text.SVC_Handler
                0x080010b4        0xa CMakeFiles/lvipanel_firmware.dir/Core/Src/stm32f0xx_it.c.obj
                0x080010b4                SVC_Handler
 .text.PendSV_Handler
                0x080010be        0xa CMakeFiles/lvipanel_firmware.dir/Core/Src/stm32f0xx_it.c.obj
                0x080010be                PendSV_Handler
 .text.SysTick_Handler
                0x080010c8        0xe CMakeFiles/lvipanel_firmware.dir/Core/Src/stm32f0xx_it.c.obj
                0x080010c8                SysTick_Handler
 *fill*         0x080010d6        0x2 
 .text.DMA1_Channel2_3_IRQHandler
                0x080010d8       0x24 CMakeFiles/lvipanel_firmware.dir/Core/Src/stm32f0xx_it.c.obj
                0x080010d8                DMA1_Channel2_3_IRQHandler
 .text.TIM3_IRQHandler
                0x080010fc       0x18 CMakeFiles/lvipanel_firmware.dir/Core/Src/stm32f0xx_it.c.obj
                0x080010fc                TIM3_IRQHandler
 .text.TIM14_IRQHandler
                0x08001114       0x18 CMakeFiles/lvipanel_firmware.dir/Core/Src/stm32f0xx_it.c.obj
                0x08001114                TIM14_IRQHandler
 .text.I2C1_IRQHandler
                0x0800112c       0x30 CMakeFiles/lvipanel_firmware.dir/Core/Src/stm32f0xx_it.c.obj
                0x0800112c                I2C1_IRQHandler
 .text._sbrk    0x0800115c       0x6c CMakeFiles/lvipanel_firmware.dir/Core/Src/sysmem.c.obj
                0x0800115c                _sbrk
 .text.SystemInit
                0x080011c8        0xa CMakeFiles/lvipanel_firmware.dir/Core/Src/system_stm32f0xx.c.obj
                0x080011c8                SystemInit
 *fill*         0x080011d2        0x2 
 .text.MX_TIM3_Init
                0x080011d4      0x118 CMakeFiles/lvipanel_firmware.dir/Core/Src/tim.c.obj
                0x080011d4                MX_TIM3_Init
 .text.MX_TIM14_Init
                0x080012ec       0x4c CMakeFiles/lvipanel_firmware.dir/Core/Src/tim.c.obj
                0x080012ec                MX_TIM14_Init
 .text.HAL_TIM_Base_MspInit
                0x08001338       0x88 CMakeFiles/lvipanel_firmware.dir/Core/Src/tim.c.obj
                0x08001338                HAL_TIM_Base_MspInit
 .text.HAL_TIM_MspPostInit
                0x080013c0       0x80 CMakeFiles/lvipanel_firmware.dir/Core/Src/tim.c.obj
                0x080013c0                HAL_TIM_MspPostInit
 .text.timerInit
                0x08001440       0x24 CMakeFiles/lvipanel_firmware.dir/Core/Src/timer.c.obj
                0x08001440                timerInit
 .text.timerEnable
                0x08001464       0x16 CMakeFiles/lvipanel_firmware.dir/Core/Src/timer.c.obj
                0x08001464                timerEnable
 .text.timerDisable
                0x0800147a       0x1c CMakeFiles/lvipanel_firmware.dir/Core/Src/timer.c.obj
                0x0800147a                timerDisable
 .text.timerIsEnabled
                0x08001496       0x14 CMakeFiles/lvipanel_firmware.dir/Core/Src/timer.c.obj
                0x08001496                timerIsEnabled
 .text.timerCountUp
                0x080014aa       0x3a CMakeFiles/lvipanel_firmware.dir/Core/Src/timer.c.obj
                0x080014aa                timerCountUp
 .text.timerReset
                0x080014e4       0x16 CMakeFiles/lvipanel_firmware.dir/Core/Src/timer.c.obj
                0x080014e4                timerReset
 *fill*         0x080014fa        0x2 
 .text.MX_USART1_UART_Init
                0x080014fc       0x60 CMakeFiles/lvipanel_firmware.dir/Core/Src/usart.c.obj
                0x080014fc                MX_USART1_UART_Init
 .text.HAL_UART_MspInit
                0x0800155c       0x9c CMakeFiles/lvipanel_firmware.dir/Core/Src/usart.c.obj
                0x0800155c                HAL_UART_MspInit
 .text.HAL_I2C_Init
                0x080015f8      0x14c CMakeFiles/lvipanel_firmware.dir/Drivers/STM32F0xx_HAL_Driver/Src/stm32f0xx_hal_i2c.c.obj
                0x080015f8                HAL_I2C_Init
 .text.HAL_I2C_Slave_Receive_DMA
                0x08001744      0x180 CMakeFiles/lvipanel_firmware.dir/Drivers/STM32F0xx_HAL_Driver/Src/stm32f0xx_hal_i2c.c.obj
                0x08001744                HAL_I2C_Slave_Receive_DMA
 .text.HAL_I2C_EV_IRQHandler
                0x080018c4       0x34 CMakeFiles/lvipanel_firmware.dir/Drivers/STM32F0xx_HAL_Driver/Src/stm32f0xx_hal_i2c.c.obj
                0x080018c4                HAL_I2C_EV_IRQHandler
 .text.HAL_I2C_ER_IRQHandler
                0x080018f8       0xb2 CMakeFiles/lvipanel_firmware.dir/Drivers/STM32F0xx_HAL_Driver/Src/stm32f0xx_hal_i2c.c.obj
                0x080018f8                HAL_I2C_ER_IRQHandler
 .text.HAL_I2C_MasterTxCpltCallback
                0x080019aa       0x10 CMakeFiles/lvipanel_firmware.dir/Drivers/STM32F0xx_HAL_Driver/Src/stm32f0xx_hal_i2c.c.obj
                0x080019aa                HAL_I2C_MasterTxCpltCallback
 .text.HAL_I2C_MasterRxCpltCallback
                0x080019ba       0x10 CMakeFiles/lvipanel_firmware.dir/Drivers/STM32F0xx_HAL_Driver/Src/stm32f0xx_hal_i2c.c.obj
                0x080019ba                HAL_I2C_MasterRxCpltCallback
 .text.HAL_I2C_SlaveTxCpltCallback
                0x080019ca       0x10 CMakeFiles/lvipanel_firmware.dir/Drivers/STM32F0xx_HAL_Driver/Src/stm32f0xx_hal_i2c.c.obj
                0x080019ca                HAL_I2C_SlaveTxCpltCallback
 .text.HAL_I2C_SlaveRxCpltCallback
                0x080019da       0x10 CMakeFiles/lvipanel_firmware.dir/Drivers/STM32F0xx_HAL_Driver/Src/stm32f0xx_hal_i2c.c.obj
                0x080019da                HAL_I2C_SlaveRxCpltCallback
 .text.HAL_I2C_AddrCallback
                0x080019ea       0x20 CMakeFiles/lvipanel_firmware.dir/Drivers/STM32F0xx_HAL_Driver/Src/stm32f0xx_hal_i2c.c.obj
                0x080019ea                HAL_I2C_AddrCallback
 .text.HAL_I2C_ListenCpltCallback
                0x08001a0a       0x10 CMakeFiles/lvipanel_firmware.dir/Drivers/STM32F0xx_HAL_Driver/Src/stm32f0xx_hal_i2c.c.obj
                0x08001a0a                HAL_I2C_ListenCpltCallback
 .text.HAL_I2C_MemTxCpltCallback
                0x08001a1a       0x10 CMakeFiles/lvipanel_firmware.dir/Drivers/STM32F0xx_HAL_Driver/Src/stm32f0xx_hal_i2c.c.obj
                0x08001a1a                HAL_I2C_MemTxCpltCallback
 .text.HAL_I2C_MemRxCpltCallback
                0x08001a2a       0x10 CMakeFiles/lvipanel_firmware.dir/Drivers/STM32F0xx_HAL_Driver/Src/stm32f0xx_hal_i2c.c.obj
                0x08001a2a                HAL_I2C_MemRxCpltCallback
 .text.HAL_I2C_ErrorCallback
                0x08001a3a       0x10 CMakeFiles/lvipanel_firmware.dir/Drivers/STM32F0xx_HAL_Driver/Src/stm32f0xx_hal_i2c.c.obj
                0x08001a3a                HAL_I2C_ErrorCallback
 .text.HAL_I2C_AbortCpltCallback
                0x08001a4a       0x10 CMakeFiles/lvipanel_firmware.dir/Drivers/STM32F0xx_HAL_Driver/Src/stm32f0xx_hal_i2c.c.obj
                0x08001a4a                HAL_I2C_AbortCpltCallback
 .text.HAL_I2C_GetState
                0x08001a5a       0x18 CMakeFiles/lvipanel_firmware.dir/Drivers/STM32F0xx_HAL_Driver/Src/stm32f0xx_hal_i2c.c.obj
                0x08001a5a                HAL_I2C_GetState
 .text.HAL_I2C_GetError
                0x08001a72       0x14 CMakeFiles/lvipanel_firmware.dir/Drivers/STM32F0xx_HAL_Driver/Src/stm32f0xx_hal_i2c.c.obj
                0x08001a72                HAL_I2C_GetError
 *fill*         0x08001a86        0x2 
 .text.I2C_Slave_ISR_IT
                0x08001a88      0x200 CMakeFiles/lvipanel_firmware.dir/Drivers/STM32F0xx_HAL_Driver/Src/stm32f0xx_hal_i2c.c.obj
 .text.I2C_Master_ISR_DMA
                0x08001c88      0x214 CMakeFiles/lvipanel_firmware.dir/Drivers/STM32F0xx_HAL_Driver/Src/stm32f0xx_hal_i2c.c.obj
 .text.I2C_Mem_ISR_DMA
                0x08001e9c      0x294 CMakeFiles/lvipanel_firmware.dir/Drivers/STM32F0xx_HAL_Driver/Src/stm32f0xx_hal_i2c.c.obj
 .text.I2C_Slave_ISR_DMA
                0x08002130      0x1d0 CMakeFiles/lvipanel_firmware.dir/Drivers/STM32F0xx_HAL_Driver/Src/stm32f0xx_hal_i2c.c.obj
 .text.I2C_ITAddrCplt
                0x08002300      0x148 CMakeFiles/lvipanel_firmware.dir/Drivers/STM32F0xx_HAL_Driver/Src/stm32f0xx_hal_i2c.c.obj
 .text.I2C_ITMasterSeqCplt
                0x08002448       0x82 CMakeFiles/lvipanel_firmware.dir/Drivers/STM32F0xx_HAL_Driver/Src/stm32f0xx_hal_i2c.c.obj
 *fill*         0x080024ca        0x2 
 .text.I2C_ITSlaveSeqCplt
                0x080024cc       0xc8 CMakeFiles/lvipanel_firmware.dir/Drivers/STM32F0xx_HAL_Driver/Src/stm32f0xx_hal_i2c.c.obj
 .text.I2C_ITMasterCplt
                0x08002594      0x19c CMakeFiles/lvipanel_firmware.dir/Drivers/STM32F0xx_HAL_Driver/Src/stm32f0xx_hal_i2c.c.obj
 .text.I2C_ITSlaveCplt
                0x08002730      0x310 CMakeFiles/lvipanel_firmware.dir/Drivers/STM32F0xx_HAL_Driver/Src/stm32f0xx_hal_i2c.c.obj
 .text.I2C_ITListenCplt
                0x08002a40       0xb0 CMakeFiles/lvipanel_firmware.dir/Drivers/STM32F0xx_HAL_Driver/Src/stm32f0xx_hal_i2c.c.obj
 .text.I2C_ITError
                0x08002af0      0x204 CMakeFiles/lvipanel_firmware.dir/Drivers/STM32F0xx_HAL_Driver/Src/stm32f0xx_hal_i2c.c.obj
 .text.I2C_TreatErrorCallback
                0x08002cf4       0x52 CMakeFiles/lvipanel_firmware.dir/Drivers/STM32F0xx_HAL_Driver/Src/stm32f0xx_hal_i2c.c.obj
 .text.I2C_Flush_TXDR
                0x08002d46       0x44 CMakeFiles/lvipanel_firmware.dir/Drivers/STM32F0xx_HAL_Driver/Src/stm32f0xx_hal_i2c.c.obj
 *fill*         0x08002d8a        0x2 
 .text.I2C_DMASlaveReceiveCplt
                0x08002d8c       0x50 CMakeFiles/lvipanel_firmware.dir/Drivers/STM32F0xx_HAL_Driver/Src/stm32f0xx_hal_i2c.c.obj
 .text.I2C_DMAError
                0x08002ddc       0x32 CMakeFiles/lvipanel_firmware.dir/Drivers/STM32F0xx_HAL_Driver/Src/stm32f0xx_hal_i2c.c.obj
 .text.I2C_DMAAbort
                0x08002e0e       0x3e CMakeFiles/lvipanel_firmware.dir/Drivers/STM32F0xx_HAL_Driver/Src/stm32f0xx_hal_i2c.c.obj
 .text.I2C_TransferConfig
                0x08002e4c       0x74 CMakeFiles/lvipanel_firmware.dir/Drivers/STM32F0xx_HAL_Driver/Src/stm32f0xx_hal_i2c.c.obj
 .text.I2C_Enable_IRQ
                0x08002ec0      0x114 CMakeFiles/lvipanel_firmware.dir/Drivers/STM32F0xx_HAL_Driver/Src/stm32f0xx_hal_i2c.c.obj
 .text.I2C_Disable_IRQ
                0x08002fd4       0xc6 CMakeFiles/lvipanel_firmware.dir/Drivers/STM32F0xx_HAL_Driver/Src/stm32f0xx_hal_i2c.c.obj
 *fill*         0x0800309a        0x2 
 .text.HAL_I2CEx_ConfigAnalogFilter
                0x0800309c       0x98 CMakeFiles/lvipanel_firmware.dir/Drivers/STM32F0xx_HAL_Driver/Src/stm32f0xx_hal_i2c_ex.c.obj
                0x0800309c                HAL_I2CEx_ConfigAnalogFilter
 .text.HAL_I2CEx_ConfigDigitalFilter
                0x08003134       0x98 CMakeFiles/lvipanel_firmware.dir/Drivers/STM32F0xx_HAL_Driver/Src/stm32f0xx_hal_i2c_ex.c.obj
                0x08003134                HAL_I2CEx_ConfigDigitalFilter
 .text.HAL_I2CEx_EnableFastModePlus
                0x080031cc       0x3c CMakeFiles/lvipanel_firmware.dir/Drivers/STM32F0xx_HAL_Driver/Src/stm32f0xx_hal_i2c_ex.c.obj
                0x080031cc                HAL_I2CEx_EnableFastModePlus
 .text.HAL_RCC_OscConfig
                0x08003208      0x634 CMakeFiles/lvipanel_firmware.dir/Drivers/STM32F0xx_HAL_Driver/Src/stm32f0xx_hal_rcc.c.obj
                0x08003208                HAL_RCC_OscConfig
 .text.HAL_RCC_ClockConfig
                0x0800383c      0x19c CMakeFiles/lvipanel_firmware.dir/Drivers/STM32F0xx_HAL_Driver/Src/stm32f0xx_hal_rcc.c.obj
                0x0800383c                HAL_RCC_ClockConfig
 .text.HAL_RCC_GetSysClockFreq
                0x080039d8       0xac CMakeFiles/lvipanel_firmware.dir/Drivers/STM32F0xx_HAL_Driver/Src/stm32f0xx_hal_rcc.c.obj
                0x080039d8                HAL_RCC_GetSysClockFreq
 .text.HAL_RCC_GetHCLKFreq
                0x08003a84       0x14 CMakeFiles/lvipanel_firmware.dir/Drivers/STM32F0xx_HAL_Driver/Src/stm32f0xx_hal_rcc.c.obj
                0x08003a84                HAL_RCC_GetHCLKFreq
 .text.HAL_RCC_GetPCLK1Freq
                0x08003a98       0x2c CMakeFiles/lvipanel_firmware.dir/Drivers/STM32F0xx_HAL_Driver/Src/stm32f0xx_hal_rcc.c.obj
                0x08003a98                HAL_RCC_GetPCLK1Freq
 .text.HAL_RCCEx_PeriphCLKConfig
                0x08003ac4      0x19c CMakeFiles/lvipanel_firmware.dir/Drivers/STM32F0xx_HAL_Driver/Src/stm32f0xx_hal_rcc_ex.c.obj
                0x08003ac4                HAL_RCCEx_PeriphCLKConfig
 .text.HAL_InitTick
                0x08003c60       0x68 CMakeFiles/lvipanel_firmware.dir/Drivers/STM32F0xx_HAL_Driver/Src/stm32f0xx_hal.c.obj
                0x08003c60                HAL_InitTick
 .text.HAL_IncTick
                0x08003cc8       0x24 CMakeFiles/lvipanel_firmware.dir/Drivers/STM32F0xx_HAL_Driver/Src/stm32f0xx_hal.c.obj
                0x08003cc8                HAL_IncTick
 .text.HAL_GetTick
                0x08003cec       0x14 CMakeFiles/lvipanel_firmware.dir/Drivers/STM32F0xx_HAL_Driver/Src/stm32f0xx_hal.c.obj
                0x08003cec                HAL_GetTick
 .text.HAL_GPIO_Init
                0x08003d00      0x2e0 CMakeFiles/lvipanel_firmware.dir/Drivers/STM32F0xx_HAL_Driver/Src/stm32f0xx_hal_gpio.c.obj
                0x08003d00                HAL_GPIO_Init
 .text.HAL_GPIO_ReadPin
                0x08003fe0       0x3a CMakeFiles/lvipanel_firmware.dir/Drivers/STM32F0xx_HAL_Driver/Src/stm32f0xx_hal_gpio.c.obj
                0x08003fe0                HAL_GPIO_ReadPin
 .text.HAL_GPIO_WritePin
                0x0800401a       0x3a CMakeFiles/lvipanel_firmware.dir/Drivers/STM32F0xx_HAL_Driver/Src/stm32f0xx_hal_gpio.c.obj
                0x0800401a                HAL_GPIO_WritePin
 .text.HAL_DMA_Init
                0x08004054       0x90 CMakeFiles/lvipanel_firmware.dir/Drivers/STM32F0xx_HAL_Driver/Src/stm32f0xx_hal_dma.c.obj
                0x08004054                HAL_DMA_Init
 .text.HAL_DMA_Start_IT
                0x080040e4       0xcc CMakeFiles/lvipanel_firmware.dir/Drivers/STM32F0xx_HAL_Driver/Src/stm32f0xx_hal_dma.c.obj
                0x080040e4                HAL_DMA_Start_IT
 .text.HAL_DMA_Abort_IT
                0x080041b0       0x8a CMakeFiles/lvipanel_firmware.dir/Drivers/STM32F0xx_HAL_Driver/Src/stm32f0xx_hal_dma.c.obj
                0x080041b0                HAL_DMA_Abort_IT
 .text.HAL_DMA_IRQHandler
                0x0800423a      0x144 CMakeFiles/lvipanel_firmware.dir/Drivers/STM32F0xx_HAL_Driver/Src/stm32f0xx_hal_dma.c.obj
                0x0800423a                HAL_DMA_IRQHandler
 .text.HAL_DMA_GetState
                0x0800437e       0x18 CMakeFiles/lvipanel_firmware.dir/Drivers/STM32F0xx_HAL_Driver/Src/stm32f0xx_hal_dma.c.obj
                0x0800437e                HAL_DMA_GetState
 .text.DMA_SetConfig
                0x08004396       0x58 CMakeFiles/lvipanel_firmware.dir/Drivers/STM32F0xx_HAL_Driver/Src/stm32f0xx_hal_dma.c.obj
 *fill*         0x080043ee        0x2 
 .text.DMA_CalcBaseAndBitshift
                0x080043f0       0x38 CMakeFiles/lvipanel_firmware.dir/Drivers/STM32F0xx_HAL_Driver/Src/stm32f0xx_hal_dma.c.obj
 .text.__NVIC_EnableIRQ
                0x08004428       0x34 CMakeFiles/lvipanel_firmware.dir/Drivers/STM32F0xx_HAL_Driver/Src/stm32f0xx_hal_cortex.c.obj
 .text.__NVIC_SetPriority
                0x0800445c       0xdc CMakeFiles/lvipanel_firmware.dir/Drivers/STM32F0xx_HAL_Driver/Src/stm32f0xx_hal_cortex.c.obj
 .text.SysTick_Config
                0x08004538       0x48 CMakeFiles/lvipanel_firmware.dir/Drivers/STM32F0xx_HAL_Driver/Src/stm32f0xx_hal_cortex.c.obj
 .text.HAL_NVIC_SetPriority
                0x08004580       0x2a CMakeFiles/lvipanel_firmware.dir/Drivers/STM32F0xx_HAL_Driver/Src/stm32f0xx_hal_cortex.c.obj
                0x08004580                HAL_NVIC_SetPriority
 .text.HAL_NVIC_EnableIRQ
                0x080045aa       0x20 CMakeFiles/lvipanel_firmware.dir/Drivers/STM32F0xx_HAL_Driver/Src/stm32f0xx_hal_cortex.c.obj
                0x080045aa                HAL_NVIC_EnableIRQ
 .text.HAL_SYSTICK_Config
                0x080045ca       0x1a CMakeFiles/lvipanel_firmware.dir/Drivers/STM32F0xx_HAL_Driver/Src/stm32f0xx_hal_cortex.c.obj
                0x080045ca                HAL_SYSTICK_Config
 .text.HAL_TIM_Base_Init
                0x080045e4       0xa0 CMakeFiles/lvipanel_firmware.dir/Drivers/STM32F0xx_HAL_Driver/Src/stm32f0xx_hal_tim.c.obj
                0x080045e4                HAL_TIM_Base_Init
 .text.HAL_TIM_Base_Start_IT
                0x08004684       0x8c CMakeFiles/lvipanel_firmware.dir/Drivers/STM32F0xx_HAL_Driver/Src/stm32f0xx_hal_tim.c.obj
                0x08004684                HAL_TIM_Base_Start_IT
 .text.HAL_TIM_PWM_Init
                0x08004710       0xa0 CMakeFiles/lvipanel_firmware.dir/Drivers/STM32F0xx_HAL_Driver/Src/stm32f0xx_hal_tim.c.obj
                0x08004710                HAL_TIM_PWM_Init
 .text.HAL_TIM_PWM_MspInit
                0x080047b0       0x10 CMakeFiles/lvipanel_firmware.dir/Drivers/STM32F0xx_HAL_Driver/Src/stm32f0xx_hal_tim.c.obj
                0x080047b0                HAL_TIM_PWM_MspInit
 .text.HAL_TIM_PWM_Start
                0x080047c0      0x14c CMakeFiles/lvipanel_firmware.dir/Drivers/STM32F0xx_HAL_Driver/Src/stm32f0xx_hal_tim.c.obj
                0x080047c0                HAL_TIM_PWM_Start
 .text.HAL_TIM_IRQHandler
                0x0800490c      0x1dc CMakeFiles/lvipanel_firmware.dir/Drivers/STM32F0xx_HAL_Driver/Src/stm32f0xx_hal_tim.c.obj
                0x0800490c                HAL_TIM_IRQHandler
 .text.HAL_TIM_PWM_ConfigChannel
                0x08004ae8      0x18c CMakeFiles/lvipanel_firmware.dir/Drivers/STM32F0xx_HAL_Driver/Src/stm32f0xx_hal_tim.c.obj
                0x08004ae8                HAL_TIM_PWM_ConfigChannel
 .text.HAL_TIM_ConfigClockSource
                0x08004c74      0x1a8 CMakeFiles/lvipanel_firmware.dir/Drivers/STM32F0xx_HAL_Driver/Src/stm32f0xx_hal_tim.c.obj
                0x08004c74                HAL_TIM_ConfigClockSource
 .text.HAL_TIM_OC_DelayElapsedCallback
                0x08004e1c       0x10 CMakeFiles/lvipanel_firmware.dir/Drivers/STM32F0xx_HAL_Driver/Src/stm32f0xx_hal_tim.c.obj
                0x08004e1c                HAL_TIM_OC_DelayElapsedCallback
 .text.HAL_TIM_IC_CaptureCallback
                0x08004e2c       0x10 CMakeFiles/lvipanel_firmware.dir/Drivers/STM32F0xx_HAL_Driver/Src/stm32f0xx_hal_tim.c.obj
                0x08004e2c                HAL_TIM_IC_CaptureCallback
 .text.HAL_TIM_PWM_PulseFinishedCallback
                0x08004e3c       0x10 CMakeFiles/lvipanel_firmware.dir/Drivers/STM32F0xx_HAL_Driver/Src/stm32f0xx_hal_tim.c.obj
                0x08004e3c                HAL_TIM_PWM_PulseFinishedCallback
 .text.HAL_TIM_TriggerCallback
                0x08004e4c       0x10 CMakeFiles/lvipanel_firmware.dir/Drivers/STM32F0xx_HAL_Driver/Src/stm32f0xx_hal_tim.c.obj
                0x08004e4c                HAL_TIM_TriggerCallback
 .text.TIM_Base_SetConfig
                0x08004e5c       0xf4 CMakeFiles/lvipanel_firmware.dir/Drivers/STM32F0xx_HAL_Driver/Src/stm32f0xx_hal_tim.c.obj
                0x08004e5c                TIM_Base_SetConfig
 .text.TIM_OC1_SetConfig
                0x08004f50       0xfc CMakeFiles/lvipanel_firmware.dir/Drivers/STM32F0xx_HAL_Driver/Src/stm32f0xx_hal_tim.c.obj
 .text.TIM_OC2_SetConfig
                0x0800504c       0xfc CMakeFiles/lvipanel_firmware.dir/Drivers/STM32F0xx_HAL_Driver/Src/stm32f0xx_hal_tim.c.obj
                0x0800504c                TIM_OC2_SetConfig
 .text.TIM_OC3_SetConfig
                0x08005148      0x100 CMakeFiles/lvipanel_firmware.dir/Drivers/STM32F0xx_HAL_Driver/Src/stm32f0xx_hal_tim.c.obj
 .text.TIM_OC4_SetConfig
                0x08005248       0xc8 CMakeFiles/lvipanel_firmware.dir/Drivers/STM32F0xx_HAL_Driver/Src/stm32f0xx_hal_tim.c.obj
 .text.TIM_TI1_ConfigInputStage
                0x08005310       0x5c CMakeFiles/lvipanel_firmware.dir/Drivers/STM32F0xx_HAL_Driver/Src/stm32f0xx_hal_tim.c.obj
 .text.TIM_TI2_ConfigInputStage
                0x0800536c       0x64 CMakeFiles/lvipanel_firmware.dir/Drivers/STM32F0xx_HAL_Driver/Src/stm32f0xx_hal_tim.c.obj
 .text.TIM_ITRx_SetConfig
                0x080053d0       0x32 CMakeFiles/lvipanel_firmware.dir/Drivers/STM32F0xx_HAL_Driver/Src/stm32f0xx_hal_tim.c.obj
 *fill*         0x08005402        0x2 
 .text.TIM_ETR_SetConfig
                0x08005404       0x40 CMakeFiles/lvipanel_firmware.dir/Drivers/STM32F0xx_HAL_Driver/Src/stm32f0xx_hal_tim.c.obj
                0x08005404                TIM_ETR_SetConfig
 .text.TIM_CCxChannelCmd
                0x08005444       0x46 CMakeFiles/lvipanel_firmware.dir/Drivers/STM32F0xx_HAL_Driver/Src/stm32f0xx_hal_tim.c.obj
                0x08005444                TIM_CCxChannelCmd
 *fill*         0x0800548a        0x2 
 .text.HAL_TIMEx_MasterConfigSynchronization
                0x0800548c       0xa4 CMakeFiles/lvipanel_firmware.dir/Drivers/STM32F0xx_HAL_Driver/Src/stm32f0xx_hal_tim_ex.c.obj
                0x0800548c                HAL_TIMEx_MasterConfigSynchronization
 .text.HAL_TIMEx_CommutCallback
                0x08005530       0x10 CMakeFiles/lvipanel_firmware.dir/Drivers/STM32F0xx_HAL_Driver/Src/stm32f0xx_hal_tim_ex.c.obj
                0x08005530                HAL_TIMEx_CommutCallback
 .text.HAL_TIMEx_BreakCallback
                0x08005540       0x10 CMakeFiles/lvipanel_firmware.dir/Drivers/STM32F0xx_HAL_Driver/Src/stm32f0xx_hal_tim_ex.c.obj
                0x08005540                HAL_TIMEx_BreakCallback
 .text.HAL_UART_Init
                0x08005550       0xa8 CMakeFiles/lvipanel_firmware.dir/Drivers/STM32F0xx_HAL_Driver/Src/stm32f0xx_hal_uart.c.obj
                0x08005550                HAL_UART_Init
 .text.UART_SetConfig
                0x080055f8      0x250 CMakeFiles/lvipanel_firmware.dir/Drivers/STM32F0xx_HAL_Driver/Src/stm32f0xx_hal_uart.c.obj
                0x080055f8                UART_SetConfig
 .text.UART_AdvFeatureConfig
                0x08005848      0x168 CMakeFiles/lvipanel_firmware.dir/Drivers/STM32F0xx_HAL_Driver/Src/stm32f0xx_hal_uart.c.obj
                0x08005848                UART_AdvFeatureConfig
 .text.UART_CheckIdleState
                0x080059b0      0x150 CMakeFiles/lvipanel_firmware.dir/Drivers/STM32F0xx_HAL_Driver/Src/stm32f0xx_hal_uart.c.obj
                0x080059b0                UART_CheckIdleState
 .text.UART_WaitOnFlagUntilTimeout
                0x08005b00       0xde CMakeFiles/lvipanel_firmware.dir/Drivers/STM32F0xx_HAL_Driver/Src/stm32f0xx_hal_uart.c.obj
                0x08005b00                UART_WaitOnFlagUntilTimeout
 *fill*         0x08005bde        0x2 
 .text.UART_EndRxTransfer
                0x08005be0       0xc8 CMakeFiles/lvipanel_firmware.dir/Drivers/STM32F0xx_HAL_Driver/Src/stm32f0xx_hal_uart.c.obj
 .text.Reset_Handler
                0x08005ca8       0x50 CMakeFiles/lvipanel_firmware.dir/startup_stm32f030x6.s.obj
                0x08005ca8                Reset_Handler
 .text.Default_Handler
                0x08005cf8        0x2 CMakeFiles/lvipanel_firmware.dir/startup_stm32f030x6.s.obj
                0x08005cf8                TIM1_CC_IRQHandler
                0x08005cf8                SPI1_IRQHandler
                0x08005cf8                EXTI2_3_IRQHandler
                0x08005cf8                ADC1_IRQHandler
                0x08005cf8                TIM17_IRQHandler
                0x08005cf8                RTC_IRQHandler
                0x08005cf8                TIM16_IRQHandler
                0x08005cf8                EXTI4_15_IRQHandler
                0x08005cf8                RCC_IRQHandler
                0x08005cf8                DMA1_Channel1_IRQHandler
                0x08005cf8                Default_Handler
                0x08005cf8                DMA1_Channel4_5_IRQHandler
                0x08005cf8                EXTI0_1_IRQHandler
                0x08005cf8                WWDG_IRQHandler
                0x08005cf8                FLASH_IRQHandler
                0x08005cf8                USART1_IRQHandler
                0x08005cf8                TIM1_BRK_UP_TRG_COM_IRQHandler
 *fill*         0x08005cfa        0x2 
 .text.malloc   0x08005cfc       0x14 C:/ST/STM32CubeCLT_1.16.0/GNU-tools-for-STM32/bin/../lib/gcc/arm-none-eabi/12.3.1/../../../../arm-none-eabi/lib/thumb/v6-m/nofp\libg_nano.a(libc_a-malloc.o)
                0x08005cfc                malloc
 .text.__errno  0x08005d10        0xc C:/ST/STM32CubeCLT_1.16.0/GNU-tools-for-STM32/bin/../lib/gcc/arm-none-eabi/12.3.1/../../../../arm-none-eabi/lib/thumb/v6-m/nofp\libg_nano.a(libc_a-errno.o)
                0x08005d10                __errno
 *(.glue_7)
 .glue_7        0x08005d1c        0x0 linker stubs
 *(.glue_7t)
 .glue_7t       0x08005d1c        0x0 linker stubs
 *(.eh_frame)
 .eh_frame      0x08005d1c        0x0 C:/ST/STM32CubeCLT_1.16.0/GNU-tools-for-STM32/bin/../lib/gcc/arm-none-eabi/12.3.1/thumb/v6-m/nofp/crtbegin.o
 *(.init)
 .init          0x08005d1c        0x4 C:/ST/STM32CubeCLT_1.16.0/GNU-tools-for-STM32/bin/../lib/gcc/arm-none-eabi/12.3.1/thumb/v6-m/nofp/crti.o
                0x08005d1c                _init
 .init          0x08005d20        0x8 C:/ST/STM32CubeCLT_1.16.0/GNU-tools-for-STM32/bin/../lib/gcc/arm-none-eabi/12.3.1/thumb/v6-m/nofp/crtn.o
 *(.fini)
 .fini          0x08005d28        0x4 C:/ST/STM32CubeCLT_1.16.0/GNU-tools-for-STM32/bin/../lib/gcc/arm-none-eabi/12.3.1/thumb/v6-m/nofp/crti.o
                0x08005d28                _fini
 .fini          0x08005d2c        0x8 C:/ST/STM32CubeCLT_1.16.0/GNU-tools-for-STM32/bin/../lib/gcc/arm-none-eabi/12.3.1/thumb/v6-m/nofp/crtn.o
                0x08005d34                        . = ALIGN (0x4)
                0x08005d34                        _etext = .

.vfp11_veneer   0x08005d34        0x0
 .vfp11_veneer  0x08005d34        0x0 linker stubs

.v4_bx          0x08005d34        0x0
 .v4_bx         0x08005d34        0x0 linker stubs

.iplt           0x08005d34        0x0
 .iplt          0x08005d34        0x0 C:/ST/STM32CubeCLT_1.16.0/GNU-tools-for-STM32/bin/../lib/gcc/arm-none-eabi/12.3.1/thumb/v6-m/nofp/crtbegin.o

.rodata         0x08005d34       0x88
                0x08005d34                        . = ALIGN (0x4)
 *(.rodata)
 *(.rodata*)
 .rodata.EventHandler_Peripherals
                0x08005d34       0x50 CMakeFiles/lvipanel_firmware.dir/Core/Src/main.c.obj
 .rodata.AHBPrescTable
                0x08005d84       0x10 CMakeFiles/lvipanel_firmware.dir/Core/Src/system_stm32f0xx.c.obj
                0x08005d84                AHBPrescTable
 .rodata.APBPrescTable
                0x08005d94        0x8 CMakeFiles/lvipanel_firmware.dir/Core/Src/system_stm32f0xx.c.obj
                0x08005d94                APBPrescTable
 .rodata.aPLLMULFactorTable.1
                0x08005d9c       0x10 CMakeFiles/lvipanel_firmware.dir/Drivers/STM32F0xx_HAL_Driver/Src/stm32f0xx_hal_rcc.c.obj
 .rodata.aPredivFactorTable.0
                0x08005dac       0x10 CMakeFiles/lvipanel_firmware.dir/Drivers/STM32F0xx_HAL_Driver/Src/stm32f0xx_hal_rcc.c.obj
                0x08005dbc                        . = ALIGN (0x4)

.rel.dyn        0x08005dbc        0x0
 .rel.iplt      0x08005dbc        0x0 C:/ST/STM32CubeCLT_1.16.0/GNU-tools-for-STM32/bin/../lib/gcc/arm-none-eabi/12.3.1/thumb/v6-m/nofp/crtbegin.o

.ARM.extab
 *(.ARM.extab* .gnu.linkonce.armextab.*)

.ARM            0x08005dbc        0x0
                0x08005dbc                        __exidx_start = .
 *(.ARM.exidx*)
                0x08005dbc                        __exidx_end = .

.preinit_array  0x08005dbc        0x0
                0x08005dbc                        PROVIDE (__preinit_array_start = .)
 *(.preinit_array*)
                0x08005dbc                        PROVIDE (__preinit_array_end = .)

.init_array     0x08005dbc        0x4
                0x08005dbc                        PROVIDE (__init_array_start = .)
 *(SORT_BY_NAME(.init_array.*))
 *(.init_array*)
 .init_array    0x08005dbc        0x4 C:/ST/STM32CubeCLT_1.16.0/GNU-tools-for-STM32/bin/../lib/gcc/arm-none-eabi/12.3.1/thumb/v6-m/nofp/crtbegin.o
                0x08005dc0                        PROVIDE (__init_array_end = .)

.fini_array     0x08005dc0        0x4
                [!provide]                        PROVIDE (__fini_array_start = .)
 *(SORT_BY_NAME(.fini_array.*))
 *(.fini_array*)
 .fini_array    0x08005dc0        0x4 C:/ST/STM32CubeCLT_1.16.0/GNU-tools-for-STM32/bin/../lib/gcc/arm-none-eabi/12.3.1/thumb/v6-m/nofp/crtbegin.o
                [!provide]                        PROVIDE (__fini_array_end = .)
                0x08005dc4                        _sidata = LOADADDR (.data)

.data           0x20000000       0x7c load address 0x08005dc4
                0x20000000                        . = ALIGN (0x4)
                0x20000000                        _sdata = .
 *(.data)
 *(.data*)
 .data._impure_ptr
                0x20000000        0x4 C:/ST/STM32CubeCLT_1.16.0/GNU-tools-for-STM32/bin/../lib/gcc/arm-none-eabi/12.3.1/../../../../arm-none-eabi/lib/thumb/v6-m/nofp\libc_nano.a(libc_a-impure.o)
                0x20000000                _impure_ptr
 .data._impure_data
                0x20000004       0x4c C:/ST/STM32CubeCLT_1.16.0/GNU-tools-for-STM32/bin/../lib/gcc/arm-none-eabi/12.3.1/../../../../arm-none-eabi/lib/thumb/v6-m/nofp\libc_nano.a(libc_a-impure.o)
                0x20000004                _impure_data
 .data.peripheral_amount_btns
                0x20000050        0x1 CMakeFiles/lvipanel_firmware.dir/Core/Src/peripherals.c.obj
                0x20000050                peripheral_amount_btns
 .data.peripheral_amount_encs
                0x20000051        0x1 CMakeFiles/lvipanel_firmware.dir/Core/Src/peripherals.c.obj
                0x20000051                peripheral_amount_encs
 *fill*         0x20000052        0x2 
 .data.buttonEventTable
                0x20000054       0x12 CMakeFiles/lvipanel_firmware.dir/Core/Src/peripherals.c.obj
 *fill*         0x20000066        0x2 
 .data.encoderEventTable
                0x20000068        0x6 CMakeFiles/lvipanel_firmware.dir/Core/Src/peripherals.c.obj
 *fill*         0x2000006e        0x2 
 .data.SystemCoreClock
                0x20000070        0x4 CMakeFiles/lvipanel_firmware.dir/Core/Src/system_stm32f0xx.c.obj
                0x20000070                SystemCoreClock
 .data.uwTickPrio
                0x20000074        0x4 CMakeFiles/lvipanel_firmware.dir/Drivers/STM32F0xx_HAL_Driver/Src/stm32f0xx_hal.c.obj
                0x20000074                uwTickPrio
 .data.uwTickFreq
                0x20000078        0x1 CMakeFiles/lvipanel_firmware.dir/Drivers/STM32F0xx_HAL_Driver/Src/stm32f0xx_hal.c.obj
                0x20000078                uwTickFreq
                0x2000007c                        . = ALIGN (0x4)
 *fill*         0x20000079        0x3 
                0x2000007c                        _edata = .

.igot.plt       0x2000007c        0x0 load address 0x08005e40
 .igot.plt      0x2000007c        0x0 C:/ST/STM32CubeCLT_1.16.0/GNU-tools-for-STM32/bin/../lib/gcc/arm-none-eabi/12.3.1/thumb/v6-m/nofp/crtbegin.o
                0x2000007c                        . = ALIGN (0x4)

.bss            0x2000007c      0x3b4 load address 0x08005e40
                0x2000007c                        _sbss = .
                0x2000007c                        __bss_start__ = _sbss
 *(.bss)
 .bss           0x2000007c       0x1c C:/ST/STM32CubeCLT_1.16.0/GNU-tools-for-STM32/bin/../lib/gcc/arm-none-eabi/12.3.1/thumb/v6-m/nofp/crtbegin.o
 *(.bss*)
 .bss.__sf      0x20000098      0x138 C:/ST/STM32CubeCLT_1.16.0/GNU-tools-for-STM32/bin/../lib/gcc/arm-none-eabi/12.3.1/../../../../arm-none-eabi/lib/thumb/v6-m/nofp\libc_nano.a(libc_a-findfp.o)
                0x20000098                __sf
 .bss.errno     0x200001d0        0x4 C:/ST/STM32CubeCLT_1.16.0/GNU-tools-for-STM32/bin/../lib/gcc/arm-none-eabi/12.3.1/../../../../arm-none-eabi/lib/thumb/v6-m/nofp\libc_nano.a(libc_a-reent.o)
                0x200001d0                errno
 .bss.__lock___malloc_recursive_mutex
                0x200001d4        0x1 C:/ST/STM32CubeCLT_1.16.0/GNU-tools-for-STM32/bin/../lib/gcc/arm-none-eabi/12.3.1/../../../../arm-none-eabi/lib/thumb/v6-m/nofp\libc_nano.a(libc_a-lock.o)
                0x200001d4                __lock___malloc_recursive_mutex
 *fill*         0x200001d5        0x3 
 .bss.__malloc_sbrk_start
                0x200001d8        0x4 C:/ST/STM32CubeCLT_1.16.0/GNU-tools-for-STM32/bin/../lib/gcc/arm-none-eabi/12.3.1/../../../../arm-none-eabi/lib/thumb/v6-m/nofp\libc_nano.a(libc_a-mallocr.o)
                0x200001d8                __malloc_sbrk_start
 .bss.__malloc_free_list
                0x200001dc        0x4 C:/ST/STM32CubeCLT_1.16.0/GNU-tools-for-STM32/bin/../lib/gcc/arm-none-eabi/12.3.1/../../../../arm-none-eabi/lib/thumb/v6-m/nofp\libc_nano.a(libc_a-mallocr.o)
                0x200001dc                __malloc_free_list
 .bss.hi2c1     0x200001e0       0x54 CMakeFiles/lvipanel_firmware.dir/Core/Src/i2c.c.obj
                0x200001e0                hi2c1
 .bss.hdma_i2c1_rx
                0x20000234       0x44 CMakeFiles/lvipanel_firmware.dir/Core/Src/i2c.c.obj
                0x20000234                hdma_i2c1_rx
 .bss.hdma_i2c1_tx
                0x20000278       0x44 CMakeFiles/lvipanel_firmware.dir/Core/Src/i2c.c.obj
                0x20000278                hdma_i2c1_tx
 .bss.light_red
                0x200002bc       0x14 CMakeFiles/lvipanel_firmware.dir/Core/Src/main.c.obj
                0x200002bc                light_red
 .bss.light_green
                0x200002d0       0x14 CMakeFiles/lvipanel_firmware.dir/Core/Src/main.c.obj
                0x200002d0                light_green
 .bss.i2c_rx    0x200002e4       0x20 CMakeFiles/lvipanel_firmware.dir/Core/Src/main.c.obj
                0x200002e4                i2c_rx
 .bss.timerInterruptLock
                0x20000304        0x1 CMakeFiles/lvipanel_firmware.dir/Core/Src/main.c.obj
                0x20000304                timerInterruptLock
 *fill*         0x20000305        0x3 
 .bss.peripheralGroup
                0x20000308        0x4 CMakeFiles/lvipanel_firmware.dir/Core/Src/peripherals.c.obj
                0x20000308                peripheralGroup
 .bss.peripheralEvent
                0x2000030c        0x1 CMakeFiles/lvipanel_firmware.dir/Core/Src/peripherals.c.obj
                0x2000030c                peripheralEvent
 .bss.enc_read  0x2000030d        0x1 CMakeFiles/lvipanel_firmware.dir/Core/Src/peripherals.c.obj
                0x2000030d                enc_read
 *fill*         0x2000030e        0x2 
 .bss.__sbrk_heap_end
                0x20000310        0x4 CMakeFiles/lvipanel_firmware.dir/Core/Src/sysmem.c.obj
 .bss.htim3     0x20000314       0x48 CMakeFiles/lvipanel_firmware.dir/Core/Src/tim.c.obj
                0x20000314                htim3
 .bss.htim14    0x2000035c       0x48 CMakeFiles/lvipanel_firmware.dir/Core/Src/tim.c.obj
                0x2000035c                htim14
 .bss.huart1    0x200003a4       0x88 CMakeFiles/lvipanel_firmware.dir/Core/Src/usart.c.obj
                0x200003a4                huart1
 .bss.uwTick    0x2000042c        0x4 CMakeFiles/lvipanel_firmware.dir/Drivers/STM32F0xx_HAL_Driver/Src/stm32f0xx_hal.c.obj
                0x2000042c                uwTick
 *(COMMON)
                0x20000430                        . = ALIGN (0x4)
                0x20000430                        _ebss = .
                0x20000430                        __bss_end__ = _ebss

._user_heap_stack
                0x20000430      0x600 load address 0x08005e40
                0x20000430                        . = ALIGN (0x8)
                [!provide]                        PROVIDE (end = .)
                0x20000430                        PROVIDE (_end = .)
                0x20000630                        . = (. + _Min_Heap_Size)
 *fill*         0x20000430      0x200 
                0x20000a30                        . = (. + _Min_Stack_Size)
 *fill*         0x20000630      0x400 
                0x20000a30                        . = ALIGN (0x8)

/DISCARD/
 libc.a(*)
 libm.a(*)
 libgcc.a(*)

.ARM.attributes
                0x00000000       0x28
 *(.ARM.attributes)
 .ARM.attributes
                0x00000000       0x1e C:/ST/STM32CubeCLT_1.16.0/GNU-tools-for-STM32/bin/../lib/gcc/arm-none-eabi/12.3.1/thumb/v6-m/nofp/crti.o
 .ARM.attributes
                0x0000001e       0x2c C:/ST/STM32CubeCLT_1.16.0/GNU-tools-for-STM32/bin/../lib/gcc/arm-none-eabi/12.3.1/thumb/v6-m/nofp/crtbegin.o
 .ARM.attributes
                0x0000004a       0x2c C:/ST/STM32CubeCLT_1.16.0/GNU-tools-for-STM32/bin/../lib/gcc/arm-none-eabi/12.3.1/../../../../arm-none-eabi/lib/thumb/v6-m/nofp\libc_nano.a(libc_a-findfp.o)
 .ARM.attributes
                0x00000076       0x2c C:/ST/STM32CubeCLT_1.16.0/GNU-tools-for-STM32/bin/../lib/gcc/arm-none-eabi/12.3.1/../../../../arm-none-eabi/lib/thumb/v6-m/nofp\libc_nano.a(libc_a-memset.o)
 .ARM.attributes
                0x000000a2       0x2c C:/ST/STM32CubeCLT_1.16.0/GNU-tools-for-STM32/bin/../lib/gcc/arm-none-eabi/12.3.1/../../../../arm-none-eabi/lib/thumb/v6-m/nofp\libc_nano.a(libc_a-reent.o)
 .ARM.attributes
                0x000000ce       0x2c C:/ST/STM32CubeCLT_1.16.0/GNU-tools-for-STM32/bin/../lib/gcc/arm-none-eabi/12.3.1/../../../../arm-none-eabi/lib/thumb/v6-m/nofp\libc_nano.a(libc_a-impure.o)
 .ARM.attributes
                0x000000fa       0x2c C:/ST/STM32CubeCLT_1.16.0/GNU-tools-for-STM32/bin/../lib/gcc/arm-none-eabi/12.3.1/../../../../arm-none-eabi/lib/thumb/v6-m/nofp\libc_nano.a(libc_a-init.o)
 .ARM.attributes
                0x00000126       0x2c C:/ST/STM32CubeCLT_1.16.0/GNU-tools-for-STM32/bin/../lib/gcc/arm-none-eabi/12.3.1/../../../../arm-none-eabi/lib/thumb/v6-m/nofp\libc_nano.a(libc_a-lock.o)
 .ARM.attributes
                0x00000152       0x2c C:/ST/STM32CubeCLT_1.16.0/GNU-tools-for-STM32/bin/../lib/gcc/arm-none-eabi/12.3.1/../../../../arm-none-eabi/lib/thumb/v6-m/nofp\libc_nano.a(libc_a-mallocr.o)
 .ARM.attributes
                0x0000017e       0x2c C:/ST/STM32CubeCLT_1.16.0/GNU-tools-for-STM32/bin/../lib/gcc/arm-none-eabi/12.3.1/../../../../arm-none-eabi/lib/thumb/v6-m/nofp\libc_nano.a(libc_a-mlock.o)
 .ARM.attributes
                0x000001aa       0x2c C:/ST/STM32CubeCLT_1.16.0/GNU-tools-for-STM32/bin/../lib/gcc/arm-none-eabi/12.3.1/../../../../arm-none-eabi/lib/thumb/v6-m/nofp\libc_nano.a(libc_a-sbrkr.o)
 .ARM.attributes
                0x000001d6       0x2c CMakeFiles/lvipanel_firmware.dir/Core/Src/dma.c.obj
 .ARM.attributes
                0x00000202       0x2c CMakeFiles/lvipanel_firmware.dir/Core/Src/gpio.c.obj
 .ARM.attributes
                0x0000022e       0x2c CMakeFiles/lvipanel_firmware.dir/Core/Src/i2c.c.obj
 .ARM.attributes
                0x0000025a       0x2c CMakeFiles/lvipanel_firmware.dir/Core/Src/lights.c.obj
 .ARM.attributes
                0x00000286       0x2c CMakeFiles/lvipanel_firmware.dir/Core/Src/main.c.obj
 .ARM.attributes
                0x000002b2       0x2c CMakeFiles/lvipanel_firmware.dir/Core/Src/peripherals.c.obj
 .ARM.attributes
                0x000002de       0x2c CMakeFiles/lvipanel_firmware.dir/Core/Src/stm32f0xx_it.c.obj
 .ARM.attributes
                0x0000030a       0x2c CMakeFiles/lvipanel_firmware.dir/Core/Src/sysmem.c.obj
 .ARM.attributes
                0x00000336       0x2c CMakeFiles/lvipanel_firmware.dir/Core/Src/system_stm32f0xx.c.obj
 .ARM.attributes
                0x00000362       0x2c CMakeFiles/lvipanel_firmware.dir/Core/Src/tim.c.obj
 .ARM.attributes
                0x0000038e       0x2c CMakeFiles/lvipanel_firmware.dir/Core/Src/timer.c.obj
 .ARM.attributes
                0x000003ba       0x2c CMakeFiles/lvipanel_firmware.dir/Core/Src/usart.c.obj
 .ARM.attributes
                0x000003e6       0x2c CMakeFiles/lvipanel_firmware.dir/Drivers/STM32F0xx_HAL_Driver/Src/stm32f0xx_hal_i2c.c.obj
 .ARM.attributes
                0x00000412       0x2c CMakeFiles/lvipanel_firmware.dir/Drivers/STM32F0xx_HAL_Driver/Src/stm32f0xx_hal_i2c_ex.c.obj
 .ARM.attributes
                0x0000043e       0x2c CMakeFiles/lvipanel_firmware.dir/Drivers/STM32F0xx_HAL_Driver/Src/stm32f0xx_hal_rcc.c.obj
 .ARM.attributes
                0x0000046a       0x2c CMakeFiles/lvipanel_firmware.dir/Drivers/STM32F0xx_HAL_Driver/Src/stm32f0xx_hal_rcc_ex.c.obj
 .ARM.attributes
                0x00000496       0x2c CMakeFiles/lvipanel_firmware.dir/Drivers/STM32F0xx_HAL_Driver/Src/stm32f0xx_hal.c.obj
 .ARM.attributes
                0x000004c2       0x2c CMakeFiles/lvipanel_firmware.dir/Drivers/STM32F0xx_HAL_Driver/Src/stm32f0xx_hal_gpio.c.obj
 .ARM.attributes
                0x000004ee       0x2c CMakeFiles/lvipanel_firmware.dir/Drivers/STM32F0xx_HAL_Driver/Src/stm32f0xx_hal_dma.c.obj
 .ARM.attributes
                0x0000051a       0x2c CMakeFiles/lvipanel_firmware.dir/Drivers/STM32F0xx_HAL_Driver/Src/stm32f0xx_hal_cortex.c.obj
 .ARM.attributes
                0x00000546       0x2c CMakeFiles/lvipanel_firmware.dir/Drivers/STM32F0xx_HAL_Driver/Src/stm32f0xx_hal_tim.c.obj
 .ARM.attributes
                0x00000572       0x2c CMakeFiles/lvipanel_firmware.dir/Drivers/STM32F0xx_HAL_Driver/Src/stm32f0xx_hal_tim_ex.c.obj
 .ARM.attributes
                0x0000059e       0x2c CMakeFiles/lvipanel_firmware.dir/Drivers/STM32F0xx_HAL_Driver/Src/stm32f0xx_hal_uart.c.obj
 .ARM.attributes
                0x000005ca       0x21 CMakeFiles/lvipanel_firmware.dir/startup_stm32f030x6.s.obj
 .ARM.attributes
                0x000005eb       0x1e C:/ST/STM32CubeCLT_1.16.0/GNU-tools-for-STM32/bin/../lib/gcc/arm-none-eabi/12.3.1/thumb/v6-m/nofp\libgcc.a(_udivsi3.o)
 .ARM.attributes
                0x00000609       0x1e C:/ST/STM32CubeCLT_1.16.0/GNU-tools-for-STM32/bin/../lib/gcc/arm-none-eabi/12.3.1/thumb/v6-m/nofp\libgcc.a(_dvmd_tls.o)
 .ARM.attributes
                0x00000627       0x2c C:/ST/STM32CubeCLT_1.16.0/GNU-tools-for-STM32/bin/../lib/gcc/arm-none-eabi/12.3.1/../../../../arm-none-eabi/lib/thumb/v6-m/nofp\libg_nano.a(libc_a-malloc.o)
 .ARM.attributes
                0x00000653       0x2c C:/ST/STM32CubeCLT_1.16.0/GNU-tools-for-STM32/bin/../lib/gcc/arm-none-eabi/12.3.1/../../../../arm-none-eabi/lib/thumb/v6-m/nofp\libg_nano.a(libc_a-errno.o)
 .ARM.attributes
                0x0000067f       0x1e C:/ST/STM32CubeCLT_1.16.0/GNU-tools-for-STM32/bin/../lib/gcc/arm-none-eabi/12.3.1/thumb/v6-m/nofp/crtn.o
OUTPUT(lvipanel_firmware.elf elf32-littlearm)
LOAD linker stubs
LOAD C:/ST/STM32CubeCLT_1.16.0/GNU-tools-for-STM32/bin/../lib/gcc/arm-none-eabi/12.3.1/../../../../arm-none-eabi/lib/thumb/v6-m/nofp\libc.a
LOAD C:/ST/STM32CubeCLT_1.16.0/GNU-tools-for-STM32/bin/../lib/gcc/arm-none-eabi/12.3.1/../../../../arm-none-eabi/lib/thumb/v6-m/nofp\libm.a
LOAD C:/ST/STM32CubeCLT_1.16.0/GNU-tools-for-STM32/bin/../lib/gcc/arm-none-eabi/12.3.1/thumb/v6-m/nofp\libgcc.a

.debug_frame    0x00000000     0x3b9c
 .debug_frame   0x00000000      0x138 C:/ST/STM32CubeCLT_1.16.0/GNU-tools-for-STM32/bin/../lib/gcc/arm-none-eabi/12.3.1/../../../../arm-none-eabi/lib/thumb/v6-m/nofp\libc_nano.a(libc_a-findfp.o)
 .debug_frame   0x00000138       0x20 C:/ST/STM32CubeCLT_1.16.0/GNU-tools-for-STM32/bin/../lib/gcc/arm-none-eabi/12.3.1/../../../../arm-none-eabi/lib/thumb/v6-m/nofp\libc_nano.a(libc_a-memset.o)
 .debug_frame   0x00000158       0x2c C:/ST/STM32CubeCLT_1.16.0/GNU-tools-for-STM32/bin/../lib/gcc/arm-none-eabi/12.3.1/../../../../arm-none-eabi/lib/thumb/v6-m/nofp\libc_nano.a(libc_a-reent.o)
 .debug_frame   0x00000184       0x2c C:/ST/STM32CubeCLT_1.16.0/GNU-tools-for-STM32/bin/../lib/gcc/arm-none-eabi/12.3.1/../../../../arm-none-eabi/lib/thumb/v6-m/nofp\libc_nano.a(libc_a-init.o)
 .debug_frame   0x000001b0       0xb0 C:/ST/STM32CubeCLT_1.16.0/GNU-tools-for-STM32/bin/../lib/gcc/arm-none-eabi/12.3.1/../../../../arm-none-eabi/lib/thumb/v6-m/nofp\libc_nano.a(libc_a-lock.o)
 .debug_frame   0x00000260       0x50 C:/ST/STM32CubeCLT_1.16.0/GNU-tools-for-STM32/bin/../lib/gcc/arm-none-eabi/12.3.1/../../../../arm-none-eabi/lib/thumb/v6-m/nofp\libc_nano.a(libc_a-mallocr.o)
 .debug_frame   0x000002b0       0x40 C:/ST/STM32CubeCLT_1.16.0/GNU-tools-for-STM32/bin/../lib/gcc/arm-none-eabi/12.3.1/../../../../arm-none-eabi/lib/thumb/v6-m/nofp\libc_nano.a(libc_a-mlock.o)
 .debug_frame   0x000002f0       0x2c C:/ST/STM32CubeCLT_1.16.0/GNU-tools-for-STM32/bin/../lib/gcc/arm-none-eabi/12.3.1/../../../../arm-none-eabi/lib/thumb/v6-m/nofp\libc_nano.a(libc_a-sbrkr.o)
 .debug_frame   0x0000031c       0x30 CMakeFiles/lvipanel_firmware.dir/Core/Src/dma.c.obj
 .debug_frame   0x0000034c       0x30 CMakeFiles/lvipanel_firmware.dir/Core/Src/gpio.c.obj
 .debug_frame   0x0000037c       0x6c CMakeFiles/lvipanel_firmware.dir/Core/Src/i2c.c.obj
 .debug_frame   0x000003e8       0x70 CMakeFiles/lvipanel_firmware.dir/Core/Src/lights.c.obj
 .debug_frame   0x00000458       0xa8 CMakeFiles/lvipanel_firmware.dir/Core/Src/main.c.obj
 .debug_frame   0x00000500      0x118 CMakeFiles/lvipanel_firmware.dir/Core/Src/peripherals.c.obj
 .debug_frame   0x00000618      0x10c CMakeFiles/lvipanel_firmware.dir/Core/Src/stm32f0xx_it.c.obj
 .debug_frame   0x00000724       0x30 CMakeFiles/lvipanel_firmware.dir/Core/Src/sysmem.c.obj
 .debug_frame   0x00000754       0x4c CMakeFiles/lvipanel_firmware.dir/Core/Src/system_stm32f0xx.c.obj
 .debug_frame   0x000007a0       0xac CMakeFiles/lvipanel_firmware.dir/Core/Src/tim.c.obj
 .debug_frame   0x0000084c       0xd0 CMakeFiles/lvipanel_firmware.dir/Core/Src/timer.c.obj
 .debug_frame   0x0000091c       0x6c CMakeFiles/lvipanel_firmware.dir/Core/Src/usart.c.obj
 .debug_frame   0x00000988      0xa68 CMakeFiles/lvipanel_firmware.dir/Drivers/STM32F0xx_HAL_Driver/Src/stm32f0xx_hal_i2c.c.obj
 .debug_frame   0x000013f0       0x90 CMakeFiles/lvipanel_firmware.dir/Drivers/STM32F0xx_HAL_Driver/Src/stm32f0xx_hal_i2c_ex.c.obj
 .debug_frame   0x00001480      0x198 CMakeFiles/lvipanel_firmware.dir/Drivers/STM32F0xx_HAL_Driver/Src/stm32f0xx_hal_rcc.c.obj
 .debug_frame   0x00001618       0x70 CMakeFiles/lvipanel_firmware.dir/Drivers/STM32F0xx_HAL_Driver/Src/stm32f0xx_hal_rcc_ex.c.obj
 .debug_frame   0x00001688      0x2a4 CMakeFiles/lvipanel_firmware.dir/Drivers/STM32F0xx_HAL_Driver/Src/stm32f0xx_hal.c.obj
 .debug_frame   0x0000192c      0x110 CMakeFiles/lvipanel_firmware.dir/Drivers/STM32F0xx_HAL_Driver/Src/stm32f0xx_hal_gpio.c.obj
 .debug_frame   0x00001a3c      0x1d0 CMakeFiles/lvipanel_firmware.dir/Drivers/STM32F0xx_HAL_Driver/Src/stm32f0xx_hal_dma.c.obj
 .debug_frame   0x00001c0c      0x2a0 CMakeFiles/lvipanel_firmware.dir/Drivers/STM32F0xx_HAL_Driver/Src/stm32f0xx_hal_cortex.c.obj
 .debug_frame   0x00001eac      0xf00 CMakeFiles/lvipanel_firmware.dir/Drivers/STM32F0xx_HAL_Driver/Src/stm32f0xx_hal_tim.c.obj
 .debug_frame   0x00002dac      0x560 CMakeFiles/lvipanel_firmware.dir/Drivers/STM32F0xx_HAL_Driver/Src/stm32f0xx_hal_tim_ex.c.obj
 .debug_frame   0x0000330c      0x810 CMakeFiles/lvipanel_firmware.dir/Drivers/STM32F0xx_HAL_Driver/Src/stm32f0xx_hal_uart.c.obj
 .debug_frame   0x00003b1c       0x20 C:/ST/STM32CubeCLT_1.16.0/GNU-tools-for-STM32/bin/../lib/gcc/arm-none-eabi/12.3.1/thumb/v6-m/nofp\libgcc.a(_udivsi3.o)
 .debug_frame   0x00003b3c       0x40 C:/ST/STM32CubeCLT_1.16.0/GNU-tools-for-STM32/bin/../lib/gcc/arm-none-eabi/12.3.1/../../../../arm-none-eabi/lib/thumb/v6-m/nofp\libg_nano.a(libc_a-malloc.o)
 .debug_frame   0x00003b7c       0x20 C:/ST/STM32CubeCLT_1.16.0/GNU-tools-for-STM32/bin/../lib/gcc/arm-none-eabi/12.3.1/../../../../arm-none-eabi/lib/thumb/v6-m/nofp\libg_nano.a(libc_a-errno.o)

.debug_info     0x00000000    0x1286f
 .debug_info    0x00000000      0x25b CMakeFiles/lvipanel_firmware.dir/Core/Src/dma.c.obj
 .debug_info    0x0000025b      0x325 CMakeFiles/lvipanel_firmware.dir/Core/Src/gpio.c.obj
 .debug_info    0x00000580      0xa20 CMakeFiles/lvipanel_firmware.dir/Core/Src/i2c.c.obj
 .debug_info    0x00000fa0      0x73d CMakeFiles/lvipanel_firmware.dir/Core/Src/lights.c.obj
 .debug_info    0x000016dd      0xe86 CMakeFiles/lvipanel_firmware.dir/Core/Src/main.c.obj
 .debug_info    0x00002563      0x8f4 CMakeFiles/lvipanel_firmware.dir/Core/Src/peripherals.c.obj
 .debug_info    0x00002e57      0xa13 CMakeFiles/lvipanel_firmware.dir/Core/Src/stm32f0xx_it.c.obj
 .debug_info    0x0000386a      0x168 CMakeFiles/lvipanel_firmware.dir/Core/Src/sysmem.c.obj
 .debug_info    0x000039d2      0x242 CMakeFiles/lvipanel_firmware.dir/Core/Src/system_stm32f0xx.c.obj
 .debug_info    0x00003c14      0xbd8 CMakeFiles/lvipanel_firmware.dir/Core/Src/tim.c.obj
 .debug_info    0x000047ec      0x2b8 CMakeFiles/lvipanel_firmware.dir/Core/Src/timer.c.obj
 .debug_info    0x00004aa4      0x92e CMakeFiles/lvipanel_firmware.dir/Core/Src/usart.c.obj
 .debug_info    0x000053d2     0x20cd CMakeFiles/lvipanel_firmware.dir/Drivers/STM32F0xx_HAL_Driver/Src/stm32f0xx_hal_i2c.c.obj
 .debug_info    0x0000749f      0x7e1 CMakeFiles/lvipanel_firmware.dir/Drivers/STM32F0xx_HAL_Driver/Src/stm32f0xx_hal_i2c_ex.c.obj
 .debug_info    0x00007c80      0x844 CMakeFiles/lvipanel_firmware.dir/Drivers/STM32F0xx_HAL_Driver/Src/stm32f0xx_hal_rcc.c.obj
 .debug_info    0x000084c4      0x35d CMakeFiles/lvipanel_firmware.dir/Drivers/STM32F0xx_HAL_Driver/Src/stm32f0xx_hal_rcc_ex.c.obj
 .debug_info    0x00008821      0x652 CMakeFiles/lvipanel_firmware.dir/Drivers/STM32F0xx_HAL_Driver/Src/stm32f0xx_hal.c.obj
 .debug_info    0x00008e73      0x5c8 CMakeFiles/lvipanel_firmware.dir/Drivers/STM32F0xx_HAL_Driver/Src/stm32f0xx_hal_gpio.c.obj
 .debug_info    0x0000943b      0x700 CMakeFiles/lvipanel_firmware.dir/Drivers/STM32F0xx_HAL_Driver/Src/stm32f0xx_hal_dma.c.obj
 .debug_info    0x00009b3b      0x67d CMakeFiles/lvipanel_firmware.dir/Drivers/STM32F0xx_HAL_Driver/Src/stm32f0xx_hal_cortex.c.obj
 .debug_info    0x0000a1b8     0x2946 CMakeFiles/lvipanel_firmware.dir/Drivers/STM32F0xx_HAL_Driver/Src/stm32f0xx_hal_tim.c.obj
 .debug_info    0x0000cafe     0x1488 CMakeFiles/lvipanel_firmware.dir/Drivers/STM32F0xx_HAL_Driver/Src/stm32f0xx_hal_tim_ex.c.obj
 .debug_info    0x0000df86     0x3a2a CMakeFiles/lvipanel_firmware.dir/Drivers/STM32F0xx_HAL_Driver/Src/stm32f0xx_hal_uart.c.obj
 .debug_info    0x000119b0       0x30 CMakeFiles/lvipanel_firmware.dir/startup_stm32f030x6.s.obj
 .debug_info    0x000119e0      0x794 C:/ST/STM32CubeCLT_1.16.0/GNU-tools-for-STM32/bin/../lib/gcc/arm-none-eabi/12.3.1/../../../../arm-none-eabi/lib/thumb/v6-m/nofp\libg_nano.a(libc_a-malloc.o)
 .debug_info    0x00012174      0x6fb C:/ST/STM32CubeCLT_1.16.0/GNU-tools-for-STM32/bin/../lib/gcc/arm-none-eabi/12.3.1/../../../../arm-none-eabi/lib/thumb/v6-m/nofp\libg_nano.a(libc_a-errno.o)

.debug_abbrev   0x00000000     0x2fae
 .debug_abbrev  0x00000000       0xfc CMakeFiles/lvipanel_firmware.dir/Core/Src/dma.c.obj
 .debug_abbrev  0x000000fc      0x14d CMakeFiles/lvipanel_firmware.dir/Core/Src/gpio.c.obj
 .debug_abbrev  0x00000249      0x249 CMakeFiles/lvipanel_firmware.dir/Core/Src/i2c.c.obj
 .debug_abbrev  0x00000492      0x1a1 CMakeFiles/lvipanel_firmware.dir/Core/Src/lights.c.obj
 .debug_abbrev  0x00000633      0x287 CMakeFiles/lvipanel_firmware.dir/Core/Src/main.c.obj
 .debug_abbrev  0x000008ba      0x205 CMakeFiles/lvipanel_firmware.dir/Core/Src/peripherals.c.obj
 .debug_abbrev  0x00000abf      0x1b5 CMakeFiles/lvipanel_firmware.dir/Core/Src/stm32f0xx_it.c.obj
 .debug_abbrev  0x00000c74       0xbc CMakeFiles/lvipanel_firmware.dir/Core/Src/sysmem.c.obj
 .debug_abbrev  0x00000d30      0x11c CMakeFiles/lvipanel_firmware.dir/Core/Src/system_stm32f0xx.c.obj
 .debug_abbrev  0x00000e4c      0x25d CMakeFiles/lvipanel_firmware.dir/Core/Src/tim.c.obj
 .debug_abbrev  0x000010a9      0x108 CMakeFiles/lvipanel_firmware.dir/Core/Src/timer.c.obj
 .debug_abbrev  0x000011b1      0x1f6 CMakeFiles/lvipanel_firmware.dir/Core/Src/usart.c.obj
 .debug_abbrev  0x000013a7      0x270 CMakeFiles/lvipanel_firmware.dir/Drivers/STM32F0xx_HAL_Driver/Src/stm32f0xx_hal_i2c.c.obj
 .debug_abbrev  0x00001617      0x1d4 CMakeFiles/lvipanel_firmware.dir/Drivers/STM32F0xx_HAL_Driver/Src/stm32f0xx_hal_i2c_ex.c.obj
 .debug_abbrev  0x000017eb      0x28b CMakeFiles/lvipanel_firmware.dir/Drivers/STM32F0xx_HAL_Driver/Src/stm32f0xx_hal_rcc.c.obj
 .debug_abbrev  0x00001a76      0x16f CMakeFiles/lvipanel_firmware.dir/Drivers/STM32F0xx_HAL_Driver/Src/stm32f0xx_hal_rcc_ex.c.obj
 .debug_abbrev  0x00001be5      0x24b CMakeFiles/lvipanel_firmware.dir/Drivers/STM32F0xx_HAL_Driver/Src/stm32f0xx_hal.c.obj
 .debug_abbrev  0x00001e30      0x1c6 CMakeFiles/lvipanel_firmware.dir/Drivers/STM32F0xx_HAL_Driver/Src/stm32f0xx_hal_gpio.c.obj
 .debug_abbrev  0x00001ff6      0x1ef CMakeFiles/lvipanel_firmware.dir/Drivers/STM32F0xx_HAL_Driver/Src/stm32f0xx_hal_dma.c.obj
 .debug_abbrev  0x000021e5      0x28c CMakeFiles/lvipanel_firmware.dir/Drivers/STM32F0xx_HAL_Driver/Src/stm32f0xx_hal_cortex.c.obj
 .debug_abbrev  0x00002471      0x28c CMakeFiles/lvipanel_firmware.dir/Drivers/STM32F0xx_HAL_Driver/Src/stm32f0xx_hal_tim.c.obj
 .debug_abbrev  0x000026fd      0x297 CMakeFiles/lvipanel_firmware.dir/Drivers/STM32F0xx_HAL_Driver/Src/stm32f0xx_hal_tim_ex.c.obj
 .debug_abbrev  0x00002994      0x2cc CMakeFiles/lvipanel_firmware.dir/Drivers/STM32F0xx_HAL_Driver/Src/stm32f0xx_hal_uart.c.obj
 .debug_abbrev  0x00002c60       0x24 CMakeFiles/lvipanel_firmware.dir/startup_stm32f030x6.s.obj
 .debug_abbrev  0x00002c84      0x1cc C:/ST/STM32CubeCLT_1.16.0/GNU-tools-for-STM32/bin/../lib/gcc/arm-none-eabi/12.3.1/../../../../arm-none-eabi/lib/thumb/v6-m/nofp\libg_nano.a(libc_a-malloc.o)
 .debug_abbrev  0x00002e50      0x15e C:/ST/STM32CubeCLT_1.16.0/GNU-tools-for-STM32/bin/../lib/gcc/arm-none-eabi/12.3.1/../../../../arm-none-eabi/lib/thumb/v6-m/nofp\libg_nano.a(libc_a-errno.o)

.debug_aranges  0x00000000     0x1050
 .debug_aranges
                0x00000000       0x20 CMakeFiles/lvipanel_firmware.dir/Core/Src/dma.c.obj
 .debug_aranges
                0x00000020       0x20 CMakeFiles/lvipanel_firmware.dir/Core/Src/gpio.c.obj
 .debug_aranges
                0x00000040       0x30 CMakeFiles/lvipanel_firmware.dir/Core/Src/i2c.c.obj
 .debug_aranges
                0x00000070       0x30 CMakeFiles/lvipanel_firmware.dir/Core/Src/lights.c.obj
 .debug_aranges
                0x000000a0       0x40 CMakeFiles/lvipanel_firmware.dir/Core/Src/main.c.obj
 .debug_aranges
                0x000000e0       0x58 CMakeFiles/lvipanel_firmware.dir/Core/Src/peripherals.c.obj
 .debug_aranges
                0x00000138       0x60 CMakeFiles/lvipanel_firmware.dir/Core/Src/stm32f0xx_it.c.obj
 .debug_aranges
                0x00000198       0x20 CMakeFiles/lvipanel_firmware.dir/Core/Src/sysmem.c.obj
 .debug_aranges
                0x000001b8       0x28 CMakeFiles/lvipanel_firmware.dir/Core/Src/system_stm32f0xx.c.obj
 .debug_aranges
                0x000001e0       0x40 CMakeFiles/lvipanel_firmware.dir/Core/Src/tim.c.obj
 .debug_aranges
                0x00000220       0x48 CMakeFiles/lvipanel_firmware.dir/Core/Src/timer.c.obj
 .debug_aranges
                0x00000268       0x30 CMakeFiles/lvipanel_firmware.dir/Core/Src/usart.c.obj
 .debug_aranges
                0x00000298      0x2a0 CMakeFiles/lvipanel_firmware.dir/Drivers/STM32F0xx_HAL_Driver/Src/stm32f0xx_hal_i2c.c.obj
 .debug_aranges
                0x00000538       0x38 CMakeFiles/lvipanel_firmware.dir/Drivers/STM32F0xx_HAL_Driver/Src/stm32f0xx_hal_i2c_ex.c.obj
 .debug_aranges
                0x00000570       0x80 CMakeFiles/lvipanel_firmware.dir/Drivers/STM32F0xx_HAL_Driver/Src/stm32f0xx_hal_rcc.c.obj
 .debug_aranges
                0x000005f0       0x30 CMakeFiles/lvipanel_firmware.dir/Drivers/STM32F0xx_HAL_Driver/Src/stm32f0xx_hal_rcc_ex.c.obj
 .debug_aranges
                0x00000620       0xd0 CMakeFiles/lvipanel_firmware.dir/Drivers/STM32F0xx_HAL_Driver/Src/stm32f0xx_hal.c.obj
 .debug_aranges
                0x000006f0       0x58 CMakeFiles/lvipanel_firmware.dir/Drivers/STM32F0xx_HAL_Driver/Src/stm32f0xx_hal_gpio.c.obj
 .debug_aranges
                0x00000748       0x88 CMakeFiles/lvipanel_firmware.dir/Drivers/STM32F0xx_HAL_Driver/Src/stm32f0xx_hal_dma.c.obj
 .debug_aranges
                0x000007d0       0xc0 CMakeFiles/lvipanel_firmware.dir/Drivers/STM32F0xx_HAL_Driver/Src/stm32f0xx_hal_cortex.c.obj
 .debug_aranges
                0x00000890      0x3d0 CMakeFiles/lvipanel_firmware.dir/Drivers/STM32F0xx_HAL_Driver/Src/stm32f0xx_hal_tim.c.obj
 .debug_aranges
                0x00000c60      0x168 CMakeFiles/lvipanel_firmware.dir/Drivers/STM32F0xx_HAL_Driver/Src/stm32f0xx_hal_tim_ex.c.obj
 .debug_aranges
                0x00000dc8      0x218 CMakeFiles/lvipanel_firmware.dir/Drivers/STM32F0xx_HAL_Driver/Src/stm32f0xx_hal_uart.c.obj
 .debug_aranges
                0x00000fe0       0x28 CMakeFiles/lvipanel_firmware.dir/startup_stm32f030x6.s.obj
 .debug_aranges
                0x00001008       0x28 C:/ST/STM32CubeCLT_1.16.0/GNU-tools-for-STM32/bin/../lib/gcc/arm-none-eabi/12.3.1/../../../../arm-none-eabi/lib/thumb/v6-m/nofp\libg_nano.a(libc_a-malloc.o)
 .debug_aranges
                0x00001030       0x20 C:/ST/STM32CubeCLT_1.16.0/GNU-tools-for-STM32/bin/../lib/gcc/arm-none-eabi/12.3.1/../../../../arm-none-eabi/lib/thumb/v6-m/nofp\libg_nano.a(libc_a-errno.o)

.debug_rnglists
                0x00000000      0xcd3
 .debug_rnglists
                0x00000000       0x13 CMakeFiles/lvipanel_firmware.dir/Core/Src/dma.c.obj
 .debug_rnglists
                0x00000013       0x14 CMakeFiles/lvipanel_firmware.dir/Core/Src/gpio.c.obj
 .debug_rnglists
                0x00000027       0x21 CMakeFiles/lvipanel_firmware.dir/Core/Src/i2c.c.obj
 .debug_rnglists
                0x00000048       0x20 CMakeFiles/lvipanel_firmware.dir/Core/Src/lights.c.obj
 .debug_rnglists
                0x00000068       0x2d CMakeFiles/lvipanel_firmware.dir/Core/Src/main.c.obj
 .debug_rnglists
                0x00000095       0x5d CMakeFiles/lvipanel_firmware.dir/Core/Src/peripherals.c.obj
 .debug_rnglists
                0x000000f2       0x43 CMakeFiles/lvipanel_firmware.dir/Core/Src/stm32f0xx_it.c.obj
 .debug_rnglists
                0x00000135       0x13 CMakeFiles/lvipanel_firmware.dir/Core/Src/sysmem.c.obj
 .debug_rnglists
                0x00000148       0x1a CMakeFiles/lvipanel_firmware.dir/Core/Src/system_stm32f0xx.c.obj
 .debug_rnglists
                0x00000162       0x2e CMakeFiles/lvipanel_firmware.dir/Core/Src/tim.c.obj
 .debug_rnglists
                0x00000190       0x31 CMakeFiles/lvipanel_firmware.dir/Core/Src/timer.c.obj
 .debug_rnglists
                0x000001c1       0x20 CMakeFiles/lvipanel_firmware.dir/Core/Src/usart.c.obj
 .debug_rnglists
                0x000001e1      0x229 CMakeFiles/lvipanel_firmware.dir/Drivers/STM32F0xx_HAL_Driver/Src/stm32f0xx_hal_i2c.c.obj
 .debug_rnglists
                0x0000040a       0x27 CMakeFiles/lvipanel_firmware.dir/Drivers/STM32F0xx_HAL_Driver/Src/stm32f0xx_hal_i2c_ex.c.obj
 .debug_rnglists
                0x00000431       0x61 CMakeFiles/lvipanel_firmware.dir/Drivers/STM32F0xx_HAL_Driver/Src/stm32f0xx_hal_rcc.c.obj
 .debug_rnglists
                0x00000492       0x21 CMakeFiles/lvipanel_firmware.dir/Drivers/STM32F0xx_HAL_Driver/Src/stm32f0xx_hal_rcc_ex.c.obj
 .debug_rnglists
                0x000004b3       0x97 CMakeFiles/lvipanel_firmware.dir/Drivers/STM32F0xx_HAL_Driver/Src/stm32f0xx_hal.c.obj
 .debug_rnglists
                0x0000054a       0x3f CMakeFiles/lvipanel_firmware.dir/Drivers/STM32F0xx_HAL_Driver/Src/stm32f0xx_hal_gpio.c.obj
 .debug_rnglists
                0x00000589       0x6a CMakeFiles/lvipanel_firmware.dir/Drivers/STM32F0xx_HAL_Driver/Src/stm32f0xx_hal_dma.c.obj
 .debug_rnglists
                0x000005f3       0x8c CMakeFiles/lvipanel_firmware.dir/Drivers/STM32F0xx_HAL_Driver/Src/stm32f0xx_hal_cortex.c.obj
 .debug_rnglists
                0x0000067f      0x31b CMakeFiles/lvipanel_firmware.dir/Drivers/STM32F0xx_HAL_Driver/Src/stm32f0xx_hal_tim.c.obj
 .debug_rnglists
                0x0000099a      0x126 CMakeFiles/lvipanel_firmware.dir/Drivers/STM32F0xx_HAL_Driver/Src/stm32f0xx_hal_tim_ex.c.obj
 .debug_rnglists
                0x00000ac0      0x1ce CMakeFiles/lvipanel_firmware.dir/Drivers/STM32F0xx_HAL_Driver/Src/stm32f0xx_hal_uart.c.obj
 .debug_rnglists
                0x00000c8e       0x19 CMakeFiles/lvipanel_firmware.dir/startup_stm32f030x6.s.obj
 .debug_rnglists
                0x00000ca7       0x19 C:/ST/STM32CubeCLT_1.16.0/GNU-tools-for-STM32/bin/../lib/gcc/arm-none-eabi/12.3.1/../../../../arm-none-eabi/lib/thumb/v6-m/nofp\libg_nano.a(libc_a-malloc.o)
 .debug_rnglists
                0x00000cc0       0x13 C:/ST/STM32CubeCLT_1.16.0/GNU-tools-for-STM32/bin/../lib/gcc/arm-none-eabi/12.3.1/../../../../arm-none-eabi/lib/thumb/v6-m/nofp\libg_nano.a(libc_a-errno.o)

.debug_macro    0x00000000    0x10fda
 .debug_macro   0x00000000      0x1da CMakeFiles/lvipanel_firmware.dir/Core/Src/dma.c.obj
 .debug_macro   0x000001da      0xa8a CMakeFiles/lvipanel_firmware.dir/Core/Src/dma.c.obj
 .debug_macro   0x00000c64      0x133 CMakeFiles/lvipanel_firmware.dir/Core/Src/dma.c.obj
 .debug_macro   0x00000d97       0x2e CMakeFiles/lvipanel_firmware.dir/Core/Src/dma.c.obj
 .debug_macro   0x00000dc5       0x22 CMakeFiles/lvipanel_firmware.dir/Core/Src/dma.c.obj
 .debug_macro   0x00000de7       0x22 CMakeFiles/lvipanel_firmware.dir/Core/Src/dma.c.obj
 .debug_macro   0x00000e09       0x8e CMakeFiles/lvipanel_firmware.dir/Core/Src/dma.c.obj
 .debug_macro   0x00000e97       0x51 CMakeFiles/lvipanel_firmware.dir/Core/Src/dma.c.obj
 .debug_macro   0x00000ee8      0x103 CMakeFiles/lvipanel_firmware.dir/Core/Src/dma.c.obj
 .debug_macro   0x00000feb       0x6a CMakeFiles/lvipanel_firmware.dir/Core/Src/dma.c.obj
 .debug_macro   0x00001055      0x1df CMakeFiles/lvipanel_firmware.dir/Core/Src/dma.c.obj
 .debug_macro   0x00001234       0x1c CMakeFiles/lvipanel_firmware.dir/Core/Src/dma.c.obj
 .debug_macro   0x00001250       0x22 CMakeFiles/lvipanel_firmware.dir/Core/Src/dma.c.obj
 .debug_macro   0x00001272       0xaf CMakeFiles/lvipanel_firmware.dir/Core/Src/dma.c.obj
 .debug_macro   0x00001321      0x391 CMakeFiles/lvipanel_firmware.dir/Core/Src/dma.c.obj
 .debug_macro   0x000016b2     0x6e6e CMakeFiles/lvipanel_firmware.dir/Core/Src/dma.c.obj
 .debug_macro   0x00008520       0x66 CMakeFiles/lvipanel_firmware.dir/Core/Src/dma.c.obj
 .debug_macro   0x00008586     0x34da CMakeFiles/lvipanel_firmware.dir/Core/Src/dma.c.obj
 .debug_macro   0x0000ba60      0x189 CMakeFiles/lvipanel_firmware.dir/Core/Src/dma.c.obj
 .debug_macro   0x0000bbe9       0x55 CMakeFiles/lvipanel_firmware.dir/Core/Src/dma.c.obj
 .debug_macro   0x0000bc3e      0x924 CMakeFiles/lvipanel_firmware.dir/Core/Src/dma.c.obj
 .debug_macro   0x0000c562       0xe5 CMakeFiles/lvipanel_firmware.dir/Core/Src/dma.c.obj
 .debug_macro   0x0000c647      0x1ae CMakeFiles/lvipanel_firmware.dir/Core/Src/dma.c.obj
 .debug_macro   0x0000c7f5       0xb3 CMakeFiles/lvipanel_firmware.dir/Core/Src/dma.c.obj
 .debug_macro   0x0000c8a8      0x1a0 CMakeFiles/lvipanel_firmware.dir/Core/Src/dma.c.obj
 .debug_macro   0x0000ca48      0x1ed CMakeFiles/lvipanel_firmware.dir/Core/Src/dma.c.obj
 .debug_macro   0x0000cc35       0x34 CMakeFiles/lvipanel_firmware.dir/Core/Src/dma.c.obj
 .debug_macro   0x0000cc69       0x43 CMakeFiles/lvipanel_firmware.dir/Core/Src/dma.c.obj
 .debug_macro   0x0000ccac       0x28 CMakeFiles/lvipanel_firmware.dir/Core/Src/dma.c.obj
 .debug_macro   0x0000ccd4       0xb0 CMakeFiles/lvipanel_firmware.dir/Core/Src/dma.c.obj
 .debug_macro   0x0000cd84      0x15a CMakeFiles/lvipanel_firmware.dir/Core/Src/dma.c.obj
 .debug_macro   0x0000cede      0x22c CMakeFiles/lvipanel_firmware.dir/Core/Src/dma.c.obj
 .debug_macro   0x0000d10a       0x61 CMakeFiles/lvipanel_firmware.dir/Core/Src/dma.c.obj
 .debug_macro   0x0000d16b       0xa5 CMakeFiles/lvipanel_firmware.dir/Core/Src/dma.c.obj
 .debug_macro   0x0000d210       0x4c CMakeFiles/lvipanel_firmware.dir/Core/Src/dma.c.obj
 .debug_macro   0x0000d25c       0x2b CMakeFiles/lvipanel_firmware.dir/Core/Src/dma.c.obj
 .debug_macro   0x0000d287      0x8f4 CMakeFiles/lvipanel_firmware.dir/Core/Src/dma.c.obj
 .debug_macro   0x0000db7b       0x28 CMakeFiles/lvipanel_firmware.dir/Core/Src/dma.c.obj
 .debug_macro   0x0000dba3      0x56d CMakeFiles/lvipanel_firmware.dir/Core/Src/dma.c.obj
 .debug_macro   0x0000e110       0x3e CMakeFiles/lvipanel_firmware.dir/Core/Src/dma.c.obj
 .debug_macro   0x0000e14e       0xf1 CMakeFiles/lvipanel_firmware.dir/Core/Src/dma.c.obj
 .debug_macro   0x0000e23f       0x94 CMakeFiles/lvipanel_firmware.dir/Core/Src/dma.c.obj
 .debug_macro   0x0000e2d3      0x1da CMakeFiles/lvipanel_firmware.dir/Core/Src/gpio.c.obj
 .debug_macro   0x0000e4ad      0x1da CMakeFiles/lvipanel_firmware.dir/Core/Src/i2c.c.obj
 .debug_macro   0x0000e687      0x1ea CMakeFiles/lvipanel_firmware.dir/Core/Src/lights.c.obj
 .debug_macro   0x0000e871      0x387 CMakeFiles/lvipanel_firmware.dir/Core/Src/main.c.obj
 .debug_macro   0x0000ebf8      0x319 CMakeFiles/lvipanel_firmware.dir/Core/Src/peripherals.c.obj
 .debug_macro   0x0000ef11      0x1da CMakeFiles/lvipanel_firmware.dir/Core/Src/stm32f0xx_it.c.obj
 .debug_macro   0x0000f0eb       0xec CMakeFiles/lvipanel_firmware.dir/Core/Src/sysmem.c.obj
 .debug_macro   0x0000f1d7      0x23c CMakeFiles/lvipanel_firmware.dir/Core/Src/sysmem.c.obj
 .debug_macro   0x0000f413      0x1c1 CMakeFiles/lvipanel_firmware.dir/Core/Src/system_stm32f0xx.c.obj
 .debug_macro   0x0000f5d4      0x1da CMakeFiles/lvipanel_firmware.dir/Core/Src/tim.c.obj
 .debug_macro   0x0000f7ae      0x1d0 CMakeFiles/lvipanel_firmware.dir/Core/Src/timer.c.obj
 .debug_macro   0x0000f97e       0x10 CMakeFiles/lvipanel_firmware.dir/Core/Src/timer.c.obj
 .debug_macro   0x0000f98e      0x1da CMakeFiles/lvipanel_firmware.dir/Core/Src/usart.c.obj
 .debug_macro   0x0000fb68      0x28d CMakeFiles/lvipanel_firmware.dir/Drivers/STM32F0xx_HAL_Driver/Src/stm32f0xx_hal_i2c.c.obj
 .debug_macro   0x0000fdf5      0x1c1 CMakeFiles/lvipanel_firmware.dir/Drivers/STM32F0xx_HAL_Driver/Src/stm32f0xx_hal_i2c_ex.c.obj
 .debug_macro   0x0000ffb6      0x1d3 CMakeFiles/lvipanel_firmware.dir/Drivers/STM32F0xx_HAL_Driver/Src/stm32f0xx_hal_rcc.c.obj
 .debug_macro   0x00010189      0x1c1 CMakeFiles/lvipanel_firmware.dir/Drivers/STM32F0xx_HAL_Driver/Src/stm32f0xx_hal_rcc_ex.c.obj
 .debug_macro   0x0001034a      0x1e5 CMakeFiles/lvipanel_firmware.dir/Drivers/STM32F0xx_HAL_Driver/Src/stm32f0xx_hal.c.obj
 .debug_macro   0x0001052f      0x1c8 CMakeFiles/lvipanel_firmware.dir/Drivers/STM32F0xx_HAL_Driver/Src/stm32f0xx_hal_gpio.c.obj
 .debug_macro   0x000106f7      0x1c1 CMakeFiles/lvipanel_firmware.dir/Drivers/STM32F0xx_HAL_Driver/Src/stm32f0xx_hal_dma.c.obj
 .debug_macro   0x000108b8      0x1c1 CMakeFiles/lvipanel_firmware.dir/Drivers/STM32F0xx_HAL_Driver/Src/stm32f0xx_hal_cortex.c.obj
 .debug_macro   0x00010a79      0x1c2 CMakeFiles/lvipanel_firmware.dir/Drivers/STM32F0xx_HAL_Driver/Src/stm32f0xx_hal_tim.c.obj
 .debug_macro   0x00010c3b      0x1c1 CMakeFiles/lvipanel_firmware.dir/Drivers/STM32F0xx_HAL_Driver/Src/stm32f0xx_hal_tim_ex.c.obj
 .debug_macro   0x00010dfc      0x1de CMakeFiles/lvipanel_firmware.dir/Drivers/STM32F0xx_HAL_Driver/Src/stm32f0xx_hal_uart.c.obj

.debug_line     0x00000000    0x1638f
 .debug_line    0x00000000      0x738 CMakeFiles/lvipanel_firmware.dir/Core/Src/dma.c.obj
 .debug_line    0x00000738      0x75e CMakeFiles/lvipanel_firmware.dir/Core/Src/gpio.c.obj
 .debug_line    0x00000e96      0x804 CMakeFiles/lvipanel_firmware.dir/Core/Src/i2c.c.obj
 .debug_line    0x0000169a      0x807 CMakeFiles/lvipanel_firmware.dir/Core/Src/lights.c.obj
 .debug_line    0x00001ea1      0x9b3 CMakeFiles/lvipanel_firmware.dir/Core/Src/main.c.obj
 .debug_line    0x00002854      0xb8d CMakeFiles/lvipanel_firmware.dir/Core/Src/peripherals.c.obj
 .debug_line    0x000033e1      0x814 CMakeFiles/lvipanel_firmware.dir/Core/Src/stm32f0xx_it.c.obj
 .debug_line    0x00003bf5      0x34a CMakeFiles/lvipanel_firmware.dir/Core/Src/sysmem.c.obj
 .debug_line    0x00003f3f      0x7ac CMakeFiles/lvipanel_firmware.dir/Core/Src/system_stm32f0xx.c.obj
 .debug_line    0x000046eb      0x859 CMakeFiles/lvipanel_firmware.dir/Core/Src/tim.c.obj
 .debug_line    0x00004f44      0x7c7 CMakeFiles/lvipanel_firmware.dir/Core/Src/timer.c.obj
 .debug_line    0x0000570b      0x7ac CMakeFiles/lvipanel_firmware.dir/Core/Src/usart.c.obj
 .debug_line    0x00005eb7     0x3a71 CMakeFiles/lvipanel_firmware.dir/Drivers/STM32F0xx_HAL_Driver/Src/stm32f0xx_hal_i2c.c.obj
 .debug_line    0x00009928      0x878 CMakeFiles/lvipanel_firmware.dir/Drivers/STM32F0xx_HAL_Driver/Src/stm32f0xx_hal_i2c_ex.c.obj
 .debug_line    0x0000a1a0      0xd9c CMakeFiles/lvipanel_firmware.dir/Drivers/STM32F0xx_HAL_Driver/Src/stm32f0xx_hal_rcc.c.obj
 .debug_line    0x0000af3c      0x913 CMakeFiles/lvipanel_firmware.dir/Drivers/STM32F0xx_HAL_Driver/Src/stm32f0xx_hal_rcc_ex.c.obj
 .debug_line    0x0000b84f      0x9b7 CMakeFiles/lvipanel_firmware.dir/Drivers/STM32F0xx_HAL_Driver/Src/stm32f0xx_hal.c.obj
 .debug_line    0x0000c206      0xb50 CMakeFiles/lvipanel_firmware.dir/Drivers/STM32F0xx_HAL_Driver/Src/stm32f0xx_hal_gpio.c.obj
 .debug_line    0x0000cd56      0xcdb CMakeFiles/lvipanel_firmware.dir/Drivers/STM32F0xx_HAL_Driver/Src/stm32f0xx_hal_dma.c.obj
 .debug_line    0x0000da31      0xa63 CMakeFiles/lvipanel_firmware.dir/Drivers/STM32F0xx_HAL_Driver/Src/stm32f0xx_hal_cortex.c.obj
 .debug_line    0x0000e494     0x3674 CMakeFiles/lvipanel_firmware.dir/Drivers/STM32F0xx_HAL_Driver/Src/stm32f0xx_hal_tim.c.obj
 .debug_line    0x00011b08     0x18dd CMakeFiles/lvipanel_firmware.dir/Drivers/STM32F0xx_HAL_Driver/Src/stm32f0xx_hal_tim_ex.c.obj
 .debug_line    0x000133e5     0x2b91 CMakeFiles/lvipanel_firmware.dir/Drivers/STM32F0xx_HAL_Driver/Src/stm32f0xx_hal_uart.c.obj
 .debug_line    0x00015f76       0x7b CMakeFiles/lvipanel_firmware.dir/startup_stm32f030x6.s.obj
 .debug_line    0x00015ff1      0x210 C:/ST/STM32CubeCLT_1.16.0/GNU-tools-for-STM32/bin/../lib/gcc/arm-none-eabi/12.3.1/../../../../arm-none-eabi/lib/thumb/v6-m/nofp\libg_nano.a(libc_a-malloc.o)
 .debug_line    0x00016201      0x18e C:/ST/STM32CubeCLT_1.16.0/GNU-tools-for-STM32/bin/../lib/gcc/arm-none-eabi/12.3.1/../../../../arm-none-eabi/lib/thumb/v6-m/nofp\libg_nano.a(libc_a-errno.o)

.debug_str      0x00000000    0x66178
 .debug_str     0x00000000    0x5d28e CMakeFiles/lvipanel_firmware.dir/Core/Src/dma.c.obj
                              0x5d55b (size before relaxing)
 .debug_str     0x0005d28e      0x116 CMakeFiles/lvipanel_firmware.dir/Core/Src/gpio.c.obj
                              0x5d4a8 (size before relaxing)
 .debug_str     0x0005d3a4      0x51f CMakeFiles/lvipanel_firmware.dir/Core/Src/i2c.c.obj
                              0x5db8d (size before relaxing)
 .debug_str     0x0005d8c3      0x370 CMakeFiles/lvipanel_firmware.dir/Core/Src/lights.c.obj
                              0x5d943 (size before relaxing)
 .debug_str     0x0005dc33     0x3a98 CMakeFiles/lvipanel_firmware.dir/Core/Src/main.c.obj
                              0x61682 (size before relaxing)
 .debug_str     0x000616cb      0x4a7 CMakeFiles/lvipanel_firmware.dir/Core/Src/peripherals.c.obj
                              0x60f7a (size before relaxing)
 .debug_str     0x00061b72      0x132 CMakeFiles/lvipanel_firmware.dir/Core/Src/stm32f0xx_it.c.obj
                              0x5dc3d (size before relaxing)
 .debug_str     0x00061ca4      0x509 CMakeFiles/lvipanel_firmware.dir/Core/Src/sysmem.c.obj
                               0x59f0 (size before relaxing)
 .debug_str     0x000621ad       0xb8 CMakeFiles/lvipanel_firmware.dir/Core/Src/system_stm32f0xx.c.obj
                              0x5d18b (size before relaxing)
 .debug_str     0x00062265      0x217 CMakeFiles/lvipanel_firmware.dir/Core/Src/tim.c.obj
                              0x5dd05 (size before relaxing)
 .debug_str     0x0006247c       0x41 CMakeFiles/lvipanel_firmware.dir/Core/Src/timer.c.obj
                              0x5d19c (size before relaxing)
 .debug_str     0x000624bd      0x29c CMakeFiles/lvipanel_firmware.dir/Core/Src/usart.c.obj
                              0x5d930 (size before relaxing)
 .debug_str     0x00062759      0xe5c CMakeFiles/lvipanel_firmware.dir/Drivers/STM32F0xx_HAL_Driver/Src/stm32f0xx_hal_i2c.c.obj
                              0x5e4e9 (size before relaxing)
 .debug_str     0x000635b5       0xb5 CMakeFiles/lvipanel_firmware.dir/Drivers/STM32F0xx_HAL_Driver/Src/stm32f0xx_hal_i2c_ex.c.obj
                              0x5d6ba (size before relaxing)
 .debug_str     0x0006366a      0x26f CMakeFiles/lvipanel_firmware.dir/Drivers/STM32F0xx_HAL_Driver/Src/stm32f0xx_hal_rcc.c.obj
                              0x5d5c7 (size before relaxing)
 .debug_str     0x000638d9       0xc4 CMakeFiles/lvipanel_firmware.dir/Drivers/STM32F0xx_HAL_Driver/Src/stm32f0xx_hal_rcc_ex.c.obj
                              0x5d2d4 (size before relaxing)
 .debug_str     0x0006399d      0x37d CMakeFiles/lvipanel_firmware.dir/Drivers/STM32F0xx_HAL_Driver/Src/stm32f0xx_hal.c.obj
                              0x5d6ea (size before relaxing)
 .debug_str     0x00063d1a      0x113 CMakeFiles/lvipanel_firmware.dir/Drivers/STM32F0xx_HAL_Driver/Src/stm32f0xx_hal_gpio.c.obj
                              0x5d32c (size before relaxing)
 .debug_str     0x00063e2d      0x213 CMakeFiles/lvipanel_firmware.dir/Drivers/STM32F0xx_HAL_Driver/Src/stm32f0xx_hal_dma.c.obj
                              0x5d531 (size before relaxing)
 .debug_str     0x00064040      0x1c4 CMakeFiles/lvipanel_firmware.dir/Drivers/STM32F0xx_HAL_Driver/Src/stm32f0xx_hal_cortex.c.obj
                              0x5d4db (size before relaxing)
 .debug_str     0x00064204      0xd2f CMakeFiles/lvipanel_firmware.dir/Drivers/STM32F0xx_HAL_Driver/Src/stm32f0xx_hal_tim.c.obj
                              0x5e5a1 (size before relaxing)
 .debug_str     0x00064f33      0x4c0 CMakeFiles/lvipanel_firmware.dir/Drivers/STM32F0xx_HAL_Driver/Src/stm32f0xx_hal_tim_ex.c.obj
                              0x5ddad (size before relaxing)
 .debug_str     0x000653f3      0x860 CMakeFiles/lvipanel_firmware.dir/Drivers/STM32F0xx_HAL_Driver/Src/stm32f0xx_hal_uart.c.obj
                              0x5dea4 (size before relaxing)
 .debug_str     0x00065c53       0x62 CMakeFiles/lvipanel_firmware.dir/startup_stm32f030x6.s.obj
                                 0x9e (size before relaxing)
 .debug_str     0x00065cb5      0x46b C:/ST/STM32CubeCLT_1.16.0/GNU-tools-for-STM32/bin/../lib/gcc/arm-none-eabi/12.3.1/../../../../arm-none-eabi/lib/thumb/v6-m/nofp\libg_nano.a(libc_a-malloc.o)
                                0x54f (size before relaxing)
 .debug_str     0x00066120       0x58 C:/ST/STM32CubeCLT_1.16.0/GNU-tools-for-STM32/bin/../lib/gcc/arm-none-eabi/12.3.1/../../../../arm-none-eabi/lib/thumb/v6-m/nofp\libg_nano.a(libc_a-errno.o)
                                0x524 (size before relaxing)

.comment        0x00000000       0x43
 .comment       0x00000000       0x43 CMakeFiles/lvipanel_firmware.dir/Core/Src/dma.c.obj
                                 0x44 (size before relaxing)
 .comment       0x00000043       0x44 CMakeFiles/lvipanel_firmware.dir/Core/Src/gpio.c.obj
 .comment       0x00000043       0x44 CMakeFiles/lvipanel_firmware.dir/Core/Src/i2c.c.obj
 .comment       0x00000043       0x44 CMakeFiles/lvipanel_firmware.dir/Core/Src/lights.c.obj
 .comment       0x00000043       0x44 CMakeFiles/lvipanel_firmware.dir/Core/Src/main.c.obj
 .comment       0x00000043       0x44 CMakeFiles/lvipanel_firmware.dir/Core/Src/peripherals.c.obj
 .comment       0x00000043       0x44 CMakeFiles/lvipanel_firmware.dir/Core/Src/stm32f0xx_it.c.obj
 .comment       0x00000043       0x44 CMakeFiles/lvipanel_firmware.dir/Core/Src/sysmem.c.obj
 .comment       0x00000043       0x44 CMakeFiles/lvipanel_firmware.dir/Core/Src/system_stm32f0xx.c.obj
 .comment       0x00000043       0x44 CMakeFiles/lvipanel_firmware.dir/Core/Src/tim.c.obj
 .comment       0x00000043       0x44 CMakeFiles/lvipanel_firmware.dir/Core/Src/timer.c.obj
 .comment       0x00000043       0x44 CMakeFiles/lvipanel_firmware.dir/Core/Src/usart.c.obj
 .comment       0x00000043       0x44 CMakeFiles/lvipanel_firmware.dir/Drivers/STM32F0xx_HAL_Driver/Src/stm32f0xx_hal_i2c.c.obj
 .comment       0x00000043       0x44 CMakeFiles/lvipanel_firmware.dir/Drivers/STM32F0xx_HAL_Driver/Src/stm32f0xx_hal_i2c_ex.c.obj
 .comment       0x00000043       0x44 CMakeFiles/lvipanel_firmware.dir/Drivers/STM32F0xx_HAL_Driver/Src/stm32f0xx_hal_rcc.c.obj
 .comment       0x00000043       0x44 CMakeFiles/lvipanel_firmware.dir/Drivers/STM32F0xx_HAL_Driver/Src/stm32f0xx_hal_rcc_ex.c.obj
 .comment       0x00000043       0x44 CMakeFiles/lvipanel_firmware.dir/Drivers/STM32F0xx_HAL_Driver/Src/stm32f0xx_hal.c.obj
 .comment       0x00000043       0x44 CMakeFiles/lvipanel_firmware.dir/Drivers/STM32F0xx_HAL_Driver/Src/stm32f0xx_hal_gpio.c.obj
 .comment       0x00000043       0x44 CMakeFiles/lvipanel_firmware.dir/Drivers/STM32F0xx_HAL_Driver/Src/stm32f0xx_hal_dma.c.obj
 .comment       0x00000043       0x44 CMakeFiles/lvipanel_firmware.dir/Drivers/STM32F0xx_HAL_Driver/Src/stm32f0xx_hal_cortex.c.obj
 .comment       0x00000043       0x44 CMakeFiles/lvipanel_firmware.dir/Drivers/STM32F0xx_HAL_Driver/Src/stm32f0xx_hal_tim.c.obj
 .comment       0x00000043       0x44 CMakeFiles/lvipanel_firmware.dir/Drivers/STM32F0xx_HAL_Driver/Src/stm32f0xx_hal_tim_ex.c.obj
 .comment       0x00000043       0x44 CMakeFiles/lvipanel_firmware.dir/Drivers/STM32F0xx_HAL_Driver/Src/stm32f0xx_hal_uart.c.obj
 .comment       0x00000043       0x44 C:/ST/STM32CubeCLT_1.16.0/GNU-tools-for-STM32/bin/../lib/gcc/arm-none-eabi/12.3.1/../../../../arm-none-eabi/lib/thumb/v6-m/nofp\libg_nano.a(libc_a-malloc.o)
 .comment       0x00000043       0x44 C:/ST/STM32CubeCLT_1.16.0/GNU-tools-for-STM32/bin/../lib/gcc/arm-none-eabi/12.3.1/../../../../arm-none-eabi/lib/thumb/v6-m/nofp\libg_nano.a(libc_a-errno.o)

.debug_line_str
                0x00000000       0x82
 .debug_line_str
                0x00000000       0x82 CMakeFiles/lvipanel_firmware.dir/startup_stm32f030x6.s.obj

.debug_loclists
                0x00000000       0x48
 .debug_loclists
                0x00000000       0x48 C:/ST/STM32CubeCLT_1.16.0/GNU-tools-for-STM32/bin/../lib/gcc/arm-none-eabi/12.3.1/../../../../arm-none-eabi/lib/thumb/v6-m/nofp\libg_nano.a(libc_a-malloc.o)
